 hyd_hyb_2_opt_cont_test_new_sfun

 Timestamp is 4fe3ec3a (Fri Jun 22 08:23:30 2012)

 Preferred load address is 0000000180000000

 Start         Length     Name                   Class
 0001:00000000 000cdea4H .text                   CODE
 0001:000cdeb0 00000092H .text$x                 CODE
 0002:00000000 00000470H .idata$5                DATA
 0002:00000470 00000008H .CRT$XCA                DATA
 0002:00000478 00000008H .CRT$XCZ                DATA
 0002:00000480 00000008H .CRT$XIA                DATA
 0002:00000488 00000008H .CRT$XIAA               DATA
 0002:00000490 00000008H .CRT$XIZ                DATA
 0002:000004a0 00004d9cH .rdata                  DATA
 0002:00005240 00000008H .rtc$IAA                DATA
 0002:00005248 00000008H .rtc$IZZ                DATA
 0002:00005250 00000008H .rtc$TAA                DATA
 0002:00005258 00000008H .rtc$TZZ                DATA
 0002:00005260 00006f04H .xdata                  DATA
 0002:0000c164 000000a0H .idata$2                DATA
 0002:0000c204 00000014H .idata$3                DATA
 0002:0000c218 00000470H .idata$4                DATA
 0002:0000c688 00000a26H .idata$6                DATA
 0002:0000d0b0 00000066H .edata                  DATA
 0003:00000000 00019ec8H .data                   DATA
 0003:00019ee0 00002698H .bss                    DATA
 0004:00000000 00007314H .pdata                  DATA

  Address         Publics by Value              Rva+Base               Lib:Object

 0000:00000000       ___safe_se_handler_table   0000000000000000     <absolute>
 0000:00000000       ___safe_se_handler_count   0000000000000000     <absolute>
 0000:00000000       __ImageBase                0000000180000000     <linker-defined>
 0001:00000000       sf_c1_hyd_hyb_2_opt_cont_test_new_get_eml_resolved_functions_info 0000000180001000 f   c1_hyd_hyb_2_opt_cont_test_new.obj
 0001:00000080       sf_c1_hyd_hyb_2_opt_cont_test_new_get_check_sum 0000000180001080 f   c1_hyd_hyb_2_opt_cont_test_new.obj
 0001:00000100       sf_c1_hyd_hyb_2_opt_cont_test_new_get_autoinheritance_info 0000000180001100 f   c1_hyd_hyb_2_opt_cont_test_new.obj
 0001:000006d0       sf_internal_get_sim_state_c1_hyd_hyb_2_opt_cont_test_new 00000001800016d0 f   c1_hyd_hyb_2_opt_cont_test_new.obj
 0001:00000be0       sf_internal_set_sim_state_c1_hyd_hyb_2_opt_cont_test_new 0000000180001be0 f   c1_hyd_hyb_2_opt_cont_test_new.obj
 0001:00001540       c1_hyd_hyb_2_opt_cont_test_new_method_dispatcher 0000000180002540 f   c1_hyd_hyb_2_opt_cont_test_new.obj
 0001:00003f10       sf_c2_hyd_hyb_2_opt_cont_test_new_get_eml_resolved_functions_info 0000000180004f10 f   c2_hyd_hyb_2_opt_cont_test_new.obj
 0001:00003f90       sf_c2_hyd_hyb_2_opt_cont_test_new_get_check_sum 0000000180004f90 f   c2_hyd_hyb_2_opt_cont_test_new.obj
 0001:00004010       sf_c2_hyd_hyb_2_opt_cont_test_new_get_autoinheritance_info 0000000180005010 f   c2_hyd_hyb_2_opt_cont_test_new.obj
 0001:000051e0       sf_internal_get_sim_state_c2_hyd_hyb_2_opt_cont_test_new 00000001800061e0 f   c2_hyd_hyb_2_opt_cont_test_new.obj
 0001:00005710       sf_internal_set_sim_state_c2_hyd_hyb_2_opt_cont_test_new 0000000180006710 f   c2_hyd_hyb_2_opt_cont_test_new.obj
 0001:00006390       c2_hyd_hyb_2_opt_cont_test_new_method_dispatcher 0000000180007390 f   c2_hyd_hyb_2_opt_cont_test_new.obj
 0001:0000d970       sf_c3_hyd_hyb_2_opt_cont_test_new_get_eml_resolved_functions_info 000000018000e970 f   c3_hyd_hyb_2_opt_cont_test_new.obj
 0001:0000d9f0       sf_c3_hyd_hyb_2_opt_cont_test_new_get_check_sum 000000018000e9f0 f   c3_hyd_hyb_2_opt_cont_test_new.obj
 0001:0000da70       sf_c3_hyd_hyb_2_opt_cont_test_new_get_autoinheritance_info 000000018000ea70 f   c3_hyd_hyb_2_opt_cont_test_new.obj
 0001:0000e040       sf_internal_get_sim_state_c3_hyd_hyb_2_opt_cont_test_new 000000018000f040 f   c3_hyd_hyb_2_opt_cont_test_new.obj
 0001:0000e380       sf_internal_set_sim_state_c3_hyd_hyb_2_opt_cont_test_new 000000018000f380 f   c3_hyd_hyb_2_opt_cont_test_new.obj
 0001:0000e770       c3_hyd_hyb_2_opt_cont_test_new_method_dispatcher 000000018000f770 f   c3_hyd_hyb_2_opt_cont_test_new.obj
 0001:000109c0       sf_c4_hyd_hyb_2_opt_cont_test_new_get_eml_resolved_functions_info 00000001800119c0 f   c4_hyd_hyb_2_opt_cont_test_new.obj
 0001:00010a40       sf_c4_hyd_hyb_2_opt_cont_test_new_get_check_sum 0000000180011a40 f   c4_hyd_hyb_2_opt_cont_test_new.obj
 0001:00010ac0       sf_c4_hyd_hyb_2_opt_cont_test_new_get_autoinheritance_info 0000000180011ac0 f   c4_hyd_hyb_2_opt_cont_test_new.obj
 0001:00011090       sf_internal_get_sim_state_c4_hyd_hyb_2_opt_cont_test_new 0000000180012090 f   c4_hyd_hyb_2_opt_cont_test_new.obj
 0001:00011460       sf_internal_set_sim_state_c4_hyd_hyb_2_opt_cont_test_new 0000000180012460 f   c4_hyd_hyb_2_opt_cont_test_new.obj
 0001:00011c70       c4_hyd_hyb_2_opt_cont_test_new_method_dispatcher 0000000180012c70 f   c4_hyd_hyb_2_opt_cont_test_new.obj
 0001:00014290       sf_c5_hyd_hyb_2_opt_cont_test_new_get_eml_resolved_functions_info 0000000180015290 f   c5_hyd_hyb_2_opt_cont_test_new.obj
 0001:00014310       sf_c5_hyd_hyb_2_opt_cont_test_new_get_check_sum 0000000180015310 f   c5_hyd_hyb_2_opt_cont_test_new.obj
 0001:00014390       sf_c5_hyd_hyb_2_opt_cont_test_new_get_autoinheritance_info 0000000180015390 f   c5_hyd_hyb_2_opt_cont_test_new.obj
 0001:00014960       sf_internal_get_sim_state_c5_hyd_hyb_2_opt_cont_test_new 0000000180015960 f   c5_hyd_hyb_2_opt_cont_test_new.obj
 0001:00014ca0       sf_internal_set_sim_state_c5_hyd_hyb_2_opt_cont_test_new 0000000180015ca0 f   c5_hyd_hyb_2_opt_cont_test_new.obj
 0001:00015090       c5_hyd_hyb_2_opt_cont_test_new_method_dispatcher 0000000180016090 f   c5_hyd_hyb_2_opt_cont_test_new.obj
 0001:00017310       sf_c6_hyd_hyb_2_opt_cont_test_new_get_eml_resolved_functions_info 0000000180018310 f   c6_hyd_hyb_2_opt_cont_test_new.obj
 0001:00017390       sf_c6_hyd_hyb_2_opt_cont_test_new_get_check_sum 0000000180018390 f   c6_hyd_hyb_2_opt_cont_test_new.obj
 0001:00017410       sf_c6_hyd_hyb_2_opt_cont_test_new_get_autoinheritance_info 0000000180018410 f   c6_hyd_hyb_2_opt_cont_test_new.obj
 0001:000179e0       sf_internal_get_sim_state_c6_hyd_hyb_2_opt_cont_test_new 00000001800189e0 f   c6_hyd_hyb_2_opt_cont_test_new.obj
 0001:00017d20       sf_internal_set_sim_state_c6_hyd_hyb_2_opt_cont_test_new 0000000180018d20 f   c6_hyd_hyb_2_opt_cont_test_new.obj
 0001:00018110       c6_hyd_hyb_2_opt_cont_test_new_method_dispatcher 0000000180019110 f   c6_hyd_hyb_2_opt_cont_test_new.obj
 0001:0001a370       sf_c7_hyd_hyb_2_opt_cont_test_new_get_eml_resolved_functions_info 000000018001b370 f   c7_hyd_hyb_2_opt_cont_test_new.obj
 0001:0001a3f0       sf_c7_hyd_hyb_2_opt_cont_test_new_get_check_sum 000000018001b3f0 f   c7_hyd_hyb_2_opt_cont_test_new.obj
 0001:0001a470       sf_c7_hyd_hyb_2_opt_cont_test_new_get_autoinheritance_info 000000018001b470 f   c7_hyd_hyb_2_opt_cont_test_new.obj
 0001:0001aa40       sf_internal_get_sim_state_c7_hyd_hyb_2_opt_cont_test_new 000000018001ba40 f   c7_hyd_hyb_2_opt_cont_test_new.obj
 0001:0001ad80       sf_internal_set_sim_state_c7_hyd_hyb_2_opt_cont_test_new 000000018001bd80 f   c7_hyd_hyb_2_opt_cont_test_new.obj
 0001:0001b170       c7_hyd_hyb_2_opt_cont_test_new_method_dispatcher 000000018001c170 f   c7_hyd_hyb_2_opt_cont_test_new.obj
 0001:0001d3f0       sf_c8_hyd_hyb_2_opt_cont_test_new_get_eml_resolved_functions_info 000000018001e3f0 f   c8_hyd_hyb_2_opt_cont_test_new.obj
 0001:0001d470       sf_c8_hyd_hyb_2_opt_cont_test_new_get_check_sum 000000018001e470 f   c8_hyd_hyb_2_opt_cont_test_new.obj
 0001:0001d4f0       sf_c8_hyd_hyb_2_opt_cont_test_new_get_autoinheritance_info 000000018001e4f0 f   c8_hyd_hyb_2_opt_cont_test_new.obj
 0001:0001dac0       sf_internal_get_sim_state_c8_hyd_hyb_2_opt_cont_test_new 000000018001eac0 f   c8_hyd_hyb_2_opt_cont_test_new.obj
 0001:0001de00       sf_internal_set_sim_state_c8_hyd_hyb_2_opt_cont_test_new 000000018001ee00 f   c8_hyd_hyb_2_opt_cont_test_new.obj
 0001:0001e1f0       c8_hyd_hyb_2_opt_cont_test_new_method_dispatcher 000000018001f1f0 f   c8_hyd_hyb_2_opt_cont_test_new.obj
 0001:00020460       sf_c9_hyd_hyb_2_opt_cont_test_new_get_eml_resolved_functions_info 0000000180021460 f   c9_hyd_hyb_2_opt_cont_test_new.obj
 0001:000204e0       sf_c9_hyd_hyb_2_opt_cont_test_new_get_check_sum 00000001800214e0 f   c9_hyd_hyb_2_opt_cont_test_new.obj
 0001:00020560       sf_c9_hyd_hyb_2_opt_cont_test_new_get_autoinheritance_info 0000000180021560 f   c9_hyd_hyb_2_opt_cont_test_new.obj
 0001:00020b30       sf_internal_get_sim_state_c9_hyd_hyb_2_opt_cont_test_new 0000000180021b30 f   c9_hyd_hyb_2_opt_cont_test_new.obj
 0001:00020e80       sf_internal_set_sim_state_c9_hyd_hyb_2_opt_cont_test_new 0000000180021e80 f   c9_hyd_hyb_2_opt_cont_test_new.obj
 0001:00021270       c9_hyd_hyb_2_opt_cont_test_new_method_dispatcher 0000000180022270 f   c9_hyd_hyb_2_opt_cont_test_new.obj
 0001:00023510       sf_c10_hyd_hyb_2_opt_cont_test_new_get_eml_resolved_functions_info 0000000180024510 f   c10_hyd_hyb_2_opt_cont_test_new.obj
 0001:00023590       sf_c10_hyd_hyb_2_opt_cont_test_new_get_check_sum 0000000180024590 f   c10_hyd_hyb_2_opt_cont_test_new.obj
 0001:00023610       sf_c10_hyd_hyb_2_opt_cont_test_new_get_autoinheritance_info 0000000180024610 f   c10_hyd_hyb_2_opt_cont_test_new.obj
 0001:00023be0       sf_internal_get_sim_state_c10_hyd_hyb_2_opt_cont_test_new 0000000180024be0 f   c10_hyd_hyb_2_opt_cont_test_new.obj
 0001:00023f20       sf_internal_set_sim_state_c10_hyd_hyb_2_opt_cont_test_new 0000000180024f20 f   c10_hyd_hyb_2_opt_cont_test_new.obj
 0001:00024310       c10_hyd_hyb_2_opt_cont_test_new_method_dispatcher 0000000180025310 f   c10_hyd_hyb_2_opt_cont_test_new.obj
 0001:000265b0       sf_c11_hyd_hyb_2_opt_cont_test_new_get_eml_resolved_functions_info 00000001800275b0 f   c11_hyd_hyb_2_opt_cont_test_new.obj
 0001:00026630       sf_c11_hyd_hyb_2_opt_cont_test_new_get_check_sum 0000000180027630 f   c11_hyd_hyb_2_opt_cont_test_new.obj
 0001:000266b0       sf_c11_hyd_hyb_2_opt_cont_test_new_get_autoinheritance_info 00000001800276b0 f   c11_hyd_hyb_2_opt_cont_test_new.obj
 0001:00026c80       sf_internal_get_sim_state_c11_hyd_hyb_2_opt_cont_test_new 0000000180027c80 f   c11_hyd_hyb_2_opt_cont_test_new.obj
 0001:00026fc0       sf_internal_set_sim_state_c11_hyd_hyb_2_opt_cont_test_new 0000000180027fc0 f   c11_hyd_hyb_2_opt_cont_test_new.obj
 0001:000273b0       c11_hyd_hyb_2_opt_cont_test_new_method_dispatcher 00000001800283b0 f   c11_hyd_hyb_2_opt_cont_test_new.obj
 0001:00029610       sf_c12_hyd_hyb_2_opt_cont_test_new_get_eml_resolved_functions_info 000000018002a610 f   c12_hyd_hyb_2_opt_cont_test_new.obj
 0001:00029690       sf_c12_hyd_hyb_2_opt_cont_test_new_get_check_sum 000000018002a690 f   c12_hyd_hyb_2_opt_cont_test_new.obj
 0001:00029710       sf_c12_hyd_hyb_2_opt_cont_test_new_get_autoinheritance_info 000000018002a710 f   c12_hyd_hyb_2_opt_cont_test_new.obj
 0001:00029ce0       sf_internal_get_sim_state_c12_hyd_hyb_2_opt_cont_test_new 000000018002ace0 f   c12_hyd_hyb_2_opt_cont_test_new.obj
 0001:0002a020       sf_internal_set_sim_state_c12_hyd_hyb_2_opt_cont_test_new 000000018002b020 f   c12_hyd_hyb_2_opt_cont_test_new.obj
 0001:0002a410       c12_hyd_hyb_2_opt_cont_test_new_method_dispatcher 000000018002b410 f   c12_hyd_hyb_2_opt_cont_test_new.obj
 0001:0002c690       sf_c13_hyd_hyb_2_opt_cont_test_new_get_eml_resolved_functions_info 000000018002d690 f   c13_hyd_hyb_2_opt_cont_test_new.obj
 0001:0002c710       sf_c13_hyd_hyb_2_opt_cont_test_new_get_check_sum 000000018002d710 f   c13_hyd_hyb_2_opt_cont_test_new.obj
 0001:0002c790       sf_c13_hyd_hyb_2_opt_cont_test_new_get_autoinheritance_info 000000018002d790 f   c13_hyd_hyb_2_opt_cont_test_new.obj
 0001:0002cd60       sf_internal_get_sim_state_c13_hyd_hyb_2_opt_cont_test_new 000000018002dd60 f   c13_hyd_hyb_2_opt_cont_test_new.obj
 0001:0002d0a0       sf_internal_set_sim_state_c13_hyd_hyb_2_opt_cont_test_new 000000018002e0a0 f   c13_hyd_hyb_2_opt_cont_test_new.obj
 0001:0002d490       c13_hyd_hyb_2_opt_cont_test_new_method_dispatcher 000000018002e490 f   c13_hyd_hyb_2_opt_cont_test_new.obj
 0001:0002f710       sf_c14_hyd_hyb_2_opt_cont_test_new_get_eml_resolved_functions_info 0000000180030710 f   c14_hyd_hyb_2_opt_cont_test_new.obj
 0001:0002f790       sf_c14_hyd_hyb_2_opt_cont_test_new_get_check_sum 0000000180030790 f   c14_hyd_hyb_2_opt_cont_test_new.obj
 0001:0002f810       sf_c14_hyd_hyb_2_opt_cont_test_new_get_autoinheritance_info 0000000180030810 f   c14_hyd_hyb_2_opt_cont_test_new.obj
 0001:0002fde0       sf_internal_get_sim_state_c14_hyd_hyb_2_opt_cont_test_new 0000000180030de0 f   c14_hyd_hyb_2_opt_cont_test_new.obj
 0001:00030120       sf_internal_set_sim_state_c14_hyd_hyb_2_opt_cont_test_new 0000000180031120 f   c14_hyd_hyb_2_opt_cont_test_new.obj
 0001:00030510       c14_hyd_hyb_2_opt_cont_test_new_method_dispatcher 0000000180031510 f   c14_hyd_hyb_2_opt_cont_test_new.obj
 0001:00032770       sf_c15_hyd_hyb_2_opt_cont_test_new_get_eml_resolved_functions_info 0000000180033770 f   c15_hyd_hyb_2_opt_cont_test_new.obj
 0001:000327f0       sf_c15_hyd_hyb_2_opt_cont_test_new_get_check_sum 00000001800337f0 f   c15_hyd_hyb_2_opt_cont_test_new.obj
 0001:00032870       sf_c15_hyd_hyb_2_opt_cont_test_new_get_autoinheritance_info 0000000180033870 f   c15_hyd_hyb_2_opt_cont_test_new.obj
 0001:00032e40       sf_internal_get_sim_state_c15_hyd_hyb_2_opt_cont_test_new 0000000180033e40 f   c15_hyd_hyb_2_opt_cont_test_new.obj
 0001:00033180       sf_internal_set_sim_state_c15_hyd_hyb_2_opt_cont_test_new 0000000180034180 f   c15_hyd_hyb_2_opt_cont_test_new.obj
 0001:00033570       c15_hyd_hyb_2_opt_cont_test_new_method_dispatcher 0000000180034570 f   c15_hyd_hyb_2_opt_cont_test_new.obj
 0001:000357a0       sf_c16_hyd_hyb_2_opt_cont_test_new_get_eml_resolved_functions_info 00000001800367a0 f   c16_hyd_hyb_2_opt_cont_test_new.obj
 0001:00035820       sf_c16_hyd_hyb_2_opt_cont_test_new_get_check_sum 0000000180036820 f   c16_hyd_hyb_2_opt_cont_test_new.obj
 0001:000358a0       sf_c16_hyd_hyb_2_opt_cont_test_new_get_autoinheritance_info 00000001800368a0 f   c16_hyd_hyb_2_opt_cont_test_new.obj
 0001:00035e70       sf_internal_get_sim_state_c16_hyd_hyb_2_opt_cont_test_new 0000000180036e70 f   c16_hyd_hyb_2_opt_cont_test_new.obj
 0001:000361b0       sf_internal_set_sim_state_c16_hyd_hyb_2_opt_cont_test_new 00000001800371b0 f   c16_hyd_hyb_2_opt_cont_test_new.obj
 0001:000365a0       c16_hyd_hyb_2_opt_cont_test_new_method_dispatcher 00000001800375a0 f   c16_hyd_hyb_2_opt_cont_test_new.obj
 0001:00038820       sf_c17_hyd_hyb_2_opt_cont_test_new_get_eml_resolved_functions_info 0000000180039820 f   c17_hyd_hyb_2_opt_cont_test_new.obj
 0001:000388a0       sf_c17_hyd_hyb_2_opt_cont_test_new_get_check_sum 00000001800398a0 f   c17_hyd_hyb_2_opt_cont_test_new.obj
 0001:00038920       sf_c17_hyd_hyb_2_opt_cont_test_new_get_autoinheritance_info 0000000180039920 f   c17_hyd_hyb_2_opt_cont_test_new.obj
 0001:00038ef0       sf_internal_get_sim_state_c17_hyd_hyb_2_opt_cont_test_new 0000000180039ef0 f   c17_hyd_hyb_2_opt_cont_test_new.obj
 0001:00039230       sf_internal_set_sim_state_c17_hyd_hyb_2_opt_cont_test_new 000000018003a230 f   c17_hyd_hyb_2_opt_cont_test_new.obj
 0001:00039620       c17_hyd_hyb_2_opt_cont_test_new_method_dispatcher 000000018003a620 f   c17_hyd_hyb_2_opt_cont_test_new.obj
 0001:0003b850       sf_c18_hyd_hyb_2_opt_cont_test_new_get_eml_resolved_functions_info 000000018003c850 f   c18_hyd_hyb_2_opt_cont_test_new.obj
 0001:0003b8d0       sf_c18_hyd_hyb_2_opt_cont_test_new_get_check_sum 000000018003c8d0 f   c18_hyd_hyb_2_opt_cont_test_new.obj
 0001:0003b950       sf_c18_hyd_hyb_2_opt_cont_test_new_get_autoinheritance_info 000000018003c950 f   c18_hyd_hyb_2_opt_cont_test_new.obj
 0001:0003bf20       sf_internal_get_sim_state_c18_hyd_hyb_2_opt_cont_test_new 000000018003cf20 f   c18_hyd_hyb_2_opt_cont_test_new.obj
 0001:0003c260       sf_internal_set_sim_state_c18_hyd_hyb_2_opt_cont_test_new 000000018003d260 f   c18_hyd_hyb_2_opt_cont_test_new.obj
 0001:0003c650       c18_hyd_hyb_2_opt_cont_test_new_method_dispatcher 000000018003d650 f   c18_hyd_hyb_2_opt_cont_test_new.obj
 0001:0003e8b0       sf_c19_hyd_hyb_2_opt_cont_test_new_get_eml_resolved_functions_info 000000018003f8b0 f   c19_hyd_hyb_2_opt_cont_test_new.obj
 0001:0003e930       sf_c19_hyd_hyb_2_opt_cont_test_new_get_check_sum 000000018003f930 f   c19_hyd_hyb_2_opt_cont_test_new.obj
 0001:0003e9b0       sf_c19_hyd_hyb_2_opt_cont_test_new_get_autoinheritance_info 000000018003f9b0 f   c19_hyd_hyb_2_opt_cont_test_new.obj
 0001:0003ef80       sf_internal_get_sim_state_c19_hyd_hyb_2_opt_cont_test_new 000000018003ff80 f   c19_hyd_hyb_2_opt_cont_test_new.obj
 0001:0003f2c0       sf_internal_set_sim_state_c19_hyd_hyb_2_opt_cont_test_new 00000001800402c0 f   c19_hyd_hyb_2_opt_cont_test_new.obj
 0001:0003f6b0       c19_hyd_hyb_2_opt_cont_test_new_method_dispatcher 00000001800406b0 f   c19_hyd_hyb_2_opt_cont_test_new.obj
 0001:00041900       sf_c20_hyd_hyb_2_opt_cont_test_new_get_eml_resolved_functions_info 0000000180042900 f   c20_hyd_hyb_2_opt_cont_test_new.obj
 0001:00041980       sf_c20_hyd_hyb_2_opt_cont_test_new_get_check_sum 0000000180042980 f   c20_hyd_hyb_2_opt_cont_test_new.obj
 0001:00041a00       sf_c20_hyd_hyb_2_opt_cont_test_new_get_autoinheritance_info 0000000180042a00 f   c20_hyd_hyb_2_opt_cont_test_new.obj
 0001:00041fd0       sf_internal_get_sim_state_c20_hyd_hyb_2_opt_cont_test_new 0000000180042fd0 f   c20_hyd_hyb_2_opt_cont_test_new.obj
 0001:00042310       sf_internal_set_sim_state_c20_hyd_hyb_2_opt_cont_test_new 0000000180043310 f   c20_hyd_hyb_2_opt_cont_test_new.obj
 0001:00042700       c20_hyd_hyb_2_opt_cont_test_new_method_dispatcher 0000000180043700 f   c20_hyd_hyb_2_opt_cont_test_new.obj
 0001:00044980       sf_c21_hyd_hyb_2_opt_cont_test_new_get_eml_resolved_functions_info 0000000180045980 f   c21_hyd_hyb_2_opt_cont_test_new.obj
 0001:00044a00       sf_c21_hyd_hyb_2_opt_cont_test_new_get_check_sum 0000000180045a00 f   c21_hyd_hyb_2_opt_cont_test_new.obj
 0001:00044a80       sf_c21_hyd_hyb_2_opt_cont_test_new_get_autoinheritance_info 0000000180045a80 f   c21_hyd_hyb_2_opt_cont_test_new.obj
 0001:00045050       sf_internal_get_sim_state_c21_hyd_hyb_2_opt_cont_test_new 0000000180046050 f   c21_hyd_hyb_2_opt_cont_test_new.obj
 0001:00045390       sf_internal_set_sim_state_c21_hyd_hyb_2_opt_cont_test_new 0000000180046390 f   c21_hyd_hyb_2_opt_cont_test_new.obj
 0001:00045780       c21_hyd_hyb_2_opt_cont_test_new_method_dispatcher 0000000180046780 f   c21_hyd_hyb_2_opt_cont_test_new.obj
 0001:000479f0       sf_c22_hyd_hyb_2_opt_cont_test_new_get_eml_resolved_functions_info 00000001800489f0 f   c22_hyd_hyb_2_opt_cont_test_new.obj
 0001:00047a70       sf_c22_hyd_hyb_2_opt_cont_test_new_get_check_sum 0000000180048a70 f   c22_hyd_hyb_2_opt_cont_test_new.obj
 0001:00047af0       sf_c22_hyd_hyb_2_opt_cont_test_new_get_autoinheritance_info 0000000180048af0 f   c22_hyd_hyb_2_opt_cont_test_new.obj
 0001:000480c0       sf_internal_get_sim_state_c22_hyd_hyb_2_opt_cont_test_new 00000001800490c0 f   c22_hyd_hyb_2_opt_cont_test_new.obj
 0001:00048400       sf_internal_set_sim_state_c22_hyd_hyb_2_opt_cont_test_new 0000000180049400 f   c22_hyd_hyb_2_opt_cont_test_new.obj
 0001:000487f0       c22_hyd_hyb_2_opt_cont_test_new_method_dispatcher 00000001800497f0 f   c22_hyd_hyb_2_opt_cont_test_new.obj
 0001:0004aa90       sf_c23_hyd_hyb_2_opt_cont_test_new_get_eml_resolved_functions_info 000000018004ba90 f   c23_hyd_hyb_2_opt_cont_test_new.obj
 0001:0004ab10       sf_c23_hyd_hyb_2_opt_cont_test_new_get_check_sum 000000018004bb10 f   c23_hyd_hyb_2_opt_cont_test_new.obj
 0001:0004ab90       sf_c23_hyd_hyb_2_opt_cont_test_new_get_autoinheritance_info 000000018004bb90 f   c23_hyd_hyb_2_opt_cont_test_new.obj
 0001:0004b160       sf_internal_get_sim_state_c23_hyd_hyb_2_opt_cont_test_new 000000018004c160 f   c23_hyd_hyb_2_opt_cont_test_new.obj
 0001:0004b4a0       sf_internal_set_sim_state_c23_hyd_hyb_2_opt_cont_test_new 000000018004c4a0 f   c23_hyd_hyb_2_opt_cont_test_new.obj
 0001:0004b890       c23_hyd_hyb_2_opt_cont_test_new_method_dispatcher 000000018004c890 f   c23_hyd_hyb_2_opt_cont_test_new.obj
 0001:0004db00       sf_c24_hyd_hyb_2_opt_cont_test_new_get_eml_resolved_functions_info 000000018004eb00 f   c24_hyd_hyb_2_opt_cont_test_new.obj
 0001:0004e360       sf_c24_hyd_hyb_2_opt_cont_test_new_get_check_sum 000000018004f360 f   c24_hyd_hyb_2_opt_cont_test_new.obj
 0001:0004e3e0       sf_c24_hyd_hyb_2_opt_cont_test_new_get_autoinheritance_info 000000018004f3e0 f   c24_hyd_hyb_2_opt_cont_test_new.obj
 0001:0004ec40       sf_internal_get_sim_state_c24_hyd_hyb_2_opt_cont_test_new 000000018004fc40 f   c24_hyd_hyb_2_opt_cont_test_new.obj
 0001:0004f040       sf_internal_set_sim_state_c24_hyd_hyb_2_opt_cont_test_new 0000000180050040 f   c24_hyd_hyb_2_opt_cont_test_new.obj
 0001:0004f480       c24_hyd_hyb_2_opt_cont_test_new_method_dispatcher 0000000180050480 f   c24_hyd_hyb_2_opt_cont_test_new.obj
 0001:000513b0       sf_c25_hyd_hyb_2_opt_cont_test_new_get_eml_resolved_functions_info 00000001800523b0 f   c25_hyd_hyb_2_opt_cont_test_new.obj
 0001:00051a90       sf_c25_hyd_hyb_2_opt_cont_test_new_get_check_sum 0000000180052a90 f   c25_hyd_hyb_2_opt_cont_test_new.obj
 0001:00051b10       sf_c25_hyd_hyb_2_opt_cont_test_new_get_autoinheritance_info 0000000180052b10 f   c25_hyd_hyb_2_opt_cont_test_new.obj
 0001:000520f0       sf_internal_get_sim_state_c25_hyd_hyb_2_opt_cont_test_new 00000001800530f0 f   c25_hyd_hyb_2_opt_cont_test_new.obj
 0001:00052500       sf_internal_set_sim_state_c25_hyd_hyb_2_opt_cont_test_new 0000000180053500 f   c25_hyd_hyb_2_opt_cont_test_new.obj
 0001:00052940       c25_hyd_hyb_2_opt_cont_test_new_method_dispatcher 0000000180053940 f   c25_hyd_hyb_2_opt_cont_test_new.obj
 0001:00054580       sf_c26_hyd_hyb_2_opt_cont_test_new_get_eml_resolved_functions_info 0000000180055580 f   c26_hyd_hyb_2_opt_cont_test_new.obj
 0001:00054be0       sf_c26_hyd_hyb_2_opt_cont_test_new_get_check_sum 0000000180055be0 f   c26_hyd_hyb_2_opt_cont_test_new.obj
 0001:00054c60       sf_c26_hyd_hyb_2_opt_cont_test_new_get_autoinheritance_info 0000000180055c60 f   c26_hyd_hyb_2_opt_cont_test_new.obj
 0001:00055240       sf_internal_get_sim_state_c26_hyd_hyb_2_opt_cont_test_new 0000000180056240 f   c26_hyd_hyb_2_opt_cont_test_new.obj
 0001:00055640       sf_internal_set_sim_state_c26_hyd_hyb_2_opt_cont_test_new 0000000180056640 f   c26_hyd_hyb_2_opt_cont_test_new.obj
 0001:00055a80       c26_hyd_hyb_2_opt_cont_test_new_method_dispatcher 0000000180056a80 f   c26_hyd_hyb_2_opt_cont_test_new.obj
 0001:000576b0       sf_c27_hyd_hyb_2_opt_cont_test_new_get_eml_resolved_functions_info 00000001800586b0 f   c27_hyd_hyb_2_opt_cont_test_new.obj
 0001:00057d70       sf_c27_hyd_hyb_2_opt_cont_test_new_get_check_sum 0000000180058d70 f   c27_hyd_hyb_2_opt_cont_test_new.obj
 0001:00057df0       sf_c27_hyd_hyb_2_opt_cont_test_new_get_autoinheritance_info 0000000180058df0 f   c27_hyd_hyb_2_opt_cont_test_new.obj
 0001:000583d0       sf_internal_get_sim_state_c27_hyd_hyb_2_opt_cont_test_new 00000001800593d0 f   c27_hyd_hyb_2_opt_cont_test_new.obj
 0001:000587d0       sf_internal_set_sim_state_c27_hyd_hyb_2_opt_cont_test_new 00000001800597d0 f   c27_hyd_hyb_2_opt_cont_test_new.obj
 0001:00058c10       c27_hyd_hyb_2_opt_cont_test_new_method_dispatcher 0000000180059c10 f   c27_hyd_hyb_2_opt_cont_test_new.obj
 0001:0005a840       sf_c28_hyd_hyb_2_opt_cont_test_new_get_eml_resolved_functions_info 000000018005b840 f   c28_hyd_hyb_2_opt_cont_test_new.obj
 0001:0005a8c0       sf_c28_hyd_hyb_2_opt_cont_test_new_get_check_sum 000000018005b8c0 f   c28_hyd_hyb_2_opt_cont_test_new.obj
 0001:0005a940       sf_c28_hyd_hyb_2_opt_cont_test_new_get_autoinheritance_info 000000018005b940 f   c28_hyd_hyb_2_opt_cont_test_new.obj
 0001:0005af10       sf_internal_get_sim_state_c28_hyd_hyb_2_opt_cont_test_new 000000018005bf10 f   c28_hyd_hyb_2_opt_cont_test_new.obj
 0001:0005b250       sf_internal_set_sim_state_c28_hyd_hyb_2_opt_cont_test_new 000000018005c250 f   c28_hyd_hyb_2_opt_cont_test_new.obj
 0001:0005b640       c28_hyd_hyb_2_opt_cont_test_new_method_dispatcher 000000018005c640 f   c28_hyd_hyb_2_opt_cont_test_new.obj
 0001:0005d890       sf_c29_hyd_hyb_2_opt_cont_test_new_get_eml_resolved_functions_info 000000018005e890 f   c29_hyd_hyb_2_opt_cont_test_new.obj
 0001:0005d910       sf_c29_hyd_hyb_2_opt_cont_test_new_get_check_sum 000000018005e910 f   c29_hyd_hyb_2_opt_cont_test_new.obj
 0001:0005d990       sf_c29_hyd_hyb_2_opt_cont_test_new_get_autoinheritance_info 000000018005e990 f   c29_hyd_hyb_2_opt_cont_test_new.obj
 0001:0005df60       sf_internal_get_sim_state_c29_hyd_hyb_2_opt_cont_test_new 000000018005ef60 f   c29_hyd_hyb_2_opt_cont_test_new.obj
 0001:0005e2a0       sf_internal_set_sim_state_c29_hyd_hyb_2_opt_cont_test_new 000000018005f2a0 f   c29_hyd_hyb_2_opt_cont_test_new.obj
 0001:0005e690       c29_hyd_hyb_2_opt_cont_test_new_method_dispatcher 000000018005f690 f   c29_hyd_hyb_2_opt_cont_test_new.obj
 0001:00060920       sf_c30_hyd_hyb_2_opt_cont_test_new_get_eml_resolved_functions_info 0000000180061920 f   c30_hyd_hyb_2_opt_cont_test_new.obj
 0001:000609a0       sf_c30_hyd_hyb_2_opt_cont_test_new_get_check_sum 00000001800619a0 f   c30_hyd_hyb_2_opt_cont_test_new.obj
 0001:00060a20       sf_c30_hyd_hyb_2_opt_cont_test_new_get_autoinheritance_info 0000000180061a20 f   c30_hyd_hyb_2_opt_cont_test_new.obj
 0001:00060ff0       sf_internal_get_sim_state_c30_hyd_hyb_2_opt_cont_test_new 0000000180061ff0 f   c30_hyd_hyb_2_opt_cont_test_new.obj
 0001:00061330       sf_internal_set_sim_state_c30_hyd_hyb_2_opt_cont_test_new 0000000180062330 f   c30_hyd_hyb_2_opt_cont_test_new.obj
 0001:00061720       c30_hyd_hyb_2_opt_cont_test_new_method_dispatcher 0000000180062720 f   c30_hyd_hyb_2_opt_cont_test_new.obj
 0001:00063990       sf_c31_hyd_hyb_2_opt_cont_test_new_get_eml_resolved_functions_info 0000000180064990 f   c31_hyd_hyb_2_opt_cont_test_new.obj
 0001:00063a10       sf_c31_hyd_hyb_2_opt_cont_test_new_get_check_sum 0000000180064a10 f   c31_hyd_hyb_2_opt_cont_test_new.obj
 0001:00063a90       sf_c31_hyd_hyb_2_opt_cont_test_new_get_autoinheritance_info 0000000180064a90 f   c31_hyd_hyb_2_opt_cont_test_new.obj
 0001:00064060       sf_internal_get_sim_state_c31_hyd_hyb_2_opt_cont_test_new 0000000180065060 f   c31_hyd_hyb_2_opt_cont_test_new.obj
 0001:000643a0       sf_internal_set_sim_state_c31_hyd_hyb_2_opt_cont_test_new 00000001800653a0 f   c31_hyd_hyb_2_opt_cont_test_new.obj
 0001:00064790       c31_hyd_hyb_2_opt_cont_test_new_method_dispatcher 0000000180065790 f   c31_hyd_hyb_2_opt_cont_test_new.obj
 0001:000669d0       sf_c32_hyd_hyb_2_opt_cont_test_new_get_eml_resolved_functions_info 00000001800679d0 f   c32_hyd_hyb_2_opt_cont_test_new.obj
 0001:00067010       sf_c32_hyd_hyb_2_opt_cont_test_new_get_check_sum 0000000180068010 f   c32_hyd_hyb_2_opt_cont_test_new.obj
 0001:00067090       sf_c32_hyd_hyb_2_opt_cont_test_new_get_autoinheritance_info 0000000180068090 f   c32_hyd_hyb_2_opt_cont_test_new.obj
 0001:00067670       sf_internal_get_sim_state_c32_hyd_hyb_2_opt_cont_test_new 0000000180068670 f   c32_hyd_hyb_2_opt_cont_test_new.obj
 0001:00067a70       sf_internal_set_sim_state_c32_hyd_hyb_2_opt_cont_test_new 0000000180068a70 f   c32_hyd_hyb_2_opt_cont_test_new.obj
 0001:00067eb0       c32_hyd_hyb_2_opt_cont_test_new_method_dispatcher 0000000180068eb0 f   c32_hyd_hyb_2_opt_cont_test_new.obj
 0001:00069ae0       sf_c33_hyd_hyb_2_opt_cont_test_new_get_eml_resolved_functions_info 000000018006aae0 f   c33_hyd_hyb_2_opt_cont_test_new.obj
 0001:00069b60       sf_c33_hyd_hyb_2_opt_cont_test_new_get_check_sum 000000018006ab60 f   c33_hyd_hyb_2_opt_cont_test_new.obj
 0001:00069be0       sf_c33_hyd_hyb_2_opt_cont_test_new_get_autoinheritance_info 000000018006abe0 f   c33_hyd_hyb_2_opt_cont_test_new.obj
 0001:0006a1b0       sf_internal_get_sim_state_c33_hyd_hyb_2_opt_cont_test_new 000000018006b1b0 f   c33_hyd_hyb_2_opt_cont_test_new.obj
 0001:0006a4f0       sf_internal_set_sim_state_c33_hyd_hyb_2_opt_cont_test_new 000000018006b4f0 f   c33_hyd_hyb_2_opt_cont_test_new.obj
 0001:0006a8e0       c33_hyd_hyb_2_opt_cont_test_new_method_dispatcher 000000018006b8e0 f   c33_hyd_hyb_2_opt_cont_test_new.obj
 0001:0006cb40       sf_c34_hyd_hyb_2_opt_cont_test_new_get_eml_resolved_functions_info 000000018006db40 f   c34_hyd_hyb_2_opt_cont_test_new.obj
 0001:0006cbc0       sf_c34_hyd_hyb_2_opt_cont_test_new_get_check_sum 000000018006dbc0 f   c34_hyd_hyb_2_opt_cont_test_new.obj
 0001:0006cc40       sf_c34_hyd_hyb_2_opt_cont_test_new_get_autoinheritance_info 000000018006dc40 f   c34_hyd_hyb_2_opt_cont_test_new.obj
 0001:0006d210       sf_internal_get_sim_state_c34_hyd_hyb_2_opt_cont_test_new 000000018006e210 f   c34_hyd_hyb_2_opt_cont_test_new.obj
 0001:0006d550       sf_internal_set_sim_state_c34_hyd_hyb_2_opt_cont_test_new 000000018006e550 f   c34_hyd_hyb_2_opt_cont_test_new.obj
 0001:0006d940       c34_hyd_hyb_2_opt_cont_test_new_method_dispatcher 000000018006e940 f   c34_hyd_hyb_2_opt_cont_test_new.obj
 0001:0006fb80       sf_c35_hyd_hyb_2_opt_cont_test_new_get_eml_resolved_functions_info 0000000180070b80 f   c35_hyd_hyb_2_opt_cont_test_new.obj
 0001:0006fc00       sf_c35_hyd_hyb_2_opt_cont_test_new_get_check_sum 0000000180070c00 f   c35_hyd_hyb_2_opt_cont_test_new.obj
 0001:0006fc80       sf_c35_hyd_hyb_2_opt_cont_test_new_get_autoinheritance_info 0000000180070c80 f   c35_hyd_hyb_2_opt_cont_test_new.obj
 0001:00070250       sf_internal_get_sim_state_c35_hyd_hyb_2_opt_cont_test_new 0000000180071250 f   c35_hyd_hyb_2_opt_cont_test_new.obj
 0001:00070590       sf_internal_set_sim_state_c35_hyd_hyb_2_opt_cont_test_new 0000000180071590 f   c35_hyd_hyb_2_opt_cont_test_new.obj
 0001:00070980       c35_hyd_hyb_2_opt_cont_test_new_method_dispatcher 0000000180071980 f   c35_hyd_hyb_2_opt_cont_test_new.obj
 0001:00072be0       sf_c36_hyd_hyb_2_opt_cont_test_new_get_eml_resolved_functions_info 0000000180073be0 f   c36_hyd_hyb_2_opt_cont_test_new.obj
 0001:00072c60       sf_c36_hyd_hyb_2_opt_cont_test_new_get_check_sum 0000000180073c60 f   c36_hyd_hyb_2_opt_cont_test_new.obj
 0001:00072ce0       sf_c36_hyd_hyb_2_opt_cont_test_new_get_autoinheritance_info 0000000180073ce0 f   c36_hyd_hyb_2_opt_cont_test_new.obj
 0001:000732b0       sf_internal_get_sim_state_c36_hyd_hyb_2_opt_cont_test_new 00000001800742b0 f   c36_hyd_hyb_2_opt_cont_test_new.obj
 0001:000735f0       sf_internal_set_sim_state_c36_hyd_hyb_2_opt_cont_test_new 00000001800745f0 f   c36_hyd_hyb_2_opt_cont_test_new.obj
 0001:000739e0       c36_hyd_hyb_2_opt_cont_test_new_method_dispatcher 00000001800749e0 f   c36_hyd_hyb_2_opt_cont_test_new.obj
 0001:00075c60       sf_c37_hyd_hyb_2_opt_cont_test_new_get_eml_resolved_functions_info 0000000180076c60 f   c37_hyd_hyb_2_opt_cont_test_new.obj
 0001:00075ce0       sf_c37_hyd_hyb_2_opt_cont_test_new_get_check_sum 0000000180076ce0 f   c37_hyd_hyb_2_opt_cont_test_new.obj
 0001:00075d60       sf_c37_hyd_hyb_2_opt_cont_test_new_get_autoinheritance_info 0000000180076d60 f   c37_hyd_hyb_2_opt_cont_test_new.obj
 0001:00076330       sf_internal_get_sim_state_c37_hyd_hyb_2_opt_cont_test_new 0000000180077330 f   c37_hyd_hyb_2_opt_cont_test_new.obj
 0001:00076670       sf_internal_set_sim_state_c37_hyd_hyb_2_opt_cont_test_new 0000000180077670 f   c37_hyd_hyb_2_opt_cont_test_new.obj
 0001:00076a60       c37_hyd_hyb_2_opt_cont_test_new_method_dispatcher 0000000180077a60 f   c37_hyd_hyb_2_opt_cont_test_new.obj
 0001:00078cd0       sf_c38_hyd_hyb_2_opt_cont_test_new_get_eml_resolved_functions_info 0000000180079cd0 f   c38_hyd_hyb_2_opt_cont_test_new.obj
 0001:00078d50       sf_c38_hyd_hyb_2_opt_cont_test_new_get_check_sum 0000000180079d50 f   c38_hyd_hyb_2_opt_cont_test_new.obj
 0001:00078dd0       sf_c38_hyd_hyb_2_opt_cont_test_new_get_autoinheritance_info 0000000180079dd0 f   c38_hyd_hyb_2_opt_cont_test_new.obj
 0001:000793a0       sf_internal_get_sim_state_c38_hyd_hyb_2_opt_cont_test_new 000000018007a3a0 f   c38_hyd_hyb_2_opt_cont_test_new.obj
 0001:000796e0       sf_internal_set_sim_state_c38_hyd_hyb_2_opt_cont_test_new 000000018007a6e0 f   c38_hyd_hyb_2_opt_cont_test_new.obj
 0001:00079ad0       c38_hyd_hyb_2_opt_cont_test_new_method_dispatcher 000000018007aad0 f   c38_hyd_hyb_2_opt_cont_test_new.obj
 0001:0007bd30       sf_c39_hyd_hyb_2_opt_cont_test_new_get_eml_resolved_functions_info 000000018007cd30 f   c39_hyd_hyb_2_opt_cont_test_new.obj
 0001:0007bdb0       sf_c39_hyd_hyb_2_opt_cont_test_new_get_check_sum 000000018007cdb0 f   c39_hyd_hyb_2_opt_cont_test_new.obj
 0001:0007be30       sf_c39_hyd_hyb_2_opt_cont_test_new_get_autoinheritance_info 000000018007ce30 f   c39_hyd_hyb_2_opt_cont_test_new.obj
 0001:0007c400       sf_internal_get_sim_state_c39_hyd_hyb_2_opt_cont_test_new 000000018007d400 f   c39_hyd_hyb_2_opt_cont_test_new.obj
 0001:0007c740       sf_internal_set_sim_state_c39_hyd_hyb_2_opt_cont_test_new 000000018007d740 f   c39_hyd_hyb_2_opt_cont_test_new.obj
 0001:0007cb30       c39_hyd_hyb_2_opt_cont_test_new_method_dispatcher 000000018007db30 f   c39_hyd_hyb_2_opt_cont_test_new.obj
 0001:0007edc0       sf_c40_hyd_hyb_2_opt_cont_test_new_get_eml_resolved_functions_info 000000018007fdc0 f   c40_hyd_hyb_2_opt_cont_test_new.obj
 0001:0007ee40       sf_c40_hyd_hyb_2_opt_cont_test_new_get_check_sum 000000018007fe40 f   c40_hyd_hyb_2_opt_cont_test_new.obj
 0001:0007eec0       sf_c40_hyd_hyb_2_opt_cont_test_new_get_autoinheritance_info 000000018007fec0 f   c40_hyd_hyb_2_opt_cont_test_new.obj
 0001:0007f490       sf_internal_get_sim_state_c40_hyd_hyb_2_opt_cont_test_new 0000000180080490 f   c40_hyd_hyb_2_opt_cont_test_new.obj
 0001:0007f7d0       sf_internal_set_sim_state_c40_hyd_hyb_2_opt_cont_test_new 00000001800807d0 f   c40_hyd_hyb_2_opt_cont_test_new.obj
 0001:0007fbc0       c40_hyd_hyb_2_opt_cont_test_new_method_dispatcher 0000000180080bc0 f   c40_hyd_hyb_2_opt_cont_test_new.obj
 0001:00081e20       sf_c41_hyd_hyb_2_opt_cont_test_new_get_eml_resolved_functions_info 0000000180082e20 f   c41_hyd_hyb_2_opt_cont_test_new.obj
 0001:00081ea0       sf_c41_hyd_hyb_2_opt_cont_test_new_get_check_sum 0000000180082ea0 f   c41_hyd_hyb_2_opt_cont_test_new.obj
 0001:00081f20       sf_c41_hyd_hyb_2_opt_cont_test_new_get_autoinheritance_info 0000000180082f20 f   c41_hyd_hyb_2_opt_cont_test_new.obj
 0001:000824f0       sf_internal_get_sim_state_c41_hyd_hyb_2_opt_cont_test_new 00000001800834f0 f   c41_hyd_hyb_2_opt_cont_test_new.obj
 0001:00082830       sf_internal_set_sim_state_c41_hyd_hyb_2_opt_cont_test_new 0000000180083830 f   c41_hyd_hyb_2_opt_cont_test_new.obj
 0001:00082c20       c41_hyd_hyb_2_opt_cont_test_new_method_dispatcher 0000000180083c20 f   c41_hyd_hyb_2_opt_cont_test_new.obj
 0001:00084e80       sf_c42_hyd_hyb_2_opt_cont_test_new_get_eml_resolved_functions_info 0000000180085e80 f   c42_hyd_hyb_2_opt_cont_test_new.obj
 0001:00084f00       sf_c42_hyd_hyb_2_opt_cont_test_new_get_check_sum 0000000180085f00 f   c42_hyd_hyb_2_opt_cont_test_new.obj
 0001:00084f80       sf_c42_hyd_hyb_2_opt_cont_test_new_get_autoinheritance_info 0000000180085f80 f   c42_hyd_hyb_2_opt_cont_test_new.obj
 0001:00085550       sf_internal_get_sim_state_c42_hyd_hyb_2_opt_cont_test_new 0000000180086550 f   c42_hyd_hyb_2_opt_cont_test_new.obj
 0001:00085890       sf_internal_set_sim_state_c42_hyd_hyb_2_opt_cont_test_new 0000000180086890 f   c42_hyd_hyb_2_opt_cont_test_new.obj
 0001:00085c80       c42_hyd_hyb_2_opt_cont_test_new_method_dispatcher 0000000180086c80 f   c42_hyd_hyb_2_opt_cont_test_new.obj
 0001:00087ec0       sf_c43_hyd_hyb_2_opt_cont_test_new_get_eml_resolved_functions_info 0000000180088ec0 f   c43_hyd_hyb_2_opt_cont_test_new.obj
 0001:00087f40       sf_c43_hyd_hyb_2_opt_cont_test_new_get_check_sum 0000000180088f40 f   c43_hyd_hyb_2_opt_cont_test_new.obj
 0001:00087fc0       sf_c43_hyd_hyb_2_opt_cont_test_new_get_autoinheritance_info 0000000180088fc0 f   c43_hyd_hyb_2_opt_cont_test_new.obj
 0001:00088590       sf_internal_get_sim_state_c43_hyd_hyb_2_opt_cont_test_new 0000000180089590 f   c43_hyd_hyb_2_opt_cont_test_new.obj
 0001:000888d0       sf_internal_set_sim_state_c43_hyd_hyb_2_opt_cont_test_new 00000001800898d0 f   c43_hyd_hyb_2_opt_cont_test_new.obj
 0001:00088cc0       c43_hyd_hyb_2_opt_cont_test_new_method_dispatcher 0000000180089cc0 f   c43_hyd_hyb_2_opt_cont_test_new.obj
 0001:0008af60       sf_c44_hyd_hyb_2_opt_cont_test_new_get_eml_resolved_functions_info 000000018008bf60 f   c44_hyd_hyb_2_opt_cont_test_new.obj
 0001:0008afe0       sf_c44_hyd_hyb_2_opt_cont_test_new_get_check_sum 000000018008bfe0 f   c44_hyd_hyb_2_opt_cont_test_new.obj
 0001:0008b060       sf_c44_hyd_hyb_2_opt_cont_test_new_get_autoinheritance_info 000000018008c060 f   c44_hyd_hyb_2_opt_cont_test_new.obj
 0001:0008b630       sf_internal_get_sim_state_c44_hyd_hyb_2_opt_cont_test_new 000000018008c630 f   c44_hyd_hyb_2_opt_cont_test_new.obj
 0001:0008b970       sf_internal_set_sim_state_c44_hyd_hyb_2_opt_cont_test_new 000000018008c970 f   c44_hyd_hyb_2_opt_cont_test_new.obj
 0001:0008bd60       c44_hyd_hyb_2_opt_cont_test_new_method_dispatcher 000000018008cd60 f   c44_hyd_hyb_2_opt_cont_test_new.obj
 0001:0008dfe0       sf_c45_hyd_hyb_2_opt_cont_test_new_get_eml_resolved_functions_info 000000018008efe0 f   c45_hyd_hyb_2_opt_cont_test_new.obj
 0001:0008e060       sf_c45_hyd_hyb_2_opt_cont_test_new_get_check_sum 000000018008f060 f   c45_hyd_hyb_2_opt_cont_test_new.obj
 0001:0008e0e0       sf_c45_hyd_hyb_2_opt_cont_test_new_get_autoinheritance_info 000000018008f0e0 f   c45_hyd_hyb_2_opt_cont_test_new.obj
 0001:0008e6b0       sf_internal_get_sim_state_c45_hyd_hyb_2_opt_cont_test_new 000000018008f6b0 f   c45_hyd_hyb_2_opt_cont_test_new.obj
 0001:0008e9f0       sf_internal_set_sim_state_c45_hyd_hyb_2_opt_cont_test_new 000000018008f9f0 f   c45_hyd_hyb_2_opt_cont_test_new.obj
 0001:0008ede0       c45_hyd_hyb_2_opt_cont_test_new_method_dispatcher 000000018008fde0 f   c45_hyd_hyb_2_opt_cont_test_new.obj
 0001:00091020       sf_c46_hyd_hyb_2_opt_cont_test_new_get_eml_resolved_functions_info 0000000180092020 f   c46_hyd_hyb_2_opt_cont_test_new.obj
 0001:000910a0       sf_c46_hyd_hyb_2_opt_cont_test_new_get_check_sum 00000001800920a0 f   c46_hyd_hyb_2_opt_cont_test_new.obj
 0001:00091120       sf_c46_hyd_hyb_2_opt_cont_test_new_get_autoinheritance_info 0000000180092120 f   c46_hyd_hyb_2_opt_cont_test_new.obj
 0001:000916f0       sf_internal_get_sim_state_c46_hyd_hyb_2_opt_cont_test_new 00000001800926f0 f   c46_hyd_hyb_2_opt_cont_test_new.obj
 0001:00091a30       sf_internal_set_sim_state_c46_hyd_hyb_2_opt_cont_test_new 0000000180092a30 f   c46_hyd_hyb_2_opt_cont_test_new.obj
 0001:00091e20       c46_hyd_hyb_2_opt_cont_test_new_method_dispatcher 0000000180092e20 f   c46_hyd_hyb_2_opt_cont_test_new.obj
 0001:000940b0       sf_c47_hyd_hyb_2_opt_cont_test_new_get_eml_resolved_functions_info 00000001800950b0 f   c47_hyd_hyb_2_opt_cont_test_new.obj
 0001:00094130       sf_c47_hyd_hyb_2_opt_cont_test_new_get_check_sum 0000000180095130 f   c47_hyd_hyb_2_opt_cont_test_new.obj
 0001:000941b0       sf_c47_hyd_hyb_2_opt_cont_test_new_get_autoinheritance_info 00000001800951b0 f   c47_hyd_hyb_2_opt_cont_test_new.obj
 0001:00094780       sf_internal_get_sim_state_c47_hyd_hyb_2_opt_cont_test_new 0000000180095780 f   c47_hyd_hyb_2_opt_cont_test_new.obj
 0001:00094ac0       sf_internal_set_sim_state_c47_hyd_hyb_2_opt_cont_test_new 0000000180095ac0 f   c47_hyd_hyb_2_opt_cont_test_new.obj
 0001:00094eb0       c47_hyd_hyb_2_opt_cont_test_new_method_dispatcher 0000000180095eb0 f   c47_hyd_hyb_2_opt_cont_test_new.obj
 0001:00097100       sf_c48_hyd_hyb_2_opt_cont_test_new_get_eml_resolved_functions_info 0000000180098100 f   c48_hyd_hyb_2_opt_cont_test_new.obj
 0001:00097180       sf_c48_hyd_hyb_2_opt_cont_test_new_get_check_sum 0000000180098180 f   c48_hyd_hyb_2_opt_cont_test_new.obj
 0001:00097200       sf_c48_hyd_hyb_2_opt_cont_test_new_get_autoinheritance_info 0000000180098200 f   c48_hyd_hyb_2_opt_cont_test_new.obj
 0001:000977d0       sf_internal_get_sim_state_c48_hyd_hyb_2_opt_cont_test_new 00000001800987d0 f   c48_hyd_hyb_2_opt_cont_test_new.obj
 0001:00097b10       sf_internal_set_sim_state_c48_hyd_hyb_2_opt_cont_test_new 0000000180098b10 f   c48_hyd_hyb_2_opt_cont_test_new.obj
 0001:00097f00       c48_hyd_hyb_2_opt_cont_test_new_method_dispatcher 0000000180098f00 f   c48_hyd_hyb_2_opt_cont_test_new.obj
 0001:0009a160       sf_process_check_sum_call  000000018009b160 f   hyd_hyb_2_opt_cont_test_new_sfun_registry.obj
 0001:0009a1b0       sf_process_autoinheritance_call 000000018009b1b0 f   hyd_hyb_2_opt_cont_test_new_sfun_registry.obj
 0001:0009a330       sf_process_get_eml_resolved_functions_info_call 000000018009b330 f   hyd_hyb_2_opt_cont_test_new_sfun_registry.obj
 0001:0009a4b0       sf_mex_unlock_call         000000018009b4b0 f   hyd_hyb_2_opt_cont_test_new_sfun_registry.obj
 0001:0009a560       sf_machine_global_initializer_called 000000018009b560 f   hyd_hyb_2_opt_cont_test_new_sfun_registry.obj
 0001:0009a590       sf_machine_global_method_dispatcher 000000018009b590 f   hyd_hyb_2_opt_cont_test_new_sfun_registry.obj
 0001:0009a5f0       sf_machine_global_terminator 000000018009b5f0 f   hyd_hyb_2_opt_cont_test_new_sfun_registry.obj
 0001:0009a630       sf_register_machine_exported_symbols 000000018009b630 f   hyd_hyb_2_opt_cont_test_new_sfun_registry.obj
 0001:0009a650       callCustomFcn              000000018009b650 f   hyd_hyb_2_opt_cont_test_new_sfun_registry.obj
 0001:0009a660       sf_machine_global_initializer 000000018009b660 f   hyd_hyb_2_opt_cont_test_new_sfun_registry.obj
 0001:0009a6d0       _ssSetStateAbsTol          000000018009b6d0 f   hyd_hyb_2_opt_cont_test_new_sfun_registry.obj
 0001:0009a7b0       _ssGetAbsTol               000000018009b7b0 f   hyd_hyb_2_opt_cont_test_new_sfun_registry.obj
 0001:0009a820       _ssSetInputPortMatrixDimensions 000000018009b820 f   hyd_hyb_2_opt_cont_test_new_sfun_registry.obj
 0001:0009a930       _ssSetOutputPortMatrixDimensions 000000018009b930 f   hyd_hyb_2_opt_cont_test_new_sfun_registry.obj
 0001:0009aa40       _ssSetInputPortVectorDimension 000000018009ba40 f   hyd_hyb_2_opt_cont_test_new_sfun_registry.obj
 0001:0009ab10       _ssSetOutputPortVectorDimension 000000018009bb10 f   hyd_hyb_2_opt_cont_test_new_sfun_registry.obj
 0001:0009abe0       ssIsRunTimeParamTunable    000000018009bbe0 f   hyd_hyb_2_opt_cont_test_new_sfun_registry.obj
 0001:0009ac50       ssGetSFuncBlockHandle      000000018009bc50 f   hyd_hyb_2_opt_cont_test_new_sfun_registry.obj
 0001:0009acc0       _ssGetCurrentInputPortWidth 000000018009bcc0 f   hyd_hyb_2_opt_cont_test_new_sfun_registry.obj
 0001:0009ade0       _ssGetCurrentOutputPortWidth 000000018009bde0 f   hyd_hyb_2_opt_cont_test_new_sfun_registry.obj
 0001:0009af00       _ssGetCallSystemNumFcnCallDestinations 000000018009bf00 f   hyd_hyb_2_opt_cont_test_new_sfun_registry.obj
 0001:0009af70       ssWarning                  000000018009bf70 f   hyd_hyb_2_opt_cont_test_new_sfun_registry.obj
 0001:0009b080       ssGetIsZeroCrossControlDisabled 000000018009c080 f   hyd_hyb_2_opt_cont_test_new_sfun_registry.obj
 0001:0009b0f0       ssSetIsInputPortUsedForContZcSignal 000000018009c0f0 f   hyd_hyb_2_opt_cont_test_new_sfun_registry.obj
 0001:0009b160       ssSetZcSignalIsZcElementDisc 000000018009c160 f   hyd_hyb_2_opt_cont_test_new_sfun_registry.obj
 0001:0009b210       ssSetZcSignalName          000000018009c210 f   hyd_hyb_2_opt_cont_test_new_sfun_registry.obj
 0001:0009b280       ssSetZcSignalWidth         000000018009c280 f   hyd_hyb_2_opt_cont_test_new_sfun_registry.obj
 0001:0009b2f0       ssSetZcSignalZcEventType   000000018009c2f0 f   hyd_hyb_2_opt_cont_test_new_sfun_registry.obj
 0001:0009b360       ssSetZcSignalType          000000018009c360 f   hyd_hyb_2_opt_cont_test_new_sfun_registry.obj
 0001:0009b3d0       ssSetZcSignalZcTol         000000018009c3d0 f   hyd_hyb_2_opt_cont_test_new_sfun_registry.obj
 0001:0009b440       ssSetZcSignalNeedsEventNotification 000000018009c440 f   hyd_hyb_2_opt_cont_test_new_sfun_registry.obj
 0001:0009b4b0       ssCreateAndAddZcSignalInfo 000000018009c4b0 f   hyd_hyb_2_opt_cont_test_new_sfun_registry.obj
 0001:0009b520       ssCloneAndAddZcSignalInfo  000000018009c520 f   hyd_hyb_2_opt_cont_test_new_sfun_registry.obj
 0001:0009b590       ssGetNumZcSignals          000000018009c590 f   hyd_hyb_2_opt_cont_test_new_sfun_registry.obj
 0001:0009b600       ssGetZcSignalVector        000000018009c600 f   hyd_hyb_2_opt_cont_test_new_sfun_registry.obj
 0001:0009b670       ssGetZcSignalZcEvents      000000018009c670 f   hyd_hyb_2_opt_cont_test_new_sfun_registry.obj
 0001:0009b6e0       ssGetZcSignalName          000000018009c6e0 f   hyd_hyb_2_opt_cont_test_new_sfun_registry.obj
 0001:0009b750       ssGetZcSignalWidth         000000018009c750 f   hyd_hyb_2_opt_cont_test_new_sfun_registry.obj
 0001:0009b7c0       ssGetZcSignalZcEventType   000000018009c7c0 f   hyd_hyb_2_opt_cont_test_new_sfun_registry.obj
 0001:0009b830       ssGetZcSignalType          000000018009c830 f   hyd_hyb_2_opt_cont_test_new_sfun_registry.obj
 0001:0009b8a0       ssGetZcSignalZcTol         000000018009c8a0 f   hyd_hyb_2_opt_cont_test_new_sfun_registry.obj
 0001:0009b920       ssGetZcSignalNeedsEventNotification 000000018009c920 f   hyd_hyb_2_opt_cont_test_new_sfun_registry.obj
 0001:0009b990       ssGetZcSignalIsZcElementDisc 000000018009c990 f   hyd_hyb_2_opt_cont_test_new_sfun_registry.obj
 0001:0009ba30       ssGetIsInputPortElementContinuous 000000018009ca30 f   hyd_hyb_2_opt_cont_test_new_sfun_registry.obj
 0001:0009bad0       _ssGetInputPortSignalPtrsFcn 000000018009cad0 f   hyd_hyb_2_opt_cont_test_new_sfun_registry.obj
 0001:0009bd90       _ssGetInputPortSignalFcn   000000018009cd90 f   hyd_hyb_2_opt_cont_test_new_sfun_registry.obj
 0001:0009bfb0       _ssSetInputPortDirectFeedThroughFcn 000000018009cfb0 f   hyd_hyb_2_opt_cont_test_new_sfun_registry.obj
 0001:0009c110       _ssSetInputPortReusableFcn 000000018009d110 f   hyd_hyb_2_opt_cont_test_new_sfun_registry.obj
 0001:0009c200       _ssSetOutputPortReusableFcn 000000018009d200 f   hyd_hyb_2_opt_cont_test_new_sfun_registry.obj
 0001:0009c2e0       ssGetDTypeIdFromMxArray    000000018009d2e0 f   hyd_hyb_2_opt_cont_test_new_sfun_registry.obj
 0001:0009c400       ssWriteRTWStr              000000018009d400 f   hyd_hyb_2_opt_cont_test_new_sfun_registry.obj
 0001:0009c460       ssWriteRTWMxVectParam      000000018009d460 f   hyd_hyb_2_opt_cont_test_new_sfun_registry.obj
 0001:0009c4c0       ssWriteRTWMx2dMatParam     000000018009d4c0 f   hyd_hyb_2_opt_cont_test_new_sfun_registry.obj
 0001:0009c540       ssWriteRTWNameValuePair    000000018009d540 f   hyd_hyb_2_opt_cont_test_new_sfun_registry.obj
 0001:0009ca30       ssWriteRTWParameters       000000018009da30 f   hyd_hyb_2_opt_cont_test_new_sfun_registry.obj
 0001:0009d030       ssWriteRTWParamSettings    000000018009e030 f   hyd_hyb_2_opt_cont_test_new_sfun_registry.obj
 0001:0009d700       ssWriteRTWWorkVect         000000018009e700 f   hyd_hyb_2_opt_cont_test_new_sfun_registry.obj
 0001:0009dc00       mexFunction                000000018009ec00 f   hyd_hyb_2_opt_cont_test_new_sfun_registry.obj
 0001:0009f840       ProcessMexSfunctionEveryCall 00000001800a0840 f   hyd_hyb_2_opt_cont_test_new_sfun_registry.obj
 0001:0009f9b0       hyd_hyb_2_opt_cont_test_new_initializer 00000001800a09b0 f   hyd_hyb_2_opt_cont_test_new_sfun.obj
 0001:0009f9c0       hyd_hyb_2_opt_cont_test_new_terminator 00000001800a09c0 f   hyd_hyb_2_opt_cont_test_new_sfun.obj
 0001:0009f9d0       sf_hyd_hyb_2_opt_cont_test_new_method_dispatcher 00000001800a09d0 f   hyd_hyb_2_opt_cont_test_new_sfun.obj
 0001:000a00b0       sf_hyd_hyb_2_opt_cont_test_new_process_check_sum_call 00000001800a10b0 f   hyd_hyb_2_opt_cont_test_new_sfun.obj
 0001:000a0860       sf_hyd_hyb_2_opt_cont_test_new_autoinheritance_info 00000001800a1860 f   hyd_hyb_2_opt_cont_test_new_sfun.obj
 0001:000a0d80       sf_hyd_hyb_2_opt_cont_test_new_get_eml_resolved_functions_info 00000001800a1d80 f   hyd_hyb_2_opt_cont_test_new_sfun.obj
 0001:000a19b0       hyd_hyb_2_opt_cont_test_new_debug_initialize 00000001800a29b0 f   hyd_hyb_2_opt_cont_test_new_sfun.obj
 0001:000a1a20       hyd_hyb_2_opt_cont_test_new_register_exported_symbols 00000001800a2a20 f   hyd_hyb_2_opt_cont_test_new_sfun.obj
 0001:000a1ad0       sf_mex_mx_is_numeric       00000001800a2ad0 f   sfc_mex:sfc_mex.obj
 0001:000a1b10       strcmp_ignore_ws           00000001800a2b10 f   sfc_mex:sfc_mex.obj
 0001:000a1c50       sf_mex_duplicatearraysafe  00000001800a2c50 f   sfc_mex:sfc_mex.obj
 0001:000a1db0       sf_set_error_debugger_context_message_fcn 00000001800a2db0 f   sfc_mex:sfc_mex.obj
 0001:000a1dc0       sf_set_debugger_matlab_error_fcn 00000001800a2dc0 f   sfc_mex:sfc_mex.obj
 0001:000a1df0       sf_set_error_prefix_string 00000001800a2df0 f   sfc_mex:sfc_mex.obj
 0001:000a1e20       sf_get_error_prefix_string 00000001800a2e20 f   sfc_mex:sfc_mex.obj
 0001:000a1e30       sf_get_current_jmp_buf_ptr 00000001800a2e30 f   sfc_mex:sfc_mex.obj
 0001:000a1e40       sf_set_current_jmp_buf_ptr 00000001800a2e40 f   sfc_mex:sfc_mex.obj
 0001:000a1e50       sf_mex_set_halt_simulation 00000001800a2e50 f   sfc_mex:sfc_mex.obj
 0001:000a1e60       sf_mex_get_halt_simulation 00000001800a2e60 f   sfc_mex:sfc_mex.obj
 0001:000a1e70       sf_mex_clear_error_message 00000001800a2e70 f   sfc_mex:sfc_mex.obj
 0001:000a1e90       sf_mex_get_error_message_for_read 00000001800a2e90 f   sfc_mex:sfc_mex.obj
 0001:000a1ea0       sf_mex_get_error_message_buffer_length 00000001800a2ea0 f   sfc_mex:sfc_mex.obj
 0001:000a1f80       sf_mex_warning_message     00000001800a2f80 f   sfc_mex:sfc_mex.obj
 0001:000a1ff0       sf_mex_v_errbuf_createf    00000001800a2ff0 f   sfc_mex:sfc_mex.obj
 0001:000a2000       sf_mex_errbuf_createf      00000001800a3000 f   sfc_mex:sfc_mex.obj
 0001:000a2030       sf_mex_v_errbuf_catf       00000001800a3030 f   sfc_mex:sfc_mex.obj
 0001:000a2070       sf_mex_errbuf_catf         00000001800a3070 f   sfc_mex:sfc_mex.obj
 0001:000a20c0       sf_mex_errbuf_copy         00000001800a30c0 f   sfc_mex:sfc_mex.obj
 0001:000a20d0       sf_mex_errbuf_clear        00000001800a30d0 f   sfc_mex:sfc_mex.obj
 0001:000a20e0       sf_mex_errbuf_isempty      00000001800a30e0 f   sfc_mex:sfc_mex.obj
 0001:000a21f0       sf_mex_set_error_status    00000001800a31f0 f   sfc_mex:sfc_mex.obj
 0001:000a2240       sf_mex_error_direct_call   00000001800a3240 f   sfc_mex:sfc_mex.obj
 0001:000a2260       sf_mex_error_message_no_long_jump 00000001800a3260 f   sfc_mex:sfc_mex.obj
 0001:000a2280       sf_mex_long_jump_on_error  00000001800a3280 f   sfc_mex:sfc_mex.obj
 0001:000a22b0       sf_mex_call_matlab         00000001800a32b0 f   sfc_mex:sfc_mex.obj
 0001:000a23d0       sf_mex_check_builtin       00000001800a33d0 f   sfc_mex:sfc_mex.obj
 0001:000a2410       sf_mex_check_builtin_vs    00000001800a3410 f   sfc_mex:sfc_mex.obj
 0001:000a2470       sf_mex_check_enum          00000001800a3470 f   sfc_mex:sfc_mex.obj
 0001:000a24a0       sf_mex_create_enum         00000001800a34a0 f   sfc_mex:sfc_mex.obj
 0001:000a24c0       sf_mex_get_enum_element    00000001800a34c0 f   sfc_mex:sfc_mex.obj
 0001:000a24d0       sf_mex_createcellarray     00000001800a34d0 f   sfc_mex:sfc_mex.obj
 0001:000a24e0       sf_mex_setcell             00000001800a34e0 f   sfc_mex:sfc_mex.obj
 0001:000a24f0       sf_mex_getcell             00000001800a34f0 f   sfc_mex:sfc_mex.obj
 0001:000a2500       sf_mex_dup                 00000001800a3500 f   sfc_mex:sfc_mex.obj
 0001:000a2520       sf_mex_assign              00000001800a3520 f   sfc_mex:sfc_mex.obj
 0001:000a2580       sf_mex_destroy             00000001800a3580 f   sfc_mex:sfc_mex.obj
 0001:000a25b0       mx_array_has_fi_type       00000001800a35b0 f   sfc_mex:sfc_mex.obj
 0001:000a25e0       sf_mex_convert_from_fi     00000001800a35e0 f   sfc_mex:sfc_mex.obj
 0001:000a2690       sf_mex_convert_to_double   00000001800a3690 f   sfc_mex:sfc_mex.obj
 0001:000a27b0       sf_mex_import_fi_vs        00000001800a37b0 f   sfc_mex:sfc_mex.obj
 0001:000a2970       sf_matrix_matrix_index_ok  00000001800a3970 f   sfc_mex:sfc_mex.obj
 0001:000a2a00       sf_vector_vector_index_ok  00000001800a3a00 f   sfc_mex:sfc_mex.obj
 0001:000a2a30       ssGetCurrentInputPortDimensions_wrapper 00000001800a3a30 f   sfc_mex:sfc_mex.obj
 0001:000a2a50       ssGetCurrentOutputPortDimensions_wrapper 00000001800a3a50 f   sfc_mex:sfc_mex.obj
 0001:000a2a70       sf_mex_emlrt_context_is_debug_mode 00000001800a3a70 f   sfc_mex:sfc_mex.obj
 0001:000a2a80       sf_mex_emlrt_context_set_debug_mode 00000001800a3a80 f   sfc_mex:sfc_mex.obj
 0001:000a2af0       sf_clear_error_manager_info 00000001800a3af0 f   sfc_mex:sfc_mex.obj
 0001:000a2b40       sf_mex_stop_simulation_abruptly_wo_error 00000001800a3b40 f   sfc_mex:sfc_mex.obj
 0001:000a2b80       sf_mex_error_message       00000001800a3b80 f   sfc_mex:sfc_mex.obj
 0001:000a2be0       sf_react_to_error_in_matlab_call 00000001800a3be0 f   sfc_mex:sfc_mex.obj
 0001:000a2c10       sf_mex_addfield            00000001800a3c10 f   sfc_mex:sfc_mex.obj
 0001:000a2cb0       sf_mex_getfield            00000001800a3cb0 f   sfc_mex:sfc_mex.obj
 0001:000a2fb0       sf_mex_check_class         00000001800a3fb0 f   sfc_mex:sfc_mex.obj
 0001:000a30a0       sf_mex_is_real             00000001800a40a0 f   sfc_mex:sfc_mex.obj
 0001:000a3510       sf_mex_decode_encoded_mx_struct_array 00000001800a4510 f   sfc_mex:sfc_mex.obj
 0001:000a37f0       sf_mex_lw_bounds_check     00000001800a47f0 f   sfc_mex:sfc_mex.obj
 0001:000a3820       sf_mex_lw_size_eq_check_1d 00000001800a4820 f   sfc_mex:sfc_mex.obj
 0001:000a3840       sf_mex_lw_size_eq_check_nd 00000001800a4840 f   sfc_mex:sfc_mex.obj
 0001:000a3a20       sf_mex_lw_dim_size_eq_check 00000001800a4a20 f   sfc_mex:sfc_mex.obj
 0001:000a3a50       sf_mex_lw_dim_size_geq_check 00000001800a4a50 f   sfc_mex:sfc_mex.obj
 0001:000a3a80       sf_mex_lw_sub_assign_size_check_nd 00000001800a4a80 f   sfc_mex:sfc_mex.obj
 0001:000a3cb0       sf_mex_lw_runtime_error_msgid 00000001800a4cb0 f   sfc_mex:sfc_mex.obj
 0001:000a3da0       sf_mex_lw_matrix_matrix_index_check 00000001800a4da0 f   sfc_mex:sfc_mex.obj
 0001:000a3dc0       sf_mex_lw_vector_vector_index_check 00000001800a4dc0 f   sfc_mex:sfc_mex.obj
 0001:000a3e00       sf_mex_lw_non_negative_check 00000001800a4e00 f   sfc_mex:sfc_mex.obj
 0001:000a3e40       sf_mex_overflow_error      00000001800a4e40 f   sfc_mex:sfc_mex.obj
 0001:000a3e50       sf_mex_dividebyzero_error  00000001800a4e50 f   sfc_mex:sfc_mex.obj
 0001:000a3e60       sf_mex_unsafe_enum_error   00000001800a4e60 f   sfc_mex:sfc_mex.obj
 0001:000a3e70       sf_emlrtErrHandler         00000001800a4e70 f   sfc_mex:sfc_mex.obj
 0001:000a3f30       sf_mex_printf              00000001800a4f30 f   sfc_mex:sfc_mex.obj
 0001:000a40c0       sf_mex_check_size          00000001800a50c0 f   sfc_mex:sfc_mex.obj
 0001:000a4390       sf_mex_check_struct        00000001800a5390 f   sfc_mex:sfc_mex.obj
 0001:000a45f0       sf_mex_check_struct_vs     00000001800a55f0 f   sfc_mex:sfc_mex.obj
 0001:000a4680       sf_mex_check_fi            00000001800a5680 f   sfc_mex:sfc_mex.obj
 0001:000a4780       sf_mex_check_fi_vs         00000001800a5780 f   sfc_mex:sfc_mex.obj
 0001:000a4820       sf_echo_expression         00000001800a5820 f   sfc_mex:sfc_mex.obj
 0001:000a4880       sf_assertion_failed        00000001800a5880 f   sfc_mex:sfc_mex.obj
 0001:000a4b60       sf_mex_evalin              00000001800a5b60 f   sfc_mex:sfc_mex.obj
 0001:000a4dd0       sf_mex_export              00000001800a5dd0 f   sfc_mex:sfc_mex.obj
 0001:000a4e90       sf_mex_get_ml_var_no_error 00000001800a5e90 f   sfc_mex:sfc_mex.obj
 0001:000a5030       sf_mex_get_ml_var          00000001800a6030 f   sfc_mex:sfc_mex.obj
 0001:000a54d0       ml_set_element_value_in_array 00000001800a64d0 f   sfc_mex:sfc_mex.obj
 0001:000a6ba0       sf_mex_call_impl           00000001800a7ba0 f   sfc_mex:sfc_mex.obj
 0001:000a70d0       sf_mex_call_debug          00000001800a80d0 f   sfc_mex:sfc_mex.obj
 0001:000a7100       sf_mex_call                00000001800a8100 f   sfc_mex:sfc_mex.obj
 0001:000a7750       sf_mex_createstruct        00000001800a8750 f   sfc_mex:sfc_mex.obj
 0001:000a7840       sf_mex_createstructarray   00000001800a8840 f   sfc_mex:sfc_mex.obj
 0001:000a78c0       sf_mex_get_mx_datatype_from_sf_datatype 00000001800a88c0 f   sfc_mex:sfc_mex.obj
 0001:000a7bd0       sf_mex_ml_var_sub          00000001800a8bd0 f   sfc_mex:sfc_mex.obj
 0001:000a7da0       sf_mex_ml_var_subsasgn     00000001800a8da0 f   sfc_mex:sfc_mex.obj
 0001:000a8190       sf_mex_sub                 00000001800a9190 f   sfc_mex:sfc_mex.obj
 0001:000a8390       sf_mex_subsasgn            00000001800a9390 f   sfc_mex:sfc_mex.obj
 0001:000a8870       sf_mex_create              00000001800a9870 f   sfc_mex:sfc_mex.obj
 0001:000a92c0       sf_mex_import_named        00000001800aa2c0 f   sfc_mex:sfc_mex.obj
 0001:000a9320       sf_mex_import              00000001800aa320 f   sfc_mex:sfc_mex.obj
 0001:000a9370       sf_mex_import_vs           00000001800aa370 f   sfc_mex:sfc_mex.obj
 0001:000a9480       sf_mex_lower_fixpt_mx_array 00000001800aa480 f   sfc_mex:sfc_mex.obj
 0001:000a9a70       sim_mode_is_rtw_gen        00000001800aaa70 f   sfc_mex:sfc_sf.obj
 0001:000a9aa0       sim_mode_is_external       00000001800aaaa0 f   sfc_mex:sfc_sf.obj
 0001:000a9ab0       sim_mode_is_modelref_sim   00000001800aaab0 f   sfc_mex:sfc_sf.obj
 0001:000a9ad0       mdlInitializeSizes         00000001800aaad0 f   sfc_mex:sfc_sf.obj
 0001:000a9af0       mdlInitializeSampleTimes   00000001800aaaf0 f   sfc_mex:sfc_sf.obj
 0001:000a9b30       mdlZeroCrossings           00000001800aab30 f   sfc_mex:sfc_sf.obj
 0001:000a9c10       mdlDerivatives             00000001800aac10 f   sfc_mex:sfc_sf.obj
 0001:000a9cc0       mdl_initialize_conditions_processing 00000001800aacc0 f   sfc_mex:sfc_sf.obj
 0001:000a9cf0       mdlInitializeConditions    00000001800aacf0 f   sfc_mex:sfc_sf.obj
 0001:000a9db0       mdlGetSimState             00000001800aadb0 f   sfc_mex:sfc_sf.obj
 0001:000a9dc0       mdlSetSimState             00000001800aadc0 f   sfc_mex:sfc_sf.obj
 0001:000a9dd0       mdl_ext_mode_exec_processing 00000001800aadd0 f   sfc_mex:sfc_sf.obj
 0001:000a9df0       mdlExtModeExec             00000001800aadf0 f   sfc_mex:sfc_sf.obj
 0001:000a9f80       mdlTerminate               00000001800aaf80 f   sfc_mex:sfc_sf.obj
 0001:000a9ff0       mdlRTW                     00000001800aaff0 f   sfc_mex:sfc_sf.obj
 0001:000aa020       mdlSetWorkWidths           00000001800ab020 f   sfc_mex:sfc_sf.obj
 0001:000aa030       mdlProcessParameters       00000001800ab030 f   sfc_mex:sfc_sf.obj
 0001:000aa040       mdl_start_processing       00000001800ab040 f   sfc_mex:sfc_sf.obj
 0001:000aa080       mdlStart                   00000001800ab080 f   sfc_mex:sfc_sf.obj
 0001:000aa170       mdlEnable                  00000001800ab170 f   sfc_mex:sfc_sf.obj
 0001:000aa240       mdlDisable                 00000001800ab240 f   sfc_mex:sfc_sf.obj
 0001:000aa2f0       sf_get_chart_instance_ptr  00000001800ab2f0 f   sfc_mex:sfc_sf.obj
 0001:000aa310       sf_rtw_info_uint_prop      00000001800ab310 f   sfc_mex:sfc_sf.obj
 0001:000aa480       sf_is_chart_inlinable      00000001800ab480 f   sfc_mex:sfc_sf.obj
 0001:000aa4a0       sf_mark_output_events_with_multiple_callers 00000001800ab4a0 f   sfc_mex:sfc_sf.obj
 0001:000aa660       sf_mark_chart_reusable_outputs 00000001800ab660 f   sfc_mex:sfc_sf.obj
 0001:000aa8e0       sf_mark_chart_expressionable_inputs 00000001800ab8e0 f   sfc_mex:sfc_sf.obj
 0001:000aac40       sf_get_subchart_simstruct  00000001800abc40 f   sfc_mex:sfc_sf.obj
 0001:000aac90       sf_write_symbol_mapping    00000001800abc90 f   sfc_mex:sfc_sf.obj
 0001:000aaee0       sf_get_fixpt_data_type_id  00000001800abee0 f   sfc_mex:sfc_sf.obj
 0001:000aaf20       sf_get_enum_data_type_id   00000001800abf20 f   sfc_mex:sfc_sf.obj
 0001:000aaf60       sf_get_param_data_type_id  00000001800abf60 f   sfc_mex:sfc_sf.obj
 0001:000aaf90       sf_mex_listen_for_ctrl_c_force 00000001800abf90 f   sfc_mex:sfc_sf.obj
 0001:000ab0a0       sf_mex_draw_now            00000001800ac0a0 f   sfc_mex:sfc_sf.obj
 0001:000ab0e0       sf_mex_set_debugger_sim_status_listener_fcn 00000001800ac0e0 f   sfc_mex:sfc_sf.obj
 0001:000ab0f0       sf_mex_listen_for_ctrl_c   00000001800ac0f0 f   sfc_mex:sfc_sf.obj
 0001:000ab180       sf_mex_get_sfun_param      00000001800ac180 f   sfc_mex:sfc_sf.obj
 0001:000ab1d0       sf_get_runtime_param_data  00000001800ac1d0 f   sfc_mex:sfc_sf.obj
 0001:000ab210       sf_call_output_fcn_call    00000001800ac210 f   sfc_mex:sfc_sf.obj
 0001:000ab350       sf_call_output_fcn_enable  00000001800ac350 f   sfc_mex:sfc_sf.obj
 0001:000ab3e0       sf_call_output_fcn_disable 00000001800ac3e0 f   sfc_mex:sfc_sf.obj
 0001:000ab470       sf_clear_rtw_identifier    00000001800ac470 f   sfc_mex:sfc_sf.obj
 0001:000abc60       sf_set_encoded_dwork_info  00000001800acc60 f   sfc_mex:sfc_sf.obj
 0001:000abcb0       sf_get_dwork_info_from_mat_file 00000001800accb0 f   sfc_mex:sfc_sf.obj
 0001:000abea0       sf_set_rtw_dwork_info      00000001800acea0 f   sfc_mex:sfc_sf.obj
 0001:000ac010       mdlOutputs                 00000001800ad010 f   sfc_mex:sfc_sf.obj
 0001:000ac1b0       sf_debug_disp              00000001800ad1b0 f   sfc_debug:sfcdebug.obj
 0001:000ac410       sf_debug_data_runtime_size_mismatch_error_check 00000001800ad410 f   sfc_debug:sfcdebug.obj
 0001:000ac4b0       sf_debug_try_loading_machine 00000001800ad4b0 f   sfc_debug:sfcdebug.obj
 0001:000ac5b0       sf_debug_reset_current_state_configuration 00000001800ad5b0 f   sfc_debug:sfcdebug.obj
 0001:000ac640       sf_debug_store_current_state_configuration 00000001800ad640 f   sfc_debug:sfcdebug.obj
 0001:000ac6d0       sf_debug_restore_previous_state_configuration 00000001800ad6d0 f   sfc_debug:sfcdebug.obj
 0001:000ac760       sf_debug_restore_previous_state_configuration2 00000001800ad760 f   sfc_debug:sfcdebug.obj
 0001:000ac7f0       sf_debug_get_event_scope   00000001800ad7f0 f   sfc_debug:sfcdebug.obj
 0001:000ac960       use_debugger_step_animation 00000001800ad960 f   sfc_debug:sfcdebug.obj
 0001:000ac980       sf_debug_get_script_id     00000001800ad980 f   sfc_debug:sfcdebug.obj
 0001:000aca10       sf_debug_set_script_translation 00000001800ada10 f   sfc_debug:sfcdebug.obj
 0001:000acad0       sf_debug_get_current_machine_id 00000001800adad0 f   sfc_debug:sfcdebug.obj
 0001:000acaf0       sf_debug_get_current_optional_integer 00000001800adaf0 f   sfc_debug:sfcdebug.obj
 0001:000acb00       sf_debug_get_current_machine_number 00000001800adb00 f   sfc_debug:sfcdebug.obj
 0001:000acb20       sf_debug_get_current_machine_name 00000001800adb20 f   sfc_debug:sfcdebug.obj
 0001:000acb40       sf_debug_get_current_chart_id 00000001800adb40 f   sfc_debug:sfcdebug.obj
 0001:000acb90       sf_debug_get_current_chart_number 00000001800adb90 f   sfc_debug:sfcdebug.obj
 0001:000acba0       sf_debug_get_current_instance_number 00000001800adba0 f   sfc_debug:sfcdebug.obj
 0001:000acbb0       sf_debug_get_current_is_minor_time_step 00000001800adbb0 f   sfc_debug:sfcdebug.obj
 0001:000acc30       sf_debug_get_current_object_type 00000001800adc30 f   sfc_debug:sfcdebug.obj
 0001:000acc40       sf_debug_get_current_instance_handle 00000001800adc40 f   sfc_debug:sfcdebug.obj
 0001:000acca0       sf_debug_get_current_event_type 00000001800adca0 f   sfc_debug:sfcdebug.obj
 0001:000accb0       sf_debug_get_current_object_id 00000001800adcb0 f   sfc_debug:sfcdebug.obj
 0001:000accf0       sf_debug_get_current_active_event_type 00000001800adcf0 f   sfc_debug:sfcdebug.obj
 0001:000acd00       sf_debug_get_current_active_event_id 00000001800add00 f   sfc_debug:sfcdebug.obj
 0001:000acd40       sf_debug_get_current_tag_type 00000001800add40 f   sfc_debug:sfcdebug.obj
 0001:000acd50       sf_debug_get_current_simulation_time 00000001800add50 f   sfc_debug:sfcdebug.obj
 0001:000acd60       sf_debug_get_current_coverage_percentage 00000001800add60 f   sfc_debug:sfcdebug.obj
 0001:000acd70       sf_debug_current_statement_context 00000001800add70 f   sfc_debug:sfcdebug.obj
 0001:000ace00       sf_debug_get_current_statement_info 00000001800ade00 f   sfc_debug:sfcdebug.obj
 0001:000acf80       sf_debug_terminate_instance 00000001800adf80 f   sfc_debug:sfcdebug.obj
 0001:000ad290       sf_debug_assertion_failed  00000001800ae290 f   sfc_debug:sfcdebug.obj
 0001:000ad440       sf_debug_set_number_of_data_with_change_event_for_machine 00000001800ae440 f   sfc_debug:sfcdebug.obj
 0001:000ad480       sf_debug_set_machine_event_thresholds 00000001800ae480 f   sfc_debug:sfcdebug.obj
 0001:000ad4a0       sf_debug_set_machine_event_scope 00000001800ae4a0 f   sfc_debug:sfcdebug.obj
 0001:000ad4e0       sf_debug_set_machine_data_thresholds 00000001800ae4e0 f   sfc_debug:sfcdebug.obj
 0001:000ad520       sf_debug_set_machine_data_scope 00000001800ae520 f   sfc_debug:sfcdebug.obj
 0001:000ad5b0       sf_debug_set_machine_data_name 00000001800ae5b0 f   sfc_debug:sfcdebug.obj
 0001:000ad650       sf_debug_set_machine_data_size 00000001800ae650 f   sfc_debug:sfcdebug.obj
 0001:000ad790       sf_debug_set_machine_data_type 00000001800ae790 f   sfc_debug:sfcdebug.obj
 0001:000ad900       sf_debug_get_chart_data_number 00000001800ae900 f   sfc_debug:sfcdebug.obj
 0001:000ad920       sf_debug_get_chart_event_number 00000001800ae920 f   sfc_debug:sfcdebug.obj
 0001:000ad940       sf_debug_set_chart_state_info 00000001800ae940 f   sfc_debug:sfcdebug.obj
 0001:000ad9c0       sf_debug_set_chart_decomposition 00000001800ae9c0 f   sfc_debug:sfcdebug.obj
 0001:000ada30       sf_debug_set_chart_substate_count 00000001800aea30 f   sfc_debug:sfcdebug.obj
 0001:000adb10       sf_debug_set_chart_substate_index 00000001800aeb10 f   sfc_debug:sfcdebug.obj
 0001:000adb80       sf_debug_set_chart_state_substate_count 00000001800aeb80 f   sfc_debug:sfcdebug.obj
 0001:000adc90       sf_debug_set_chart_state_substate_index 00000001800aec90 f   sfc_debug:sfcdebug.obj
 0001:000add10       sf_debug_set_number_of_data_with_change_event_for_chart 00000001800aed10 f   sfc_debug:sfcdebug.obj
 0001:000add90       sf_debug_set_number_of_states_with_entry_event_for_chart 00000001800aed90 f   sfc_debug:sfcdebug.obj
 0001:000ade00       sf_debug_set_number_of_states_with_exit_event_for_chart 00000001800aee00 f   sfc_debug:sfcdebug.obj
 0001:000ade70       sf_debug_set_chart_disable_implicit_casting 00000001800aee70 f   sfc_debug:sfcdebug.obj
 0001:000adee0       sf_debug_set_chart_event_thresholds 00000001800aeee0 f   sfc_debug:sfcdebug.obj
 0001:000adf50       sf_debug_set_chart_data_compiled_props 00000001800aef50 f   sfc_debug:sfcdebug.obj
 0001:000ae2a0       sf_debug_set_chart_data_props 00000001800af2a0 f   sfc_debug:sfcdebug.obj
 0001:000ae5c0       sf_debug_check_fi_license  00000001800af5c0 f   sfc_debug:sfcdebug.obj
 0001:000ae7b0       sf_debug_symbol_scope_push 00000001800af7b0 f   sfc_debug:sfcdebug.obj
 0001:000ae7f0       sf_debug_symbol_scope_push_eml 00000001800af7f0 f   sfc_debug:sfcdebug.obj
 0001:000ae840       sf_debug_symbol_scope_pop  00000001800af840 f   sfc_debug:sfcdebug.obj
 0001:000ae880       sf_debug_symbol_scope_add_importable 00000001800af880 f   sfc_debug:sfcdebug.obj
 0001:000ae900       sf_debug_symbol_scope_add  00000001800af900 f   sfc_debug:sfcdebug.obj
 0001:000ae980       sf_debug_symbol_scope_add_dyn_importable 00000001800af980 f   sfc_debug:sfcdebug.obj
 0001:000aea40       sf_debug_symbol_scope_add_dyn 00000001800afa40 f   sfc_debug:sfcdebug.obj
 0001:000aea70       sf_debug_symbol_scope_add_eml_importable 00000001800afa70 f   sfc_debug:sfcdebug.obj
 0001:000aeab0       sf_debug_symbol_scope_add_eml 00000001800afab0 f   sfc_debug:sfcdebug.obj
 0001:000aeaf0       sf_debug_symbol_scope_add_eml_dyn_importable 00000001800afaf0 f   sfc_debug:sfcdebug.obj
 0001:000aeb60       sf_debug_symbol_scope_add_eml_dyn 00000001800afb60 f   sfc_debug:sfcdebug.obj
 0001:000aebc0       sf_debug_symbol_switch     00000001800afbc0 f   sfc_debug:sfcdebug.obj
 0001:000aebe0       sf_debug_symbol_scope_add_verbose 00000001800afbe0 f   sfc_debug:sfcdebug.obj
 0001:000aecb0       sf_debug_set_machine_data_value_ptr 00000001800afcb0 f   sfc_debug:sfcdebug.obj
 0001:000aecf0       sf_debug_set_instance_data_value_ptr 00000001800afcf0 f   sfc_debug:sfcdebug.obj
 0001:000aedb0       sf_debug_unset_instance_data_value_ptr 00000001800afdb0 f   sfc_debug:sfcdebug.obj
 0001:000aee60       sf_debug_set_chart_event_scope 00000001800afe60 f   sfc_debug:sfcdebug.obj
 0001:000aeee0       sf_debug_set_chart_transition_coverage_maps 00000001800afee0 f   sfc_debug:sfcdebug.obj
 0001:000aeff0       sf_debug_set_chart_state_coverage_maps 00000001800afff0 f   sfc_debug:sfcdebug.obj
 0001:000af0d0       sf_debug_set_instance_transition_coverage_weights 00000001800b00d0 f   sfc_debug:sfcdebug.obj
 0001:000af170       sf_debug_set_instance_state_coverage_weights 00000001800b0170 f   sfc_debug:sfcdebug.obj
 0001:000af3c0       sf_debug_unload_machine    00000001800b03c0 f   sfc_debug:sfcdebug.obj
 0001:000af410       sf_debug_load_machine      00000001800b0410 f   sfc_debug:sfcdebug.obj
 0001:000af510       sf_debug_set_active_instance_in_data_dictionary 00000001800b0510 f   sfc_debug:sfcdebug.obj
 0001:000af6f0       sf_debug_set_active_instance 00000001800b06f0 f   sfc_debug:sfcdebug.obj
 0001:000af830       sf_debug_chart_visiblity_change 00000001800b0830 f   sfc_debug:sfcdebug.obj
 0001:000af910       sf_debug_select_chart      00000001800b0910 f   sfc_debug:sfcdebug.obj
 0001:000af9e0       sf_debug_set_instance_cv_ids 00000001800b09e0 f   sfc_debug:sfcdebug.obj
 0001:000afcf0       sf_debug_select_charts     00000001800b0cf0 f   sfc_debug:sfcdebug.obj
 0001:000afe30       sf_debug_initialized       00000001800b0e30 f   sfc_debug:sfcdebug.obj
 0001:000afe40       sf_debug_is_uninterruptible 00000001800b0e40 f   sfc_debug:sfcdebug.obj
 0001:000afe70       sf_debug_initialize_debugger_gui 00000001800b0e70 f   sfc_debug:sfcdebug.obj
 0001:000b0260       sf_debug_resume            00000001800b1260 f   sfc_debug:sfcdebug.obj
 0001:000b0280       sf_debug_go                00000001800b1280 f   sfc_debug:sfcdebug.obj
 0001:000b0290       sf_debug_break             00000001800b1290 f   sfc_debug:sfcdebug.obj
 0001:000b02a0       sf_debug_step_over         00000001800b12a0 f   sfc_debug:sfcdebug.obj
 0001:000b02b0       sf_debug_step_out          00000001800b12b0 f   sfc_debug:sfcdebug.obj
 0001:000b02c0       sf_debug_set_disable_all_breakpoints 00000001800b12c0 f   sfc_debug:sfcdebug.obj
 0001:000b02d0       sf_debug_disable_all_breakpoints_and_go 00000001800b12d0 f   sfc_debug:sfcdebug.obj
 0001:000b02e0       sf_debug_break_on_chart_entry 00000001800b12e0 f   sfc_debug:sfcdebug.obj
 0001:000b02f0       sf_debug_break_on_event_broadcast 00000001800b12f0 f   sfc_debug:sfcdebug.obj
 0001:000b0300       sf_debug_break_on_state_entry 00000001800b1300 f   sfc_debug:sfcdebug.obj
 0001:000b0310       sf_debug_break_between_times 00000001800b1310 f   sfc_debug:sfcdebug.obj
 0001:000b0330       sf_debug_browse_data       00000001800b1330 f   sfc_debug:sfcdebug.obj
 0001:000b0350       sf_debug_watch_data        00000001800b1350 f   sfc_debug:sfcdebug.obj
 0001:000b0370       sf_debug_assign_data       00000001800b1370 f   sfc_debug:sfcdebug.obj
 0001:000b0390       sf_debug_whos              00000001800b1390 f   sfc_debug:sfcdebug.obj
 0001:000b03b0       sf_debug_get_consistency_info 00000001800b13b0 f   sfc_debug:sfcdebug.obj
 0001:000b03c0       sf_debug_browse_trace      00000001800b13c0 f   sfc_debug:sfcdebug.obj
 0001:000b03d0       sf_debug_set_breakpoints   00000001800b13d0 f   sfc_debug:sfcdebug.obj
 0001:000b0530       sf_debug_set_eml_breakpoints 00000001800b1530 f   sfc_debug:sfcdebug.obj
 0001:000b0690       sf_debug_set_script_breakpoints 00000001800b1690 f   sfc_debug:sfcdebug.obj
 0001:000b0710       sf_debug_add_script_breakpoints 00000001800b1710 f   sfc_debug:sfcdebug.obj
 0001:000b0780       sf_debug_clear_script_breakpoints 00000001800b1780 f   sfc_debug:sfcdebug.obj
 0001:000b07f0       sf_debug_query_script_breakpoints 00000001800b17f0 f   sfc_debug:sfcdebug.obj
 0001:000b08b0       sf_debug_get_eml_script_id 00000001800b18b0 f   sfc_debug:sfcdebug.obj
 0001:000b0900       sf_debug_set_watch         00000001800b1900 f   sfc_debug:sfcdebug.obj
 0001:000b0b30       sf_debug_get_coverage      00000001800b1b30 f   sfc_debug:sfcdebug.obj
 0001:000b0b40       sf_debug_get_instance_handle 00000001800b1b40 f   sfc_debug:sfcdebug.obj
 0001:000b0bd0       sf_debug_get_active_states 00000001800b1bd0 f   sfc_debug:sfcdebug.obj
 0001:000b0be0       sf_debug_get_animation     00000001800b1be0 f   sfc_debug:sfcdebug.obj
 0001:000b0bf0       sf_debug_set_animation     00000001800b1bf0 f   sfc_debug:sfcdebug.obj
 0001:000b0c00       sf_debug_animate           00000001800b1c00 f   sfc_debug:sfcdebug.obj
 0001:000b0c30       sf_debug_cycle_detection_check 00000001800b1c30 f   sfc_debug:sfcdebug.obj
 0001:000b0c40       sf_debug_data_range_check  00000001800b1c40 f   sfc_debug:sfcdebug.obj
 0001:000b0c50       sf_debug_transition_conflict_check 00000001800b1c50 f   sfc_debug:sfcdebug.obj
 0001:000b0c60       sf_debug_state_consistency_check 00000001800b1c60 f   sfc_debug:sfcdebug.obj
 0001:000b0c70       sf_debug_data_range_check_enabled 00000001800b1c70 f   sfc_debug:sfcdebug.obj
 0001:000b0c90       sf_debug_transition_conflict_check_enabled 00000001800b1c90 f   sfc_debug:sfcdebug.obj
 0001:000b0cb0       sf_debug_transition_conflict_check_begin 00000001800b1cb0 f   sfc_debug:sfcdebug.obj
 0001:000b0cd0       sf_debug_transition_conflict_check_end 00000001800b1cd0 f   sfc_debug:sfcdebug.obj
 0001:000b0cf0       sf_debug_stop_debugging    00000001800b1cf0 f   sfc_debug:sfcdebug.obj
 0001:000b0d20       sf_debug_is_cycle_detected 00000001800b1d20 f   sfc_debug:sfcdebug.obj
 0001:000b0d30       sf_debug_is_array_bounds_detected 00000001800b1d30 f   sfc_debug:sfcdebug.obj
 0001:000b0d40       sf_debug_get_state_vectors_data_size 00000001800b1d40 f   sfc_debug:sfcdebug.obj
 0001:000b0d80       sf_debug_get_state_vectors_data 00000001800b1d80 f   sfc_debug:sfcdebug.obj
 0001:000b0e80       sf_debug_set_state_vectors_data 00000001800b1e80 f   sfc_debug:sfcdebug.obj
 0001:000b1140       sf_debug_get_script_index  00000001800b2140 f   sfc_debug:sfcdebug.obj
 0001:000b12d0       sf_debug_add_script        00000001800b22d0 f   sfc_debug:sfcdebug.obj
 0001:000b1460       cv_eval_point              00000001800b2460 f   sfc_debug:sfcdebug.obj
 0001:000b15d0       sf_debug_cv_init_state     00000001800b25d0 f   sfc_debug:sfcdebug.obj
 0001:000b16f0       sf_debug_cv_init_chart     00000001800b26f0 f   sfc_debug:sfcdebug.obj
 0001:000b17d0       sf_debug_cv_init_trans     00000001800b27d0 f   sfc_debug:sfcdebug.obj
 0001:000b1940       cv_eml_init_script         00000001800b2940 f   sfc_debug:sfcdebug.obj
 0001:000b1a20       cv_eml_init_fcn            00000001800b2a20 f   sfc_debug:sfcdebug.obj
 0001:000b1ad0       cv_eml_init_testobjective  00000001800b2ad0 f   sfc_debug:sfcdebug.obj
 0001:000b1b80       cv_eml_init_if             00000001800b2b80 f   sfc_debug:sfcdebug.obj
 0001:000b1c30       cv_eml_init_for            00000001800b2c30 f   sfc_debug:sfcdebug.obj
 0001:000b1ce0       cv_eml_init_while          00000001800b2ce0 f   sfc_debug:sfcdebug.obj
 0001:000b1d90       cv_eml_init_mcdc           00000001800b2d90 f   sfc_debug:sfcdebug.obj
 0001:000b1e90       cv_eml_init_switch         00000001800b2e90 f   sfc_debug:sfcdebug.obj
 0001:000b1f70       cv_eml_eval                00000001800b2f70 f   sfc_debug:sfcdebug.obj
 0001:000b2050       sf_debug_bm_is_a_eml_breakpoint 00000001800b3050 f   sfc_debug:sfcdebug.obj
 0001:000b21a0       sf_debug_temporal_threshold 00000001800b31a0 f   sfc_debug:sfcdebug.obj
 0001:000b2500       sf_debug_transition_conflict_error 00000001800b3500 f   sfc_debug:sfcdebug.obj
 0001:000b2880       sf_debug_state_inconsistency_error 00000001800b3880 f   sfc_debug:sfcdebug.obj
 0001:000b29a0       sf_debug_check_for_state_inconsistency 00000001800b39a0 f   sfc_debug:sfcdebug.obj
 0001:000b29d0       sf_debug_cycle_detecton_error 00000001800b39d0 f   sfc_debug:sfcdebug.obj
 0001:000b31c0       sf_debug_size_eq_check_1d  00000001800b41c0 f   sfc_debug:sfcdebug.obj
 0001:000b31e0       sf_debug_size_eq_check_nd  00000001800b41e0 f   sfc_debug:sfcdebug.obj
 0001:000b33c0       sf_debug_dim_size_eq_check 00000001800b43c0 f   sfc_debug:sfcdebug.obj
 0001:000b33f0       sf_debug_dim_size_geq_check 00000001800b43f0 f   sfc_debug:sfcdebug.obj
 0001:000b3420       sf_debug_sub_assign_size_check_nd 00000001800b4420 f   sfc_debug:sfcdebug.obj
 0001:000b3660       sf_debug_matrix_matrix_index_check 00000001800b4660 f   sfc_debug:sfcdebug.obj
 0001:000b3690       sf_debug_vector_vector_index_check 00000001800b4690 f   sfc_debug:sfcdebug.obj
 0001:000b36c0       sf_debug_runtime_error_msgid 00000001800b46c0 f   sfc_debug:sfcdebug.obj
 0001:000b3750       sf_debug_data_array_bounds_error_check 00000001800b4750 f   sfc_debug:sfcdebug.obj
 0001:000b3860       sf_debug_eml_data_array_bounds_error_check 00000001800b4860 f   sfc_debug:sfcdebug.obj
 0001:000b3d40       sf_debug_integer_check     00000001800b4d40 f   sfc_debug:sfcdebug.obj
 0001:000b3e20       sf_debug_not_nan_check     00000001800b4e20 f   sfc_debug:sfcdebug.obj
 0001:000b3ee0       sf_debug_non_negative_check 00000001800b4ee0 f   sfc_debug:sfcdebug.obj
 0001:000b3fa0       sf_debug_overflow_detection 00000001800b4fa0 f   sfc_debug:sfcdebug.obj
 0001:000b4690       sf_debug_cast_to_real32_T  00000001800b5690 f   sfc_debug:sfcdebug.obj
 0001:000b4750       sf_debug_cast_to_int8_T    00000001800b5750 f   sfc_debug:sfcdebug.obj
 0001:000b4810       sf_debug_cast_to_uint8_T   00000001800b5810 f   sfc_debug:sfcdebug.obj
 0001:000b48d0       sf_debug_cast_to_int16_T   00000001800b58d0 f   sfc_debug:sfcdebug.obj
 0001:000b4990       sf_debug_cast_to_uint16_T  00000001800b5990 f   sfc_debug:sfcdebug.obj
 0001:000b4a50       sf_debug_cast_to_int32_T   00000001800b5a50 f   sfc_debug:sfcdebug.obj
 0001:000b4b10       sf_debug_cast_to_uint32_T  00000001800b5b10 f   sfc_debug:sfcdebug.obj
 0001:000b4bd0       sf_debug_data_range_error  00000001800b5bd0 f   sfc_debug:sfcdebug.obj
 0001:000b5050       sf_debug_data_range_error_wrapper_min_max 00000001800b6050 f   sfc_debug:sfcdebug.obj
 0001:000b5140       sf_debug_data_range_error_wrapper_min 00000001800b6140 f   sfc_debug:sfcdebug.obj
 0001:000b5220       sf_debug_data_range_error_wrapper_max 00000001800b6220 f   sfc_debug:sfcdebug.obj
 0001:000b5300       sf_debug_data_range_wrapper 00000001800b6300 f   sfc_debug:sfcdebug.obj
 0001:000b53b0       sf_debug_set_current_status_info 00000001800b63b0 f   sfc_debug:sfcdebug.obj
[...]
 0001:000a6430       ml_check_mx_array_for_single_castability 00000001800a7430 f   sfc_mex:sfc_mex.obj
 0001:000a64d0       ml_check_mx_array_for_logical_castability 00000001800a74d0 f   sfc_mex:sfc_mex.obj
 0001:000a6570       ml_check_mx_array_for_int8_castability 00000001800a7570 f   sfc_mex:sfc_mex.obj
 0001:000a6620       ml_check_mx_array_for_uint8_castability 00000001800a7620 f   sfc_mex:sfc_mex.obj
 0001:000a6680       ml_check_mx_array_for_int16_castability 00000001800a7680 f   sfc_mex:sfc_mex.obj
 0001:000a66e0       ml_check_mx_array_for_uint16_castability 00000001800a76e0 f   sfc_mex:sfc_mex.obj
 0001:000a6740       ml_check_mx_array_for_int32_castability 00000001800a7740 f   sfc_mex:sfc_mex.obj
 0001:000a67a0       ml_check_mx_array_for_uint32_castability 00000001800a77a0 f   sfc_mex:sfc_mex.obj
 0001:000a6800       ml_check_mx_array_for_castability 00000001800a7800 f   sfc_mex:sfc_mex.obj
 0001:000a7130       set_data_value             00000001800a8130 f   sfc_mex:sfc_mex.obj
 0001:000a74a0       get_data_value             00000001800a84a0 f   sfc_mex:sfc_mex.obj
 0001:000a75b0       get_next_element_address   00000001800a85b0 f   sfc_mex:sfc_mex.obj
 0001:000a7680       sf_normalize_index         00000001800a8680 f   sfc_mex:sfc_mex.obj
 0001:000a7a10       ml_array_index_bound_check 00000001800a8a10 f   sfc_mex:sfc_mex.obj
 0001:000a8530       mx_value                   00000001800a9530 f   sfc_mex:sfc_mex.obj
 0001:000a8580       sf_create_numeric_array    00000001800a9580 f   sfc_mex:sfc_mex.obj
 0001:000a8620       sf_mex_assign_to_mx_array  00000001800a9620 f   sfc_mex:sfc_mex.obj
 0001:000a8970       assign_from_mx_array       00000001800a9970 f   sfc_mex:sfc_mex.obj
 0001:000a91a0       sf_mex_import_v            00000001800aa1a0 f   sfc_mex:sfc_mex.obj
 0001:000a9770       get_machine_and_chart_file_number 00000001800aa770 f   sfc_mex:sfc_sf.obj
 0001:000a9860       get_sfun_block_specialization 00000001800aa860 f   sfc_mex:sfc_sf.obj
 0001:000a98e0       call_sf_machine_global_method_dispatcher 00000001800aa8e0 f   sfc_mex:sfc_sf.obj
 0001:000a9b10       mdl_zeroCrossings_processing 00000001800aab10 f   sfc_mex:sfc_sf.obj
 0001:000a9be0       mdl_derivatives_processing 00000001800aabe0 f   sfc_mex:sfc_sf.obj
 0001:000a9ea0       mdl_outputs_continuous_legacy 00000001800aaea0 f   sfc_mex:sfc_sf.obj
 0001:000a9f20       mdl_outputs_processing     00000001800aaf20 f   sfc_mex:sfc_sf.obj
 0001:000aa150       mdl_enable_processing      00000001800ab150 f   sfc_mex:sfc_sf.obj
 0001:000aa220       mdl_disable_processing     00000001800ab220 f   sfc_mex:sfc_sf.obj
 0001:000aab70       write_symbol_mapping       00000001800abb70 f   sfc_mex:sfc_sf.obj
 0001:000ab290       sf_call_output_fcn_enable_disable 00000001800ac290 f   sfc_mex:sfc_sf.obj
 0001:000ab510       set_dwork_information_from_mx_array 00000001800ac510 f   sfc_mex:sfc_sf.obj
 0001:000abe00       ptr2mxStruct               00000001800ace00 f   sfc_mex:sfc_sf.obj
 0001:000ac110       SNPRINTF_WRAPPER           00000001800ad110 f   sfc_debug:sfcdebug.obj
 0001:000ac130       sf_debug_chart_instance_initialized_quick 00000001800ad130 f   sfc_debug:sfcdebug.obj
 0001:000ac140       sf_debug_chart_instance_initialized 00000001800ad140 f   sfc_debug:sfcdebug.obj
 0001:000ac2e0       sfrtAddSize                00000001800ad2e0 f   sfc_debug:sfcdebug.obj
 0001:000ac3a0       sfrtGenSizeString          00000001800ad3a0 f   sfc_debug:sfcdebug.obj
 0001:000acab0       sf_debug_sim_status_listener 00000001800adab0 f   sfc_debug:sfcdebug.obj
 0001:000ad020       sf_debug_form_mask_bits    00000001800ae020 f   sfc_debug:sfcdebug.obj
 0001:000ad060       sf_debug_form_sf_data_type_offsets 00000001800ae060 f   sfc_debug:sfcdebug.obj
 0001:000ad120       sf_debug_free_all          00000001800ae120 f   sfc_debug:sfcdebug.obj
 0001:000ad2a0       sf_debug_append_debugger_context 00000001800ae2a0 f   sfc_debug:sfcdebug.obj
 0001:000ad560       local_strdup               00000001800ae560 f   sfc_debug:sfcdebug.obj
 0001:000ae440       sf_debug_em_terminate      00000001800af440 f   sfc_debug:sfcdebug.obj
 0001:000ae480       sf_debug_push_eml_function 00000001800af480 f   sfc_debug:sfcdebug.obj
 0001:000ae520       sf_debug_pop_eml_function  00000001800af520 f   sfc_debug:sfcdebug.obj
 0001:000af220       sf_debug_get_machine_number_from_id_or_name 00000001800b0220 f   sfc_debug:sfcdebug.obj
 0001:000af370       sf_debug_get_chart_number_from_id 00000001800b0370 f   sfc_debug:sfcdebug.obj
 0001:000affe0       sf_debug_transfer_control_to_debugger_GUI 00000001800b0fe0 f   sfc_debug:sfcdebug.obj
 0001:000b0f80       sf_debug_scripts_rehash    00000001800b1f80 f   sfc_debug:sfcdebug.obj
 0001:000b11c0       sf_debug_get_script_line_count 00000001800b21c0 f   sfc_debug:sfcdebug.obj
 0001:000b18d0       cv_eml_state_cvId          00000001800b28d0 f   sfc_debug:sfcdebug.obj
 0001:000b2af0       sf_debug_data_array_bounds_error 00000001800b3af0 f   sfc_debug:sfcdebug.obj
 0001:000b2f20       eml_debug_runtime_error_doclink 00000001800b3f20 f   sfc_debug:sfcdebug.obj
 0001:000b30a0       sf_debug_runtime_error     00000001800b40a0 f   sfc_debug:sfcdebug.obj
 0001:000b3110       sf_debug_matlab_error      00000001800b4110 f   sfc_debug:sfcdebug.obj
 0001:000b39c0       sf_debug_data_value_error  00000001800b49c0 f   sfc_debug:sfcdebug.obj
 0001:000b42c0       sf_debug_data_loss_error   00000001800b52c0 f   sfc_debug:sfcdebug.obj
 0001:000b4f20       call_cv_range_check        00000001800b5f20 f   sfc_debug:sfcdebug.obj
 0001:000b56f0       sf_debug_invoke_cycle_detection_code 00000001800b66f0 f   sfc_debug:sfcdebug.obj
 0001:000b6560       sf_reset_debug_info_struct 00000001800b7560 f   sfc_debug:sfcdebug.obj
 0001:000b6e50       cv_script_cvId             00000001800b7e50 f   sfc_debug:sfcdebug.obj
 0001:000b7c40       sfc_api_chart_visible      00000001800b8c40 f   sfc_debug:sfc_api.obj
 0001:000b7cc0       sfc_api_active_instance    00000001800b8cc0 f   sfc_debug:sfc_api.obj
 0001:000b7d40       sfc_api_machine_load       00000001800b8d40 f   sfc_debug:sfc_api.obj
 0001:000b7e10       sfc_api_debugger_alive     00000001800b8e10 f   sfc_debug:sfc_api.obj
 0001:000b7e20       sfc_api_go                 00000001800b8e20 f   sfc_debug:sfc_api.obj
 0001:000b7e30       sfc_api_step_over          00000001800b8e30 f   sfc_debug:sfc_api.obj
 0001:000b7e40       sfc_api_step_out           00000001800b8e40 f   sfc_debug:sfc_api.obj
 0001:000b7e50       sfc_api_resume             00000001800b8e50 f   sfc_debug:sfc_api.obj
 0001:000b7e60       sfc_api_break              00000001800b8e60 f   sfc_debug:sfc_api.obj
 0001:000b7e70       sfc_api_stop_debugging     00000001800b8e70 f   sfc_debug:sfc_api.obj
 0001:000b7ec0       sfc_api_is_cycle_detected  00000001800b8ec0 f   sfc_debug:sfc_api.obj
 0001:000b7f10       sfc_api_is_array_bounds_detected 00000001800b8f10 f   sfc_debug:sfc_api.obj
 0001:000b7f60       sfc_api_set_disable_all_breakpoints 00000001800b8f60 f   sfc_debug:sfc_api.obj
 0001:000b7fd0       sfc_api_disable_all_breakpoints_and_go 00000001800b8fd0 f   sfc_debug:sfc_api.obj
 0001:000b7fe0       sfc_api_close              00000001800b8fe0 f   sfc_debug:sfc_api.obj
 0001:000b7ff0       sfc_api_browse_data        00000001800b8ff0 f   sfc_debug:sfc_api.obj
 0001:000b8060       sfc_api_watch_data         00000001800b9060 f   sfc_debug:sfc_api.obj
 0001:000b8100       sfc_api_assign_data        00000001800b9100 f   sfc_debug:sfc_api.obj
 0001:000b81a0       sfc_api_whos               00000001800b91a0 f   sfc_debug:sfc_api.obj
 0001:000b8230       sfc_api_get_consistency_info 00000001800b9230 f   sfc_debug:sfc_api.obj
 0001:000b8240       sfc_api_browse_trace       00000001800b9240 f   sfc_debug:sfc_api.obj
 0001:000b8250       sfc_api_break_on_chart_entry 00000001800b9250 f   sfc_debug:sfc_api.obj
 0001:000b8270       sfc_api_break_on_event_broadcast 00000001800b9270 f   sfc_debug:sfc_api.obj
 0001:000b8290       sfc_api_break_on_state_entry 00000001800b9290 f   sfc_debug:sfc_api.obj
 0001:000b82b0       sfc_api_set_watch          00000001800b92b0 f   sfc_debug:sfc_api.obj
 0001:000b8350       sfc_api_set_breakpoints    00000001800b9350 f   sfc_debug:sfc_api.obj
 0001:000b83f0       sfc_api_set_eml_breakpoints 00000001800b93f0 f   sfc_debug:sfc_api.obj
 0001:000b8470       sfc_api_set_script_breakpoints 00000001800b9470 f   sfc_debug:sfc_api.obj
 0001:000b84c0       sfc_api_add_script_breakpoints 00000001800b94c0 f   sfc_debug:sfc_api.obj
 0001:000b8510       sfc_api_clear_script_breakpoints 00000001800b9510 f   sfc_debug:sfc_api.obj
 0001:000b8560       sfc_api_query_script_breakpoints 00000001800b9560 f   sfc_debug:sfc_api.obj
 0001:000b85c0       sfc_api_get_script_id      00000001800b95c0 f   sfc_debug:sfc_api.obj
 0001:000b8680       sfc_api_get_active_states  00000001800b9680 f   sfc_debug:sfc_api.obj
 0001:000b8700       sfc_api_break_between_times 00000001800b9700 f   sfc_debug:sfc_api.obj
 0001:000b8760       sfc_api_get_instance_handle 00000001800b9760 f   sfc_debug:sfc_api.obj
 0001:000b8810       sfc_api_get_coverage       00000001800b9810 f   sfc_debug:sfc_api.obj
 0001:000b8890       sfc_api_set_animation      00000001800b9890 f   sfc_debug:sfc_api.obj
 0001:000b88e0       sfc_api_select_chart       00000001800b98e0 f   sfc_debug:sfc_api.obj
 0001:000b8940       sfc_api_select_charts      00000001800b9940 f   sfc_debug:sfc_api.obj
 0001:000b8970       sfc_api_cycle_detection_check 00000001800b9970 f   sfc_debug:sfc_api.obj
 0001:000b89c0       sfc_api_data_range_check   00000001800b99c0 f   sfc_debug:sfc_api.obj
 0001:000b8a10       sfc_api_transition_conflict_check 00000001800b9a10 f   sfc_debug:sfc_api.obj
 0001:000b8a60       sfc_api_state_consistency_check 00000001800b9a60 f   sfc_debug:sfc_api.obj
 0001:000b8ab0       sfc_api_set_instance_cv_ids 00000001800b9ab0 f   sfc_debug:sfc_api.obj
 0001:000b8bc0       sfc_api_set_script_cv_ids  00000001800b9bc0 f   sfc_debug:sfc_api.obj
 0001:000b8c60       sfc_api_get_current_machine_id 00000001800b9c60 f   sfc_debug:sfc_api.obj
 0001:000b8c90       sfc_api_get_current_machine_number 00000001800b9c90 f   sfc_debug:sfc_api.obj
 0001:000b8cc0       sfc_api_get_current_chart_number 00000001800b9cc0 f   sfc_debug:sfc_api.obj
 0001:000b8cf0       sfc_api_get_current_instance_number 00000001800b9cf0 f   sfc_debug:sfc_api.obj
 0001:000b8d20       sfc_api_get_current_instance_handle 00000001800b9d20 f   sfc_debug:sfc_api.obj
 0001:000b8d40       sfc_api_get_current_is_minor_time_step 00000001800b9d40 f   sfc_debug:sfc_api.obj
 0001:000b8d70       sfc_api_get_current_machine_name 00000001800b9d70 f   sfc_debug:sfc_api.obj
 0001:000b8d90       sfc_api_get_current_chart_id 00000001800b9d90 f   sfc_debug:sfc_api.obj
 0001:000b8dc0       sfc_api_get_current_object_type 00000001800b9dc0 f   sfc_debug:sfc_api.obj
 0001:000b8df0       sfc_api_get_current_event_type 00000001800b9df0 f   sfc_debug:sfc_api.obj
 0001:000b8e20       sfc_api_get_current_object_id 00000001800b9e20 f   sfc_debug:sfc_api.obj
 0001:000b8e50       sfc_get_current_active_event_type 00000001800b9e50 f   sfc_debug:sfc_api.obj
 0001:000b8e80       sfc_api_get_current_active_event_id 00000001800b9e80 f   sfc_debug:sfc_api.obj
 0001:000b8eb0       sfc_api_get_current_simulation_time 00000001800b9eb0 f   sfc_debug:sfc_api.obj
 0001:000b8ed0       sfc_get_current_tag_type   00000001800b9ed0 f   sfc_debug:sfc_api.obj
 0001:000b8f00       sfc_get_current_coverage_percentage 00000001800b9f00 f   sfc_debug:sfc_api.obj
 0001:000b8f20       sfc_get_current_statement_context 00000001800b9f20 f   sfc_debug:sfc_api.obj
 0001:000b8f40       sfc_get_current_optional_integer 00000001800b9f40 f   sfc_debug:sfc_api.obj
 0001:000b8f70       sfc_get_current_statement_info 00000001800b9f70 f   sfc_debug:sfc_api.obj
 0001:000b9010       sfc_api_get                00000001800ba010 f   sfc_debug:sfc_api.obj
 0001:000b9170       sf_debug_sm_is_using_unified_editors 00000001800ba170 f   sfc_debug:sfdb_animation.obj
 0001:000b9210       sf_debug_sm_is_chart_visible_in_unified_editors 00000001800ba210 f   sfc_debug:sfdb_animation.obj
 0001:000b92d0       sf_debug_sm_check_if_chart_is_visible 00000001800ba2d0 f   sfc_debug:sfdb_animation.obj
 0001:000b9dd0       sf_debug_sm_fill_state_activity_data 00000001800badd0 f   sfc_debug:sfdb_animation.obj
 0001:000bc3c0       sf_debug_hm_get_simulink_handle 00000001800bd3c0 f   sfc_debug:sfdb_handle_management.obj
 0001:000bcf10       sf_debug_hm_initialize_globals 00000001800bdf10 f   sfc_debug:sfdb_handle_management.obj
 0001:000bd010       sf_debug_hm_get_machine_debug_flag 00000001800be010 f   sfc_debug:sfdb_handle_management.obj
 0001:000bd180       sf_debug_hm_get_machine_id 00000001800be180 f   sfc_debug:sfdb_handle_management.obj
 0001:000bd2a0       sf_debug_hm_get_chart_id   00000001800be2a0 f   sfc_debug:sfdb_handle_management.obj
 0001:000bd440       sf_debug_hm_register_executing_SFunction 00000001800be440 f   sfc_debug:sfdb_handle_management.obj
 0001:000bd5e0       sf_debug_hm_get_chart_active_instance 00000001800be5e0 f   sfc_debug:sfdb_handle_management.obj
 0001:000bd750       sf_debug_hm_get_chart_visibility 00000001800be750 f   sfc_debug:sfdb_handle_management.obj
 0001:000bd8a0       sf_debug_hm_form_object_boolean_properties 00000001800be8a0 f   sfc_debug:sfdb_handle_management.obj
 0001:000bdb70       sf_debug_hm_form_object_properties 00000001800beb70 f   sfc_debug:sfdb_handle_management.obj
 0001:000bddb0       sf_debug_hm_terminate_charts 00000001800bedb0 f   sfc_debug:sfdb_handle_management.obj
 0001:000be520       sf_debug_hm_terminate_machines 00000001800bf520 f   sfc_debug:sfdb_handle_management.obj
 0001:000bfe40       void_ptr_stack_vector_free_total 00000001800c0e40 f   sfc_debug:sfdb_data_browse.obj
 0001:000bfed0       sf_debug_st_terminate_machine 00000001800c0ed0 f   sfc_debug:sfdb_data_browse.obj
 0001:000bff10       sf_debug_st_terminate_instance 00000001800c0f10 f   sfc_debug:sfdb_data_browse.obj
 0001:000c02c0       push_on_to_void_ptr_stack  00000001800c12c0 f   sfc_debug:sfdb_data_browse.obj
 0001:000c0450       pop_from_void_ptr_stack    00000001800c1450 f   sfc_debug:sfdb_data_browse.obj
 0001:000c0580       sf_debug_st_get_data_value 00000001800c1580 f   sfc_debug:sfdb_data_browse.obj
 0001:000c0b10       mx_value                   00000001800c1b10 f   sfc_debug:sfdb_data_browse.obj
 0001:000c0b50       sf_debug_st_fill_data_struct 00000001800c1b50 f   sfc_debug:sfdb_data_browse.obj
 0001:000c0e90       data_type_format_strings   00000001800c1e90 f   sfc_debug:sfdb_data_browse.obj
 0001:000c0f40       sf_debug_st_fill_data      00000001800c1f40 f   sfc_debug:sfdb_data_browse.obj
 0001:000c2180       sf_debug_ss_copy_dimension 00000001800c3180 f   sfc_debug:sfdb_symbol_scope.obj
 0001:000c2240       sf_debug_ss_get_number_elements 00000001800c3240 f   sfc_debug:sfdb_symbol_scope.obj
 0001:000c2260       sf_debug_ss_fill_data_struct 00000001800c3260 f   sfc_debug:sfdb_symbol_scope.obj
 0001:000c25b0       sf_debug_ss_reset_data_info 00000001800c35b0 f   sfc_debug:sfdb_symbol_scope.obj
 0001:000c2610       sf_debug_fill_data_info_by_symbol_scope_entry 00000001800c3610 f   sfc_debug:sfdb_symbol_scope.obj
 0001:000c26d0       sf_debug_fill_data_info_by_data_vector 00000001800c36d0 f   sfc_debug:sfdb_symbol_scope.obj
 0001:000c2920       sf_debug_ss_get_data_info  00000001800c3920 f   sfc_debug:sfdb_symbol_scope.obj
 0001:000c2c10       sf_debug_select_mex_function 00000001800c3c10 f   sfc_debug:sfdb_symbol_scope.obj
 0001:000c2c40       sf_debug_is_dyn_matrix_initialized 00000001800c3c40 f   sfc_debug:sfdb_symbol_scope.obj
 0001:000c2c60       sf_debug_ss_set_data_value_try 00000001800c3c60 f   sfc_debug:sfdb_symbol_scope.obj
 0001:000c2e30       sf_debug_ss_get_data_value 00000001800c3e30 f   sfc_debug:sfdb_symbol_scope.obj
 0001:000c3380       sf_debug_ss_data_bytes_string 00000001800c4380 f   sfc_debug:sfdb_symbol_scope.obj
 0001:000c3430       sf_debug_ss_data_class_string 00000001800c4430 f   sfc_debug:sfdb_symbol_scope.obj
 0001:000c37c0       sf_debug_ss_data_size_string 00000001800c47c0 f   sfc_debug:sfdb_symbol_scope.obj
 0001:000c38a0       sf_debug_ss_data_create_data_info_struct 00000001800c48a0 f   sfc_debug:sfdb_symbol_scope.obj
 0001:000c3b70       sf_debug_ss_data_create_name_value_pair 00000001800c4b70 f   sfc_debug:sfdb_symbol_scope.obj
 0001:000c3c10       sf_debug_ss_data_get_whos_info 00000001800c4c10 f   sfc_debug:sfdb_symbol_scope.obj
 0001:000c3c20       same_named_data_in_data_array 00000001800c4c20 f   sfc_debug:sfdb_symbol_scope.obj
 0001:000c5490       sf_debug_cc_terminate_chart 00000001800c6490 f   sfc_debug:sfdb_coverage.obj
 0001:000c5830       sf_debug_cc_terminate_instance 00000001800c6830 f   sfc_debug:sfdb_coverage.obj
 0001:000c6420       sf_debug_cc_mark_object_if_needed 00000001800c7420 f   sfc_debug:sfdb_coverage.obj
 0001:000c67e0       sf_debug_cc_fill_transition_coverage_data 00000001800c77e0 f   sfc_debug:sfdb_coverage.obj
 0001:000c6970       sf_debug_cc_fill_transition_coverage_map 00000001800c7970 f   sfc_debug:sfdb_coverage.obj
 0001:000c6c20       sf_debug_cc_fill_state_coverage_map 00000001800c7c20 f   sfc_debug:sfdb_coverage.obj
 0001:000c6e70       sf_debug_cc_fill_state_coverage_data 00000001800c7e70 f   sfc_debug:sfdb_coverage.obj
 0001:000c7ab0       sf_debug_bm_initialize_eml 00000001800c8ab0 f   sfc_debug:sfdb_breakpoints.obj
 0001:000c8c20       sf_debug_bm_map_debug_tag_to_breakpoint_tag 00000001800c9c20 f   sfc_debug:sfdb_breakpoints.obj
 0001:000c8d00       sf_debug_bm_is_a_eml_breakpoint_impl 00000001800c9d00 f   sfc_debug:sfdb_breakpoints.obj
 0001:000ca780       sf_debug_sc_push_on_error_stack 00000001800cb780 f   sfc_debug:sfdb_state_consistency.obj
 0001:000ca8b0       sf_debug_sc_reset_error_stack 00000001800cb8b0 f   sfc_debug:sfdb_state_consistency.obj
 0001:000caa40       sf_debug_sc_is_state_inconsistent 00000001800cba40 f   sfc_debug:sfdb_state_consistency.obj
 0001:000cad40       sf_debug_sc_fill_consistency_info 00000001800cbd40 f   sfc_debug:sfdb_state_consistency.obj
 0001:000cb320       void_assertion_fcn         00000001800cc320 f   sfc_debug:sfdb_call_stack.obj
 0001:000cb8a0       sf_debug_tm_fill_local_trace 00000001800cc8a0 f   sfc_debug:sfdb_call_stack.obj
 0001:000cbe70       sf_debug_cd_terminate_instance 00000001800cce70 f   sfc_debug:sfdb_cycle_detection.obj
 0001:000cbed0       sf_debug_cd_free_checksum_stack 00000001800cced0 f   sfc_debug:sfdb_cycle_detection.obj
 0001:000cbf20       sf_debug_cd_reset_pack_strings 00000001800ccf20 f   sfc_debug:sfdb_cycle_detection.obj
 0001:000cc5e0       md5file_clear              00000001800cd5e0 f   sfc_debug:ckmd5.obj
 0001:000cc610       Encode                     00000001800cd610 f   sfc_debug:ckmd5.obj
 0001:000cc660       Decode                     00000001800cd660 f   sfc_debug:ckmd5.obj
 0001:000cc700       MD5Transform               00000001800cd700 f   sfc_debug:ckmd5.obj
 0001:000ccf50       md5file_addn               00000001800cdf50 f   sfc_debug:ckmd5.obj
 0001:000cd020       md5file_hash               00000001800ce020 f   sfc_debug:ckmd5.obj
 0001:000cd4ec       pre_c_init                 00000001800ce4ec f   MSVCRT:crtdll.obj
 0001:000cd7a8       __DllMainCRTStartup        00000001800ce7a8 f   MSVCRT:crtdll.obj
 0001:000cdeb0       __DllMainCRTStartup$filt$0 00000001800ceeb0 f   MSVCRT:crtdll.obj
 0001:000cdee0       __DllMainCRTStartup$fin$1  00000001800ceee0 f   MSVCRT:crtdll.obj
 0001:000cdefa       _onexit$fin$0              00000001800ceefa f   MSVCRT:atonexit.obj
 0001:000cdf20       _IsNonwritableInCurrentImage$filt$0 00000001800cef20 f   MSVCRT:pesect.obj
