 hyd_hyb_2_opt_cont_2_3_sfun

 Timestamp is 4ff868dc (Sat Jul 07 21:20:36 2012)

 Preferred load address is 0000000180000000

 Start         Length     Name                   Class
 0001:00000000 000588d4H .text                   CODE
 0001:000588e0 00000092H .text$x                 CODE
 0002:00000000 00000470H .idata$5                DATA
 0002:00000470 00000008H .CRT$XCA                DATA
 0002:00000478 00000008H .CRT$XCZ                DATA
 0002:00000480 00000008H .CRT$XIA                DATA
 0002:00000488 00000008H .CRT$XIAA               DATA
 0002:00000490 00000008H .CRT$XIZ                DATA
 0002:000004a0 00004cfcH .rdata                  DATA
 0002:000051a0 00000008H .rtc$IAA                DATA
 0002:000051a8 00000008H .rtc$IZZ                DATA
 0002:000051b0 00000008H .rtc$TAA                DATA
 0002:000051b8 00000008H .rtc$TZZ                DATA
 0002:000051c0 00004824H .xdata                  DATA
 0002:000099e4 000000a0H .idata$2                DATA
 0002:00009a84 00000014H .idata$3                DATA
 0002:00009a98 00000470H .idata$4                DATA
 0002:00009f08 00000a26H .idata$6                DATA
 0002:0000a930 00000061H .edata                  DATA
 0003:00000000 00006c68H .data                   DATA
 0003:00006c80 00002698H .bss                    DATA
 0004:00000000 00003c6cH .pdata                  DATA

  Address         Publics by Value              Rva+Base               Lib:Object

 0000:00000000       ___safe_se_handler_count   0000000000000000     <absolute>
 0000:00000000       ___safe_se_handler_table   0000000000000000     <absolute>
 0000:00000000       __ImageBase                0000000180000000     <linker-defined>
 0001:00000000       sf_c1_hyd_hyb_2_opt_cont_2_3_get_eml_resolved_functions_info 0000000180001000 f   c1_hyd_hyb_2_opt_cont_2_3.obj
 0001:00000080       sf_c1_hyd_hyb_2_opt_cont_2_3_get_check_sum 0000000180001080 f   c1_hyd_hyb_2_opt_cont_2_3.obj
 0001:00000100       sf_c1_hyd_hyb_2_opt_cont_2_3_get_autoinheritance_info 0000000180001100 f   c1_hyd_hyb_2_opt_cont_2_3.obj
 0001:000006d0       sf_internal_get_sim_state_c1_hyd_hyb_2_opt_cont_2_3 00000001800016d0 f   c1_hyd_hyb_2_opt_cont_2_3.obj
 0001:00000be0       sf_internal_set_sim_state_c1_hyd_hyb_2_opt_cont_2_3 0000000180001be0 f   c1_hyd_hyb_2_opt_cont_2_3.obj
 0001:00001540       c1_hyd_hyb_2_opt_cont_2_3_method_dispatcher 0000000180002540 f   c1_hyd_hyb_2_opt_cont_2_3.obj
 0001:00003f10       sf_c2_hyd_hyb_2_opt_cont_2_3_get_eml_resolved_functions_info 0000000180004f10 f   c2_hyd_hyb_2_opt_cont_2_3.obj
 0001:00003f90       sf_c2_hyd_hyb_2_opt_cont_2_3_get_check_sum 0000000180004f90 f   c2_hyd_hyb_2_opt_cont_2_3.obj
 0001:00004010       sf_c2_hyd_hyb_2_opt_cont_2_3_get_autoinheritance_info 0000000180005010 f   c2_hyd_hyb_2_opt_cont_2_3.obj
 0001:000051e0       sf_internal_get_sim_state_c2_hyd_hyb_2_opt_cont_2_3 00000001800061e0 f   c2_hyd_hyb_2_opt_cont_2_3.obj
 0001:00005710       sf_internal_set_sim_state_c2_hyd_hyb_2_opt_cont_2_3 0000000180006710 f   c2_hyd_hyb_2_opt_cont_2_3.obj
 0001:00006390       c2_hyd_hyb_2_opt_cont_2_3_method_dispatcher 0000000180007390 f   c2_hyd_hyb_2_opt_cont_2_3.obj
 0001:0000d970       sf_c3_hyd_hyb_2_opt_cont_2_3_get_eml_resolved_functions_info 000000018000e970 f   c3_hyd_hyb_2_opt_cont_2_3.obj
 0001:0000d9f0       sf_c3_hyd_hyb_2_opt_cont_2_3_get_check_sum 000000018000e9f0 f   c3_hyd_hyb_2_opt_cont_2_3.obj
 0001:0000da70       sf_c3_hyd_hyb_2_opt_cont_2_3_get_autoinheritance_info 000000018000ea70 f   c3_hyd_hyb_2_opt_cont_2_3.obj
 0001:0000e040       sf_internal_get_sim_state_c3_hyd_hyb_2_opt_cont_2_3 000000018000f040 f   c3_hyd_hyb_2_opt_cont_2_3.obj
 0001:0000e380       sf_internal_set_sim_state_c3_hyd_hyb_2_opt_cont_2_3 000000018000f380 f   c3_hyd_hyb_2_opt_cont_2_3.obj
 0001:0000e770       c3_hyd_hyb_2_opt_cont_2_3_method_dispatcher 000000018000f770 f   c3_hyd_hyb_2_opt_cont_2_3.obj
 0001:000109c0       sf_c4_hyd_hyb_2_opt_cont_2_3_get_eml_resolved_functions_info 00000001800119c0 f   c4_hyd_hyb_2_opt_cont_2_3.obj
 0001:00010a40       sf_c4_hyd_hyb_2_opt_cont_2_3_get_check_sum 0000000180011a40 f   c4_hyd_hyb_2_opt_cont_2_3.obj
 0001:00010ac0       sf_c4_hyd_hyb_2_opt_cont_2_3_get_autoinheritance_info 0000000180011ac0 f   c4_hyd_hyb_2_opt_cont_2_3.obj
 0001:00011090       sf_internal_get_sim_state_c4_hyd_hyb_2_opt_cont_2_3 0000000180012090 f   c4_hyd_hyb_2_opt_cont_2_3.obj
 0001:00011460       sf_internal_set_sim_state_c4_hyd_hyb_2_opt_cont_2_3 0000000180012460 f   c4_hyd_hyb_2_opt_cont_2_3.obj
 0001:00011c70       c4_hyd_hyb_2_opt_cont_2_3_method_dispatcher 0000000180012c70 f   c4_hyd_hyb_2_opt_cont_2_3.obj
 0001:00014290       sf_c5_hyd_hyb_2_opt_cont_2_3_get_eml_resolved_functions_info 0000000180015290 f   c5_hyd_hyb_2_opt_cont_2_3.obj
 0001:00014310       sf_c5_hyd_hyb_2_opt_cont_2_3_get_check_sum 0000000180015310 f   c5_hyd_hyb_2_opt_cont_2_3.obj
 0001:00014390       sf_c5_hyd_hyb_2_opt_cont_2_3_get_autoinheritance_info 0000000180015390 f   c5_hyd_hyb_2_opt_cont_2_3.obj
 0001:00014960       sf_internal_get_sim_state_c5_hyd_hyb_2_opt_cont_2_3 0000000180015960 f   c5_hyd_hyb_2_opt_cont_2_3.obj
 0001:00014ca0       sf_internal_set_sim_state_c5_hyd_hyb_2_opt_cont_2_3 0000000180015ca0 f   c5_hyd_hyb_2_opt_cont_2_3.obj
 0001:00015090       c5_hyd_hyb_2_opt_cont_2_3_method_dispatcher 0000000180016090 f   c5_hyd_hyb_2_opt_cont_2_3.obj
 0001:00017310       sf_c6_hyd_hyb_2_opt_cont_2_3_get_eml_resolved_functions_info 0000000180018310 f   c6_hyd_hyb_2_opt_cont_2_3.obj
 0001:00017390       sf_c6_hyd_hyb_2_opt_cont_2_3_get_check_sum 0000000180018390 f   c6_hyd_hyb_2_opt_cont_2_3.obj
 0001:00017410       sf_c6_hyd_hyb_2_opt_cont_2_3_get_autoinheritance_info 0000000180018410 f   c6_hyd_hyb_2_opt_cont_2_3.obj
 0001:000179e0       sf_internal_get_sim_state_c6_hyd_hyb_2_opt_cont_2_3 00000001800189e0 f   c6_hyd_hyb_2_opt_cont_2_3.obj
 0001:00017d20       sf_internal_set_sim_state_c6_hyd_hyb_2_opt_cont_2_3 0000000180018d20 f   c6_hyd_hyb_2_opt_cont_2_3.obj
 0001:00018110       c6_hyd_hyb_2_opt_cont_2_3_method_dispatcher 0000000180019110 f   c6_hyd_hyb_2_opt_cont_2_3.obj
 0001:0001a370       sf_c7_hyd_hyb_2_opt_cont_2_3_get_eml_resolved_functions_info 000000018001b370 f   c7_hyd_hyb_2_opt_cont_2_3.obj
 0001:0001a3f0       sf_c7_hyd_hyb_2_opt_cont_2_3_get_check_sum 000000018001b3f0 f   c7_hyd_hyb_2_opt_cont_2_3.obj
 0001:0001a470       sf_c7_hyd_hyb_2_opt_cont_2_3_get_autoinheritance_info 000000018001b470 f   c7_hyd_hyb_2_opt_cont_2_3.obj
 0001:0001aa40       sf_internal_get_sim_state_c7_hyd_hyb_2_opt_cont_2_3 000000018001ba40 f   c7_hyd_hyb_2_opt_cont_2_3.obj
 0001:0001ad80       sf_internal_set_sim_state_c7_hyd_hyb_2_opt_cont_2_3 000000018001bd80 f   c7_hyd_hyb_2_opt_cont_2_3.obj
 0001:0001b170       c7_hyd_hyb_2_opt_cont_2_3_method_dispatcher 000000018001c170 f   c7_hyd_hyb_2_opt_cont_2_3.obj
 0001:0001d3f0       sf_c8_hyd_hyb_2_opt_cont_2_3_get_eml_resolved_functions_info 000000018001e3f0 f   c8_hyd_hyb_2_opt_cont_2_3.obj
 0001:0001dfd0       sf_c8_hyd_hyb_2_opt_cont_2_3_get_check_sum 000000018001efd0 f   c8_hyd_hyb_2_opt_cont_2_3.obj
 0001:0001e050       sf_c8_hyd_hyb_2_opt_cont_2_3_get_autoinheritance_info 000000018001f050 f   c8_hyd_hyb_2_opt_cont_2_3.obj
 0001:0001eb40       sf_internal_get_sim_state_c8_hyd_hyb_2_opt_cont_2_3 000000018001fb40 f   c8_hyd_hyb_2_opt_cont_2_3.obj
 0001:0001eff0       sf_internal_set_sim_state_c8_hyd_hyb_2_opt_cont_2_3 000000018001fff0 f   c8_hyd_hyb_2_opt_cont_2_3.obj
 0001:0001f480       c8_hyd_hyb_2_opt_cont_2_3_method_dispatcher 0000000180020480 f   c8_hyd_hyb_2_opt_cont_2_3.obj
 0001:00022080       sf_c9_hyd_hyb_2_opt_cont_2_3_get_eml_resolved_functions_info 0000000180023080 f   c9_hyd_hyb_2_opt_cont_2_3.obj
 0001:00022920       sf_c9_hyd_hyb_2_opt_cont_2_3_get_check_sum 0000000180023920 f   c9_hyd_hyb_2_opt_cont_2_3.obj
 0001:000229a0       sf_c9_hyd_hyb_2_opt_cont_2_3_get_autoinheritance_info 00000001800239a0 f   c9_hyd_hyb_2_opt_cont_2_3.obj
 0001:00023350       sf_internal_get_sim_state_c9_hyd_hyb_2_opt_cont_2_3 0000000180024350 f   c9_hyd_hyb_2_opt_cont_2_3.obj
 0001:00023820       sf_internal_set_sim_state_c9_hyd_hyb_2_opt_cont_2_3 0000000180024820 f   c9_hyd_hyb_2_opt_cont_2_3.obj
 0001:00023cb0       c9_hyd_hyb_2_opt_cont_2_3_method_dispatcher 0000000180024cb0 f   c9_hyd_hyb_2_opt_cont_2_3.obj
 0001:00026050       sf_process_check_sum_call  0000000180027050 f   hyd_hyb_2_opt_cont_2_3_sfun_registry.obj
 0001:000260a0       sf_process_autoinheritance_call 00000001800270a0 f   hyd_hyb_2_opt_cont_2_3_sfun_registry.obj
 0001:00026220       sf_process_get_eml_resolved_functions_info_call 0000000180027220 f   hyd_hyb_2_opt_cont_2_3_sfun_registry.obj
 0001:000263a0       sf_mex_unlock_call         00000001800273a0 f   hyd_hyb_2_opt_cont_2_3_sfun_registry.obj
 0001:00026450       sf_machine_global_initializer_called 0000000180027450 f   hyd_hyb_2_opt_cont_2_3_sfun_registry.obj
 0001:00026480       sf_machine_global_method_dispatcher 0000000180027480 f   hyd_hyb_2_opt_cont_2_3_sfun_registry.obj
 0001:000264e0       sf_machine_global_terminator 00000001800274e0 f   hyd_hyb_2_opt_cont_2_3_sfun_registry.obj
 0001:00026520       sf_register_machine_exported_symbols 0000000180027520 f   hyd_hyb_2_opt_cont_2_3_sfun_registry.obj
 0001:00026540       callCustomFcn              0000000180027540 f   hyd_hyb_2_opt_cont_2_3_sfun_registry.obj
 0001:00026550       sf_machine_global_initializer 0000000180027550 f   hyd_hyb_2_opt_cont_2_3_sfun_registry.obj
 0001:000265c0       _ssSetStateAbsTol          00000001800275c0 f   hyd_hyb_2_opt_cont_2_3_sfun_registry.obj
 0001:000266a0       _ssGetAbsTol               00000001800276a0 f   hyd_hyb_2_opt_cont_2_3_sfun_registry.obj
 0001:00026710       _ssSetInputPortMatrixDimensions 0000000180027710 f   hyd_hyb_2_opt_cont_2_3_sfun_registry.obj
 0001:00026820       _ssSetOutputPortMatrixDimensions 0000000180027820 f   hyd_hyb_2_opt_cont_2_3_sfun_registry.obj
 0001:00026930       _ssSetInputPortVectorDimension 0000000180027930 f   hyd_hyb_2_opt_cont_2_3_sfun_registry.obj
 0001:00026a00       _ssSetOutputPortVectorDimension 0000000180027a00 f   hyd_hyb_2_opt_cont_2_3_sfun_registry.obj
 0001:00026ad0       ssIsRunTimeParamTunable    0000000180027ad0 f   hyd_hyb_2_opt_cont_2_3_sfun_registry.obj
 0001:00026b40       ssGetSFuncBlockHandle      0000000180027b40 f   hyd_hyb_2_opt_cont_2_3_sfun_registry.obj
 0001:00026bb0       _ssGetCurrentInputPortWidth 0000000180027bb0 f   hyd_hyb_2_opt_cont_2_3_sfun_registry.obj
 0001:00026cd0       _ssGetCurrentOutputPortWidth 0000000180027cd0 f   hyd_hyb_2_opt_cont_2_3_sfun_registry.obj
 0001:00026df0       _ssGetCallSystemNumFcnCallDestinations 0000000180027df0 f   hyd_hyb_2_opt_cont_2_3_sfun_registry.obj
 0001:00026e60       ssWarning                  0000000180027e60 f   hyd_hyb_2_opt_cont_2_3_sfun_registry.obj
 0001:00026f70       ssGetIsZeroCrossControlDisabled 0000000180027f70 f   hyd_hyb_2_opt_cont_2_3_sfun_registry.obj
 0001:00026fe0       ssSetIsInputPortUsedForContZcSignal 0000000180027fe0 f   hyd_hyb_2_opt_cont_2_3_sfun_registry.obj
 0001:00027050       ssSetZcSignalIsZcElementDisc 0000000180028050 f   hyd_hyb_2_opt_cont_2_3_sfun_registry.obj
 0001:00027100       ssSetZcSignalName          0000000180028100 f   hyd_hyb_2_opt_cont_2_3_sfun_registry.obj
 0001:00027170       ssSetZcSignalWidth         0000000180028170 f   hyd_hyb_2_opt_cont_2_3_sfun_registry.obj
 0001:000271e0       ssSetZcSignalZcEventType   00000001800281e0 f   hyd_hyb_2_opt_cont_2_3_sfun_registry.obj
 0001:00027250       ssSetZcSignalType          0000000180028250 f   hyd_hyb_2_opt_cont_2_3_sfun_registry.obj
 0001:000272c0       ssSetZcSignalZcTol         00000001800282c0 f   hyd_hyb_2_opt_cont_2_3_sfun_registry.obj
 0001:00027330       ssSetZcSignalNeedsEventNotification 0000000180028330 f   hyd_hyb_2_opt_cont_2_3_sfun_registry.obj
 0001:000273a0       ssCreateAndAddZcSignalInfo 00000001800283a0 f   hyd_hyb_2_opt_cont_2_3_sfun_registry.obj
 0001:00027410       ssCloneAndAddZcSignalInfo  0000000180028410 f   hyd_hyb_2_opt_cont_2_3_sfun_registry.obj
 0001:00027480       ssGetNumZcSignals          0000000180028480 f   hyd_hyb_2_opt_cont_2_3_sfun_registry.obj
 0001:000274f0       ssGetZcSignalVector        00000001800284f0 f   hyd_hyb_2_opt_cont_2_3_sfun_registry.obj
 0001:00027560       ssGetZcSignalZcEvents      0000000180028560 f   hyd_hyb_2_opt_cont_2_3_sfun_registry.obj
 0001:000275d0       ssGetZcSignalName          00000001800285d0 f   hyd_hyb_2_opt_cont_2_3_sfun_registry.obj
 0001:00027640       ssGetZcSignalWidth         0000000180028640 f   hyd_hyb_2_opt_cont_2_3_sfun_registry.obj
 0001:000276b0       ssGetZcSignalZcEventType   00000001800286b0 f   hyd_hyb_2_opt_cont_2_3_sfun_registry.obj
 0001:00027720       ssGetZcSignalType          0000000180028720 f   hyd_hyb_2_opt_cont_2_3_sfun_registry.obj
 0001:00027790       ssGetZcSignalZcTol         0000000180028790 f   hyd_hyb_2_opt_cont_2_3_sfun_registry.obj
 0001:00027810       ssGetZcSignalNeedsEventNotification 0000000180028810 f   hyd_hyb_2_opt_cont_2_3_sfun_registry.obj
 0001:00027880       ssGetZcSignalIsZcElementDisc 0000000180028880 f   hyd_hyb_2_opt_cont_2_3_sfun_registry.obj
 0001:00027920       ssGetIsInputPortElementContinuous 0000000180028920 f   hyd_hyb_2_opt_cont_2_3_sfun_registry.obj
 0001:000279c0       _ssGetInputPortSignalPtrsFcn 00000001800289c0 f   hyd_hyb_2_opt_cont_2_3_sfun_registry.obj
 0001:00027c80       _ssGetInputPortSignalFcn   0000000180028c80 f   hyd_hyb_2_opt_cont_2_3_sfun_registry.obj
 0001:00027ea0       _ssSetInputPortDirectFeedThroughFcn 0000000180028ea0 f   hyd_hyb_2_opt_cont_2_3_sfun_registry.obj
 0001:00028000       _ssSetInputPortReusableFcn 0000000180029000 f   hyd_hyb_2_opt_cont_2_3_sfun_registry.obj
 0001:000280f0       _ssSetOutputPortReusableFcn 00000001800290f0 f   hyd_hyb_2_opt_cont_2_3_sfun_registry.obj
 0001:000281d0       ssGetDTypeIdFromMxArray    00000001800291d0 f   hyd_hyb_2_opt_cont_2_3_sfun_registry.obj
 0001:000282f0       ssWriteRTWStr              00000001800292f0 f   hyd_hyb_2_opt_cont_2_3_sfun_registry.obj
 0001:00028350       ssWriteRTWMxVectParam      0000000180029350 f   hyd_hyb_2_opt_cont_2_3_sfun_registry.obj
 0001:000283b0       ssWriteRTWMx2dMatParam     00000001800293b0 f   hyd_hyb_2_opt_cont_2_3_sfun_registry.obj
 0001:00028430       ssWriteRTWNameValuePair    0000000180029430 f   hyd_hyb_2_opt_cont_2_3_sfun_registry.obj
 0001:00028920       ssWriteRTWParameters       0000000180029920 f   hyd_hyb_2_opt_cont_2_3_sfun_registry.obj
 0001:00028f20       ssWriteRTWParamSettings    0000000180029f20 f   hyd_hyb_2_opt_cont_2_3_sfun_registry.obj
 0001:000295f0       ssWriteRTWWorkVect         000000018002a5f0 f   hyd_hyb_2_opt_cont_2_3_sfun_registry.obj
 0001:00029af0       mexFunction                000000018002aaf0 f   hyd_hyb_2_opt_cont_2_3_sfun_registry.obj
 0001:0002b730       ProcessMexSfunctionEveryCall 000000018002c730 f   hyd_hyb_2_opt_cont_2_3_sfun_registry.obj
 0001:0002b8a0       hyd_hyb_2_opt_cont_2_3_initializer 000000018002c8a0 f   hyd_hyb_2_opt_cont_2_3_sfun.obj
 0001:0002b8b0       hyd_hyb_2_opt_cont_2_3_terminator 000000018002c8b0 f   hyd_hyb_2_opt_cont_2_3_sfun.obj
 0001:0002b8c0       sf_hyd_hyb_2_opt_cont_2_3_method_dispatcher 000000018002c8c0 f   hyd_hyb_2_opt_cont_2_3_sfun.obj
 0001:0002ba20       sf_hyd_hyb_2_opt_cont_2_3_process_check_sum_call 000000018002ca20 f   hyd_hyb_2_opt_cont_2_3_sfun.obj
 0001:0002bef0       sf_hyd_hyb_2_opt_cont_2_3_autoinheritance_info 000000018002cef0 f   hyd_hyb_2_opt_cont_2_3_sfun.obj
 0001:0002c0b0       sf_hyd_hyb_2_opt_cont_2_3_get_eml_resolved_functions_info 000000018002d0b0 f   hyd_hyb_2_opt_cont_2_3_sfun.obj
 0001:0002c3e0       hyd_hyb_2_opt_cont_2_3_debug_initialize 000000018002d3e0 f   hyd_hyb_2_opt_cont_2_3_sfun.obj
 0001:0002c450       hyd_hyb_2_opt_cont_2_3_register_exported_symbols 000000018002d450 f   hyd_hyb_2_opt_cont_2_3_sfun.obj
 0001:0002c500       sf_mex_mx_is_numeric       000000018002d500 f   sfc_mex:sfc_mex.obj
 0001:0002c540       strcmp_ignore_ws           000000018002d540 f   sfc_mex:sfc_mex.obj
 0001:0002c680       sf_mex_duplicatearraysafe  000000018002d680 f   sfc_mex:sfc_mex.obj
 0001:0002c7e0       sf_set_error_debugger_context_message_fcn 000000018002d7e0 f   sfc_mex:sfc_mex.obj
 0001:0002c7f0       sf_set_debugger_matlab_error_fcn 000000018002d7f0 f   sfc_mex:sfc_mex.obj
 0001:0002c820       sf_set_error_prefix_string 000000018002d820 f   sfc_mex:sfc_mex.obj
 0001:0002c850       sf_get_error_prefix_string 000000018002d850 f   sfc_mex:sfc_mex.obj
 0001:0002c860       sf_get_current_jmp_buf_ptr 000000018002d860 f   sfc_mex:sfc_mex.obj
 0001:0002c870       sf_set_current_jmp_buf_ptr 000000018002d870 f   sfc_mex:sfc_mex.obj
 0001:0002c880       sf_mex_set_halt_simulation 000000018002d880 f   sfc_mex:sfc_mex.obj
 0001:0002c890       sf_mex_get_halt_simulation 000000018002d890 f   sfc_mex:sfc_mex.obj
 0001:0002c8a0       sf_mex_clear_error_message 000000018002d8a0 f   sfc_mex:sfc_mex.obj
 0001:0002c8c0       sf_mex_get_error_message_for_read 000000018002d8c0 f   sfc_mex:sfc_mex.obj
 0001:0002c8d0       sf_mex_get_error_message_buffer_length 000000018002d8d0 f   sfc_mex:sfc_mex.obj
 0001:0002c9b0       sf_mex_warning_message     000000018002d9b0 f   sfc_mex:sfc_mex.obj
 0001:0002ca20       sf_mex_v_errbuf_createf    000000018002da20 f   sfc_mex:sfc_mex.obj
 0001:0002ca30       sf_mex_errbuf_createf      000000018002da30 f   sfc_mex:sfc_mex.obj
 0001:0002ca60       sf_mex_v_errbuf_catf       000000018002da60 f   sfc_mex:sfc_mex.obj
 0001:0002caa0       sf_mex_errbuf_catf         000000018002daa0 f   sfc_mex:sfc_mex.obj
 0001:0002caf0       sf_mex_errbuf_copy         000000018002daf0 f   sfc_mex:sfc_mex.obj
 0001:0002cb00       sf_mex_errbuf_clear        000000018002db00 f   sfc_mex:sfc_mex.obj
 0001:0002cb10       sf_mex_errbuf_isempty      000000018002db10 f   sfc_mex:sfc_mex.obj
 0001:0002cc20       sf_mex_set_error_status    000000018002dc20 f   sfc_mex:sfc_mex.obj
 0001:0002cc70       sf_mex_error_direct_call   000000018002dc70 f   sfc_mex:sfc_mex.obj
 0001:0002cc90       sf_mex_error_message_no_long_jump 000000018002dc90 f   sfc_mex:sfc_mex.obj
 0001:0002ccb0       sf_mex_long_jump_on_error  000000018002dcb0 f   sfc_mex:sfc_mex.obj
 0001:0002cce0       sf_mex_call_matlab         000000018002dce0 f   sfc_mex:sfc_mex.obj
 0001:0002ce00       sf_mex_check_builtin       000000018002de00 f   sfc_mex:sfc_mex.obj
 0001:0002ce40       sf_mex_check_builtin_vs    000000018002de40 f   sfc_mex:sfc_mex.obj
 0001:0002cea0       sf_mex_check_enum          000000018002dea0 f   sfc_mex:sfc_mex.obj
 0001:0002ced0       sf_mex_create_enum         000000018002ded0 f   sfc_mex:sfc_mex.obj
 0001:0002cef0       sf_mex_get_enum_element    000000018002def0 f   sfc_mex:sfc_mex.obj
 0001:0002cf00       sf_mex_createcellarray     000000018002df00 f   sfc_mex:sfc_mex.obj
 0001:0002cf10       sf_mex_setcell             000000018002df10 f   sfc_mex:sfc_mex.obj
 0001:0002cf20       sf_mex_getcell             000000018002df20 f   sfc_mex:sfc_mex.obj
 0001:0002cf30       sf_mex_dup                 000000018002df30 f   sfc_mex:sfc_mex.obj
 0001:0002cf50       sf_mex_assign              000000018002df50 f   sfc_mex:sfc_mex.obj
 0001:0002cfb0       sf_mex_destroy             000000018002dfb0 f   sfc_mex:sfc_mex.obj
 0001:0002cfe0       mx_array_has_fi_type       000000018002dfe0 f   sfc_mex:sfc_mex.obj
 0001:0002d010       sf_mex_convert_from_fi     000000018002e010 f   sfc_mex:sfc_mex.obj
 0001:0002d0c0       sf_mex_convert_to_double   000000018002e0c0 f   sfc_mex:sfc_mex.obj
 0001:0002d1e0       sf_mex_import_fi_vs        000000018002e1e0 f   sfc_mex:sfc_mex.obj
 0001:0002d3a0       sf_matrix_matrix_index_ok  000000018002e3a0 f   sfc_mex:sfc_mex.obj
 0001:0002d430       sf_vector_vector_index_ok  000000018002e430 f   sfc_mex:sfc_mex.obj
 0001:0002d460       ssGetCurrentInputPortDimensions_wrapper 000000018002e460 f   sfc_mex:sfc_mex.obj
 0001:0002d480       ssGetCurrentOutputPortDimensions_wrapper 000000018002e480 f   sfc_mex:sfc_mex.obj
 0001:0002d4a0       sf_mex_emlrt_context_is_debug_mode 000000018002e4a0 f   sfc_mex:sfc_mex.obj
 0001:0002d4b0       sf_mex_emlrt_context_set_debug_mode 000000018002e4b0 f   sfc_mex:sfc_mex.obj
 0001:0002d520       sf_clear_error_manager_info 000000018002e520 f   sfc_mex:sfc_mex.obj
 0001:0002d570       sf_mex_stop_simulation_abruptly_wo_error 000000018002e570 f   sfc_mex:sfc_mex.obj
 0001:0002d5b0       sf_mex_error_message       000000018002e5b0 f   sfc_mex:sfc_mex.obj
 0001:0002d610       sf_react_to_error_in_matlab_call 000000018002e610 f   sfc_mex:sfc_mex.obj
 0001:0002d640       sf_mex_addfield            000000018002e640 f   sfc_mex:sfc_mex.obj
 0001:0002d6e0       sf_mex_getfield            000000018002e6e0 f   sfc_mex:sfc_mex.obj
 0001:0002d9e0       sf_mex_check_class         000000018002e9e0 f   sfc_mex:sfc_mex.obj
 0001:0002dad0       sf_mex_is_real             000000018002ead0 f   sfc_mex:sfc_mex.obj
 0001:0002df40       sf_mex_decode_encoded_mx_struct_array 000000018002ef40 f   sfc_mex:sfc_mex.obj
 0001:0002e220       sf_mex_lw_bounds_check     000000018002f220 f   sfc_mex:sfc_mex.obj
 0001:0002e250       sf_mex_lw_size_eq_check_1d 000000018002f250 f   sfc_mex:sfc_mex.obj
 0001:0002e270       sf_mex_lw_size_eq_check_nd 000000018002f270 f   sfc_mex:sfc_mex.obj
 0001:0002e450       sf_mex_lw_dim_size_eq_check 000000018002f450 f   sfc_mex:sfc_mex.obj
 0001:0002e480       sf_mex_lw_dim_size_geq_check 000000018002f480 f   sfc_mex:sfc_mex.obj
 0001:0002e4b0       sf_mex_lw_sub_assign_size_check_nd 000000018002f4b0 f   sfc_mex:sfc_mex.obj
 0001:0002e6e0       sf_mex_lw_runtime_error_msgid 000000018002f6e0 f   sfc_mex:sfc_mex.obj
 0001:0002e7d0       sf_mex_lw_matrix_matrix_index_check 000000018002f7d0 f   sfc_mex:sfc_mex.obj
 0001:0002e7f0       sf_mex_lw_vector_vector_index_check 000000018002f7f0 f   sfc_mex:sfc_mex.obj
 0001:0002e830       sf_mex_lw_non_negative_check 000000018002f830 f   sfc_mex:sfc_mex.obj
 0001:0002e870       sf_mex_overflow_error      000000018002f870 f   sfc_mex:sfc_mex.obj
 0001:0002e880       sf_mex_dividebyzero_error  000000018002f880 f   sfc_mex:sfc_mex.obj
 0001:0002e890       sf_mex_unsafe_enum_error   000000018002f890 f   sfc_mex:sfc_mex.obj
 0001:0002e8a0       sf_emlrtErrHandler         000000018002f8a0 f   sfc_mex:sfc_mex.obj
 0001:0002e960       sf_mex_printf              000000018002f960 f   sfc_mex:sfc_mex.obj
 0001:0002eaf0       sf_mex_check_size          000000018002faf0 f   sfc_mex:sfc_mex.obj
 0001:0002edc0       sf_mex_check_struct        000000018002fdc0 f   sfc_mex:sfc_mex.obj
 0001:0002f020       sf_mex_check_struct_vs     0000000180030020 f   sfc_mex:sfc_mex.obj
 0001:0002f0b0       sf_mex_check_fi            00000001800300b0 f   sfc_mex:sfc_mex.obj
 0001:0002f1b0       sf_mex_check_fi_vs         00000001800301b0 f   sfc_mex:sfc_mex.obj
 0001:0002f250       sf_echo_expression         0000000180030250 f   sfc_mex:sfc_mex.obj
 0001:0002f2b0       sf_assertion_failed        00000001800302b0 f   sfc_mex:sfc_mex.obj
 0001:0002f590       sf_mex_evalin              0000000180030590 f   sfc_mex:sfc_mex.obj
 0001:0002f800       sf_mex_export              0000000180030800 f   sfc_mex:sfc_mex.obj
 0001:0002f8c0       sf_mex_get_ml_var_no_error 00000001800308c0 f   sfc_mex:sfc_mex.obj
 0001:0002fa60       sf_mex_get_ml_var          0000000180030a60 f   sfc_mex:sfc_mex.obj
 0001:0002ff00       ml_set_element_value_in_array 0000000180030f00 f   sfc_mex:sfc_mex.obj
 0001:000315d0       sf_mex_call_impl           00000001800325d0 f   sfc_mex:sfc_mex.obj
 0001:00031b00       sf_mex_call_debug          0000000180032b00 f   sfc_mex:sfc_mex.obj
 0001:00031b30       sf_mex_call                0000000180032b30 f   sfc_mex:sfc_mex.obj
 0001:00032180       sf_mex_createstruct        0000000180033180 f   sfc_mex:sfc_mex.obj
 0001:00032270       sf_mex_createstructarray   0000000180033270 f   sfc_mex:sfc_mex.obj
 0001:000322f0       sf_mex_get_mx_datatype_from_sf_datatype 00000001800332f0 f   sfc_mex:sfc_mex.obj
 0001:00032600       sf_mex_ml_var_sub          0000000180033600 f   sfc_mex:sfc_mex.obj
 0001:000327d0       sf_mex_ml_var_subsasgn     00000001800337d0 f   sfc_mex:sfc_mex.obj
 0001:00032bc0       sf_mex_sub                 0000000180033bc0 f   sfc_mex:sfc_mex.obj
 0001:00032dc0       sf_mex_subsasgn            0000000180033dc0 f   sfc_mex:sfc_mex.obj
 0001:000332a0       sf_mex_create              00000001800342a0 f   sfc_mex:sfc_mex.obj
 0001:00033cf0       sf_mex_import_named        0000000180034cf0 f   sfc_mex:sfc_mex.obj
 0001:00033d50       sf_mex_import              0000000180034d50 f   sfc_mex:sfc_mex.obj
 0001:00033da0       sf_mex_import_vs           0000000180034da0 f   sfc_mex:sfc_mex.obj
 0001:00033eb0       sf_mex_lower_fixpt_mx_array 0000000180034eb0 f   sfc_mex:sfc_mex.obj
 0001:000344a0       sim_mode_is_rtw_gen        00000001800354a0 f   sfc_mex:sfc_sf.obj
 0001:000344d0       sim_mode_is_external       00000001800354d0 f   sfc_mex:sfc_sf.obj
 0001:000344e0       sim_mode_is_modelref_sim   00000001800354e0 f   sfc_mex:sfc_sf.obj
 0001:00034500       mdlInitializeSizes         0000000180035500 f   sfc_mex:sfc_sf.obj
 0001:00034520       mdlInitializeSampleTimes   0000000180035520 f   sfc_mex:sfc_sf.obj
 0001:00034560       mdlZeroCrossings           0000000180035560 f   sfc_mex:sfc_sf.obj
 0001:00034640       mdlDerivatives             0000000180035640 f   sfc_mex:sfc_sf.obj
 0001:000346f0       mdl_initialize_conditions_processing 00000001800356f0 f   sfc_mex:sfc_sf.obj
 0001:00034720       mdlInitializeConditions    0000000180035720 f   sfc_mex:sfc_sf.obj
 0001:000347e0       mdlGetSimState             00000001800357e0 f   sfc_mex:sfc_sf.obj
 0001:000347f0       mdlSetSimState             00000001800357f0 f   sfc_mex:sfc_sf.obj
 0001:00034800       mdl_ext_mode_exec_processing 0000000180035800 f   sfc_mex:sfc_sf.obj
 0001:00034820       mdlExtModeExec             0000000180035820 f   sfc_mex:sfc_sf.obj
 0001:000349b0       mdlTerminate               00000001800359b0 f   sfc_mex:sfc_sf.obj
 0001:00034a20       mdlRTW                     0000000180035a20 f   sfc_mex:sfc_sf.obj
 0001:00034a50       mdlSetWorkWidths           0000000180035a50 f   sfc_mex:sfc_sf.obj
 0001:00034a60       mdlProcessParameters       0000000180035a60 f   sfc_mex:sfc_sf.obj
 0001:00034a70       mdl_start_processing       0000000180035a70 f   sfc_mex:sfc_sf.obj
 0001:00034ab0       mdlStart                   0000000180035ab0 f   sfc_mex:sfc_sf.obj
 0001:00034ba0       mdlEnable                  0000000180035ba0 f   sfc_mex:sfc_sf.obj
 0001:00034c70       mdlDisable                 0000000180035c70 f   sfc_mex:sfc_sf.obj
 0001:00034d20       sf_get_chart_instance_ptr  0000000180035d20 f   sfc_mex:sfc_sf.obj
 0001:00034d40       sf_rtw_info_uint_prop      0000000180035d40 f   sfc_mex:sfc_sf.obj
 0001:00034eb0       sf_is_chart_inlinable      0000000180035eb0 f   sfc_mex:sfc_sf.obj
 0001:00034ed0       sf_mark_output_events_with_multiple_callers 0000000180035ed0 f   sfc_mex:sfc_sf.obj
 0001:00035090       sf_mark_chart_reusable_outputs 0000000180036090 f   sfc_mex:sfc_sf.obj
 0001:00035310       sf_mark_chart_expressionable_inputs 0000000180036310 f   sfc_mex:sfc_sf.obj
 0001:00035670       sf_get_subchart_simstruct  0000000180036670 f   sfc_mex:sfc_sf.obj
 0001:000356c0       sf_write_symbol_mapping    00000001800366c0 f   sfc_mex:sfc_sf.obj
 0001:00035910       sf_get_fixpt_data_type_id  0000000180036910 f   sfc_mex:sfc_sf.obj
 0001:00035950       sf_get_enum_data_type_id   0000000180036950 f   sfc_mex:sfc_sf.obj
 0001:00035990       sf_get_param_data_type_id  0000000180036990 f   sfc_mex:sfc_sf.obj
 0001:000359c0       sf_mex_listen_for_ctrl_c_force 00000001800369c0 f   sfc_mex:sfc_sf.obj
 0001:00035ad0       sf_mex_draw_now            0000000180036ad0 f   sfc_mex:sfc_sf.obj
 0001:00035b10       sf_mex_set_debugger_sim_status_listener_fcn 0000000180036b10 f   sfc_mex:sfc_sf.obj
 0001:00035b20       sf_mex_listen_for_ctrl_c   0000000180036b20 f   sfc_mex:sfc_sf.obj
 0001:00035bb0       sf_mex_get_sfun_param      0000000180036bb0 f   sfc_mex:sfc_sf.obj
 0001:00035c00       sf_get_runtime_param_data  0000000180036c00 f   sfc_mex:sfc_sf.obj
 0001:00035c40       sf_call_output_fcn_call    0000000180036c40 f   sfc_mex:sfc_sf.obj
 0001:00035d80       sf_call_output_fcn_enable  0000000180036d80 f   sfc_mex:sfc_sf.obj
 0001:00035e10       sf_call_output_fcn_disable 0000000180036e10 f   sfc_mex:sfc_sf.obj
 0001:00035ea0       sf_clear_rtw_identifier    0000000180036ea0 f   sfc_mex:sfc_sf.obj
 0001:00036690       sf_set_encoded_dwork_info  0000000180037690 f   sfc_mex:sfc_sf.obj
 0001:000366e0       sf_get_dwork_info_from_mat_file 00000001800376e0 f   sfc_mex:sfc_sf.obj
 0001:000368d0       sf_set_rtw_dwork_info      00000001800378d0 f   sfc_mex:sfc_sf.obj
 0001:00036a40       mdlOutputs                 0000000180037a40 f   sfc_mex:sfc_sf.obj
 0001:00036be0       sf_debug_disp              0000000180037be0 f   sfc_debug:sfcdebug.obj
 0001:00036e40       sf_debug_data_runtime_size_mismatch_error_check 0000000180037e40 f   sfc_debug:sfcdebug.obj
 0001:00036ee0       sf_debug_try_loading_machine 0000000180037ee0 f   sfc_debug:sfcdebug.obj
 0001:00036fe0       sf_debug_reset_current_state_configuration 0000000180037fe0 f   sfc_debug:sfcdebug.obj
 0001:00037070       sf_debug_store_current_state_configuration 0000000180038070 f   sfc_debug:sfcdebug.obj
 0001:00037100       sf_debug_restore_previous_state_configuration 0000000180038100 f   sfc_debug:sfcdebug.obj
 0001:00037190       sf_debug_restore_previous_state_configuration2 0000000180038190 f   sfc_debug:sfcdebug.obj
 0001:00037220       sf_debug_get_event_scope   0000000180038220 f   sfc_debug:sfcdebug.obj
 0001:00037390       use_debugger_step_animation 0000000180038390 f   sfc_debug:sfcdebug.obj
 0001:000373b0       sf_debug_get_script_id     00000001800383b0 f   sfc_debug:sfcdebug.obj
 0001:00037440       sf_debug_set_script_translation 0000000180038440 f   sfc_debug:sfcdebug.obj
 0001:00037500       sf_debug_get_current_machine_id 0000000180038500 f   sfc_debug:sfcdebug.obj
 0001:00037520       sf_debug_get_current_optional_integer 0000000180038520 f   sfc_debug:sfcdebug.obj
 0001:00037530       sf_debug_get_current_machine_number 0000000180038530 f   sfc_debug:sfcdebug.obj
 0001:00037550       sf_debug_get_current_machine_name 0000000180038550 f   sfc_debug:sfcdebug.obj
 0001:00037570       sf_debug_get_current_chart_id 0000000180038570 f   sfc_debug:sfcdebug.obj
 0001:000375c0       sf_debug_get_current_chart_number 00000001800385c0 f   sfc_debug:sfcdebug.obj
 0001:000375d0       sf_debug_get_current_instance_number 00000001800385d0 f   sfc_debug:sfcdebug.obj
 0001:000375e0       sf_debug_get_current_is_minor_time_step 00000001800385e0 f   sfc_debug:sfcdebug.obj
 0001:00037660       sf_debug_get_current_object_type 0000000180038660 f   sfc_debug:sfcdebug.obj
 0001:00037670       sf_debug_get_current_instance_handle 0000000180038670 f   sfc_debug:sfcdebug.obj
 0001:000376d0       sf_debug_get_current_event_type 00000001800386d0 f   sfc_debug:sfcdebug.obj
 0001:000376e0       sf_debug_get_current_object_id 00000001800386e0 f   sfc_debug:sfcdebug.obj
 0001:00037720       sf_debug_get_current_active_event_type 0000000180038720 f   sfc_debug:sfcdebug.obj
 0001:00037730       sf_debug_get_current_active_event_id 0000000180038730 f   sfc_debug:sfcdebug.obj
 0001:00037770       sf_debug_get_current_tag_type 0000000180038770 f   sfc_debug:sfcdebug.obj
 0001:00037780       sf_debug_get_current_simulation_time 0000000180038780 f   sfc_debug:sfcdebug.obj
 0001:00037790       sf_debug_get_current_coverage_percentage 0000000180038790 f   sfc_debug:sfcdebug.obj
 0001:000377a0       sf_debug_current_statement_context 00000001800387a0 f   sfc_debug:sfcdebug.obj
 0001:00037830       sf_debug_get_current_statement_info 0000000180038830 f   sfc_debug:sfcdebug.obj
 0001:000379b0       sf_debug_terminate_instance 00000001800389b0 f   sfc_debug:sfcdebug.obj
 0001:00037cc0       sf_debug_assertion_failed  0000000180038cc0 f   sfc_debug:sfcdebug.obj
 0001:00037e70       sf_debug_set_number_of_data_with_change_event_for_machine 0000000180038e70 f   sfc_debug:sfcdebug.obj
 0001:00037eb0       sf_debug_set_machine_event_thresholds 0000000180038eb0 f   sfc_debug:sfcdebug.obj
 0001:00037ed0       sf_debug_set_machine_event_scope 0000000180038ed0 f   sfc_debug:sfcdebug.obj
 0001:00037f10       sf_debug_set_machine_data_thresholds 0000000180038f10 f   sfc_debug:sfcdebug.obj
 0001:00037f50       sf_debug_set_machine_data_scope 0000000180038f50 f   sfc_debug:sfcdebug.obj
 0001:00037fe0       sf_debug_set_machine_data_name 0000000180038fe0 f   sfc_debug:sfcdebug.obj
 0001:00038080       sf_debug_set_machine_data_size 0000000180039080 f   sfc_debug:sfcdebug.obj
 0001:000381c0       sf_debug_set_machine_data_type 00000001800391c0 f   sfc_debug:sfcdebug.obj
 0001:00038330       sf_debug_get_chart_data_number 0000000180039330 f   sfc_debug:sfcdebug.obj
 0001:00038350       sf_debug_get_chart_event_number 0000000180039350 f   sfc_debug:sfcdebug.obj
 0001:00038370       sf_debug_set_chart_state_info 0000000180039370 f   sfc_debug:sfcdebug.obj
 0001:000383f0       sf_debug_set_chart_decomposition 00000001800393f0 f   sfc_debug:sfcdebug.obj
 0001:00038460       sf_debug_set_chart_substate_count 0000000180039460 f   sfc_debug:sfcdebug.obj
 0001:00038540       sf_debug_set_chart_substate_index 0000000180039540 f   sfc_debug:sfcdebug.obj
 0001:000385b0       sf_debug_set_chart_state_substate_count 00000001800395b0 f   sfc_debug:sfcdebug.obj
 0001:000386c0       sf_debug_set_chart_state_substate_index 00000001800396c0 f   sfc_debug:sfcdebug.obj
 0001:00038740       sf_debug_set_number_of_data_with_change_event_for_chart 0000000180039740 f   sfc_debug:sfcdebug.obj
 0001:000387c0       sf_debug_set_number_of_states_with_entry_event_for_chart 00000001800397c0 f   sfc_debug:sfcdebug.obj
 0001:00038830       sf_debug_set_number_of_states_with_exit_event_for_chart 0000000180039830 f   sfc_debug:sfcdebug.obj
 0001:000388a0       sf_debug_set_chart_disable_implicit_casting 00000001800398a0 f   sfc_debug:sfcdebug.obj
 0001:00038910       sf_debug_set_chart_event_thresholds 0000000180039910 f   sfc_debug:sfcdebug.obj
 0001:00038980       sf_debug_set_chart_data_compiled_props 0000000180039980 f   sfc_debug:sfcdebug.obj
 0001:00038cd0       sf_debug_set_chart_data_props 0000000180039cd0 f   sfc_debug:sfcdebug.obj
 0001:00038ff0       sf_debug_check_fi_license  0000000180039ff0 f   sfc_debug:sfcdebug.obj
 0001:000391e0       sf_debug_symbol_scope_push 000000018003a1e0 f   sfc_debug:sfcdebug.obj
 0001:00039220       sf_debug_symbol_scope_push_eml 000000018003a220 f   sfc_debug:sfcdebug.obj
 0001:00039270       sf_debug_symbol_scope_pop  000000018003a270 f   sfc_debug:sfcdebug.obj
 0001:000392b0       sf_debug_symbol_scope_add_importable 000000018003a2b0 f   sfc_debug:sfcdebug.obj
 0001:00039330       sf_debug_symbol_scope_add  000000018003a330 f   sfc_debug:sfcdebug.obj
 0001:000393b0       sf_debug_symbol_scope_add_dyn_importable 000000018003a3b0 f   sfc_debug:sfcdebug.obj
 0001:00039470       sf_debug_symbol_scope_add_dyn 000000018003a470 f   sfc_debug:sfcdebug.obj
 0001:000394a0       sf_debug_symbol_scope_add_eml_importable 000000018003a4a0 f   sfc_debug:sfcdebug.obj
 0001:000394e0       sf_debug_symbol_scope_add_eml 000000018003a4e0 f   sfc_debug:sfcdebug.obj
 0001:00039520       sf_debug_symbol_scope_add_eml_dyn_importable 000000018003a520 f   sfc_debug:sfcdebug.obj
 0001:00039590       sf_debug_symbol_scope_add_eml_dyn 000000018003a590 f   sfc_debug:sfcdebug.obj
 0001:000395f0       sf_debug_symbol_switch     000000018003a5f0 f   sfc_debug:sfcdebug.obj
 0001:00039610       sf_debug_symbol_scope_add_verbose 000000018003a610 f   sfc_debug:sfcdebug.obj
 0001:000396e0       sf_debug_set_machine_data_value_ptr 000000018003a6e0 f   sfc_debug:sfcdebug.obj
 0001:00039720       sf_debug_set_instance_data_value_ptr 000000018003a720 f   sfc_debug:sfcdebug.obj
 0001:000397e0       sf_debug_unset_instance_data_value_ptr 000000018003a7e0 f   sfc_debug:sfcdebug.obj
 0001:00039890       sf_debug_set_chart_event_scope 000000018003a890 f   sfc_debug:sfcdebug.obj
 0001:00039910       sf_debug_set_chart_transition_coverage_maps 000000018003a910 f   sfc_debug:sfcdebug.obj
 0001:00039a20       sf_debug_set_chart_state_coverage_maps 000000018003aa20 f   sfc_debug:sfcdebug.obj
 0001:00039b00       sf_debug_set_instance_transition_coverage_weights 000000018003ab00 f   sfc_debug:sfcdebug.obj
 0001:00039ba0       sf_debug_set_instance_state_coverage_weights 000000018003aba0 f   sfc_debug:sfcdebug.obj
 0001:00039df0       sf_debug_unload_machine    000000018003adf0 f   sfc_debug:sfcdebug.obj
 0001:00039e40       sf_debug_load_machine      000000018003ae40 f   sfc_debug:sfcdebug.obj
 0001:00039f40       sf_debug_set_active_instance_in_data_dictionary 000000018003af40 f   sfc_debug:sfcdebug.obj
 0001:0003a120       sf_debug_set_active_instance 000000018003b120 f   sfc_debug:sfcdebug.obj
 0001:0003a260       sf_debug_chart_visiblity_change 000000018003b260 f   sfc_debug:sfcdebug.obj
 0001:0003a340       sf_debug_select_chart      000000018003b340 f   sfc_debug:sfcdebug.obj
 0001:0003a410       sf_debug_set_instance_cv_ids 000000018003b410 f   sfc_debug:sfcdebug.obj
 0001:0003a720       sf_debug_select_charts     000000018003b720 f   sfc_debug:sfcdebug.obj
 0001:0003a860       sf_debug_initialized       000000018003b860 f   sfc_debug:sfcdebug.obj
 0001:0003a870       sf_debug_is_uninterruptible 000000018003b870 f   sfc_debug:sfcdebug.obj
 0001:0003a8a0       sf_debug_initialize_debugger_gui 000000018003b8a0 f   sfc_debug:sfcdebug.obj
 0001:0003ac90       sf_debug_resume            000000018003bc90 f   sfc_debug:sfcdebug.obj
 0001:0003acb0       sf_debug_go                000000018003bcb0 f   sfc_debug:sfcdebug.obj
 0001:0003acc0       sf_debug_break             000000018003bcc0 f   sfc_debug:sfcdebug.obj
 0001:0003acd0       sf_debug_step_over         000000018003bcd0 f   sfc_debug:sfcdebug.obj
 0001:0003ace0       sf_debug_step_out          000000018003bce0 f   sfc_debug:sfcdebug.obj
 0001:0003acf0       sf_debug_set_disable_all_breakpoints 000000018003bcf0 f   sfc_debug:sfcdebug.obj
 0001:0003ad00       sf_debug_disable_all_breakpoints_and_go 000000018003bd00 f   sfc_debug:sfcdebug.obj
 0001:0003ad10       sf_debug_break_on_chart_entry 000000018003bd10 f   sfc_debug:sfcdebug.obj
 0001:0003ad20       sf_debug_break_on_event_broadcast 000000018003bd20 f   sfc_debug:sfcdebug.obj
 0001:0003ad30       sf_debug_break_on_state_entry 000000018003bd30 f   sfc_debug:sfcdebug.obj
 0001:0003ad40       sf_debug_break_between_times 000000018003bd40 f   sfc_debug:sfcdebug.obj
 0001:0003ad60       sf_debug_browse_data       000000018003bd60 f   sfc_debug:sfcdebug.obj
 0001:0003ad80       sf_debug_watch_data        000000018003bd80 f   sfc_debug:sfcdebug.obj
 0001:0003ada0       sf_debug_assign_data       000000018003bda0 f   sfc_debug:sfcdebug.obj
 0001:0003adc0       sf_debug_whos              000000018003bdc0 f   sfc_debug:sfcdebug.obj
 0001:0003ade0       sf_debug_get_consistency_info 000000018003bde0 f   sfc_debug:sfcdebug.obj
 0001:0003adf0       sf_debug_browse_trace      000000018003bdf0 f   sfc_debug:sfcdebug.obj
 0001:0003ae00       sf_debug_set_breakpoints   000000018003be00 f   sfc_debug:sfcdebug.obj
 0001:0003af60       sf_debug_set_eml_breakpoints 000000018003bf60 f   sfc_debug:sfcdebug.obj
 0001:0003b0c0       sf_debug_set_script_breakpoints 000000018003c0c0 f   sfc_debug:sfcdebug.obj
 0001:0003b140       sf_debug_add_script_breakpoints 000000018003c140 f   sfc_debug:sfcdebug.obj
 0001:0003b1b0       sf_debug_clear_script_breakpoints 000000018003c1b0 f   sfc_debug:sfcdebug.obj
 0001:0003b220       sf_debug_query_script_breakpoints 000000018003c220 f   sfc_debug:sfcdebug.obj
 0001:0003b2e0       sf_debug_get_eml_script_id 000000018003c2e0 f   sfc_debug:sfcdebug.obj
 0001:0003b330       sf_debug_set_watch         000000018003c330 f   sfc_debug:sfcdebug.obj
 0001:0003b560       sf_debug_get_coverage      000000018003c560 f   sfc_debug:sfcdebug.obj
 0001:0003b570       sf_debug_get_instance_handle 000000018003c570 f   sfc_debug:sfcdebug.obj
 0001:0003b600       sf_debug_get_active_states 000000018003c600 f   sfc_debug:sfcdebug.obj
 0001:0003b610       sf_debug_get_animation     000000018003c610 f   sfc_debug:sfcdebug.obj
 0001:0003b620       sf_debug_set_animation     000000018003c620 f   sfc_debug:sfcdebug.obj
 0001:0003b630       sf_debug_animate           000000018003c630 f   sfc_debug:sfcdebug.obj
 0001:0003b660       sf_debug_cycle_detection_check 000000018003c660 f   sfc_debug:sfcdebug.obj
 0001:0003b670       sf_debug_data_range_check  000000018003c670 f   sfc_debug:sfcdebug.obj
 0001:0003b680       sf_debug_transition_conflict_check 000000018003c680 f   sfc_debug:sfcdebug.obj
 0001:0003b690       sf_debug_state_consistency_check 000000018003c690 f   sfc_debug:sfcdebug.obj
 0001:0003b6a0       sf_debug_data_range_check_enabled 000000018003c6a0 f   sfc_debug:sfcdebug.obj
 0001:0003b6c0       sf_debug_transition_conflict_check_enabled 000000018003c6c0 f   sfc_debug:sfcdebug.obj
 0001:0003b6e0       sf_debug_transition_conflict_check_begin 000000018003c6e0 f   sfc_debug:sfcdebug.obj
 0001:0003b700       sf_debug_transition_conflict_check_end 000000018003c700 f   sfc_debug:sfcdebug.obj
 0001:0003b720       sf_debug_stop_debugging    000000018003c720 f   sfc_debug:sfcdebug.obj
 0001:0003b750       sf_debug_is_cycle_detected 000000018003c750 f   sfc_debug:sfcdebug.obj
 0001:0003b760       sf_debug_is_array_bounds_detected 000000018003c760 f   sfc_debug:sfcdebug.obj
 0001:0003b770       sf_debug_get_state_vectors_data_size 000000018003c770 f   sfc_debug:sfcdebug.obj
 0001:0003b7b0       sf_debug_get_state_vectors_data 000000018003c7b0 f   sfc_debug:sfcdebug.obj
 0001:0003b8b0       sf_debug_set_state_vectors_data 000000018003c8b0 f   sfc_debug:sfcdebug.obj
 0001:0003bb70       sf_debug_get_script_index  000000018003cb70 f   sfc_debug:sfcdebug.obj
 0001:0003bd00       sf_debug_add_script        000000018003cd00 f   sfc_debug:sfcdebug.obj
 0001:0003be90       cv_eval_point              000000018003ce90 f   sfc_debug:sfcdebug.obj
 0001:0003c000       sf_debug_cv_init_state     000000018003d000 f   sfc_debug:sfcdebug.obj
 0001:0003c120       sf_debug_cv_init_chart     000000018003d120 f   sfc_debug:sfcdebug.obj
 0001:0003c200       sf_debug_cv_init_trans     000000018003d200 f   sfc_debug:sfcdebug.obj
 0001:0003c370       cv_eml_init_script         000000018003d370 f   sfc_debug:sfcdebug.obj
 0001:0003c450       cv_eml_init_fcn            000000018003d450 f   sfc_debug:sfcdebug.obj
 0001:0003c500       cv_eml_init_testobjective  000000018003d500 f   sfc_debug:sfcdebug.obj
 0001:0003c5b0       cv_eml_init_if             000000018003d5b0 f   sfc_debug:sfcdebug.obj
 0001:0003c660       cv_eml_init_for            000000018003d660 f   sfc_debug:sfcdebug.obj
 0001:0003c710       cv_eml_init_while          000000018003d710 f   sfc_debug:sfcdebug.obj
 0001:0003c7c0       cv_eml_init_mcdc           000000018003d7c0 f   sfc_debug:sfcdebug.obj
 0001:0003c8c0       cv_eml_init_switch         000000018003d8c0 f   sfc_debug:sfcdebug.obj
 0001:0003c9a0       cv_eml_eval                000000018003d9a0 f   sfc_debug:sfcdebug.obj
 0001:0003ca80       sf_debug_bm_is_a_eml_breakpoint 000000018003da80 f   sfc_debug:sfcdebug.obj
 0001:0003cbd0       sf_debug_temporal_threshold 000000018003dbd0 f   sfc_debug:sfcdebug.obj
 0001:0003cf30       sf_debug_transition_conflict_error 000000018003df30 f   sfc_debug:sfcdebug.obj
 0001:0003d2b0       sf_debug_state_inconsistency_error 000000018003e2b0 f   sfc_debug:sfcdebug.obj
 0001:0003d3d0       sf_debug_check_for_state_inconsistency 000000018003e3d0 f   sfc_debug:sfcdebug.obj
 0001:0003d400       sf_debug_cycle_detecton_error 000000018003e400 f   sfc_debug:sfcdebug.obj
 0001:0003dbf0       sf_debug_size_eq_check_1d  000000018003ebf0 f   sfc_debug:sfcdebug.obj
 0001:0003dc10       sf_debug_size_eq_check_nd  000000018003ec10 f   sfc_debug:sfcdebug.obj
 0001:0003ddf0       sf_debug_dim_size_eq_check 000000018003edf0 f   sfc_debug:sfcdebug.obj
 0001:0003de20       sf_debug_dim_size_geq_check 000000018003ee20 f   sfc_debug:sfcdebug.obj
 0001:0003de50       sf_debug_sub_assign_size_check_nd 000000018003ee50 f   sfc_debug:sfcdebug.obj
 0001:0003e090       sf_debug_matrix_matrix_index_check 000000018003f090 f   sfc_debug:sfcdebug.obj
 0001:0003e0c0       sf_debug_vector_vector_index_check 000000018003f0c0 f   sfc_debug:sfcdebug.obj
 0001:0003e0f0       sf_debug_runtime_error_msgid 000000018003f0f0 f   sfc_debug:sfcdebug.obj
 0001:0003e180       sf_debug_data_array_bounds_error_check 000000018003f180 f   sfc_debug:sfcdebug.obj
 0001:0003e290       sf_debug_eml_data_array_bounds_error_check 000000018003f290 f   sfc_debug:sfcdebug.obj
 0001:0003e770       sf_debug_integer_check     000000018003f770 f   sfc_debug:sfcdebug.obj
 0001:0003e850       sf_debug_not_nan_check     000000018003f850 f   sfc_debug:sfcdebug.obj
 0001:0003e910       sf_debug_non_negative_check 000000018003f910 f   sfc_debug:sfcdebug.obj
 0001:0003e9d0       sf_debug_overflow_detection 000000018003f9d0 f   sfc_debug:sfcdebug.obj
 0001:0003f0c0       sf_debug_cast_to_real32_T  00000001800400c0 f   sfc_debug:sfcdebug.obj
 0001:0003f180       sf_debug_cast_to_int8_T    0000000180040180 f   sfc_debug:sfcdebug.obj
 0001:0003f240       sf_debug_cast_to_uint8_T   0000000180040240 f   sfc_debug:sfcdebug.obj
 0001:0003f300       sf_debug_cast_to_int16_T   0000000180040300 f   sfc_debug:sfcdebug.obj
 0001:0003f3c0       sf_debug_cast_to_uint16_T  00000001800403c0 f   sfc_debug:sfcdebug.obj
 0001:0003f480       sf_debug_cast_to_int32_T   0000000180040480 f   sfc_debug:sfcdebug.obj
 0001:0003f540       sf_debug_cast_to_uint32_T  0000000180040540 f   sfc_debug:sfcdebug.obj
 0001:0003f600       sf_debug_data_range_error  0000000180040600 f   sfc_debug:sfcdebug.obj
 0001:0003fa80       sf_debug_data_range_error_wrapper_min_max 0000000180040a80 f   sfc_debug:sfcdebug.obj
 0001:0003fb70       sf_debug_data_range_error_wrapper_min 0000000180040b70 f   sfc_debug:sfcdebug.obj
 0001:0003fc50       sf_debug_data_range_error_wrapper_max 0000000180040c50 f   sfc_debug:sfcdebug.obj
 0001:0003fd30       sf_debug_data_range_wrapper 0000000180040d30 f   sfc_debug:sfcdebug.obj
 0001:0003fde0       sf_debug_set_current_status_info 0000000180040de0 f   sfc_debug:sfcdebug.obj
 0001:00040190       sf_debug_call              0000000180041190 f   sfc_debug:sfcdebug.obj
 0001:00041050       sf_debug_initialize_machine 0000000180042050 f   sfc_debug:sfcdebug.obj
 0001:00041360       sf_debug_initialize_chart  0000000180042360 f   sfc_debug:sfcdebug.obj
 0001:00041840       sf_debug_ensure_script     0000000180042840 f   sfc_debug:sfcdebug.obj
 0001:00041900       cv_script_init_script      0000000180042900 f   sfc_debug:sfcdebug.obj
 0001:000419e0       cv_script_init_fcn         00000001800429e0 f   sfc_debug:sfcdebug.obj
 0001:00041a90       cv_script_init_testobjective 0000000180042a90 f   sfc_debug:sfcdebug.obj
 0001:00041b40       cv_script_init_if          0000000180042b40 f   sfc_debug:sfcdebug.obj
 0001:00041bf0       cv_script_init_for         0000000180042bf0 f   sfc_debug:sfcdebug.obj
 0001:00041ca0       cv_script_init_while       0000000180042ca0 f   sfc_debug:sfcdebug.obj
 0001:00041d50       cv_script_init_mcdc        0000000180042d50 f   sfc_debug:sfcdebug.obj
 0001:00041e50       cv_script_init_switch      0000000180042e50 f   sfc_debug:sfcdebug.obj
 0001:00041f30       cv_script_eval             0000000180042f30 f   sfc_debug:sfcdebug.obj
 0001:00042010       eml_debug_line_call        0000000180043010 f   sfc_debug:sfcdebug.obj
 0001:000421c0       sf_debug_terminate         00000001800431c0 f   sfc_debug:sfcdebug.obj
 0001:00042330       sf_debug_set_script_cv_ids 0000000180043330 f   sfc_debug:sfcdebug.obj
 0001:00042500       sf_debug_api               0000000180043500 f   sfc_debug:sfc_api.obj
 0001:00043d30       sf_debug_sm_terminate      0000000180044d30 f   sfc_debug:sfdb_animation.obj
 0001:00043ef0       sf_debug_reset_path_objects 0000000180044ef0 f   sfc_debug:sfdb_animation.obj
 0001:00043f70       sf_debug_sm_reset_object_selection_status 0000000180044f70 f   sfc_debug:sfdb_animation.obj
 0001:00044010       sf_debug_sm_reset_state_buffer 0000000180045010 f   sfc_debug:sfdb_animation.obj
 0001:000440e0       sf_debug_sm_store_state_buffer 00000001800450e0 f   sfc_debug:sfdb_animation.obj
 0001:00044160       sf_debug_sm_restore_state_buffer1 0000000180045160 f   sfc_debug:sfdb_animation.obj
 0001:000441d0       sf_debug_sm_restore_state_buffer2 00000001800451d0 f   sfc_debug:sfdb_animation.obj
 0001:00044240       sf_debug_sm_chart_active   0000000180045240 f   sfc_debug:sfdb_animation.obj
 0001:00044290       sf_debug_sm_select_active_objects 0000000180045290 f   sfc_debug:sfdb_animation.obj
 0001:00044740       sf_debug_sm_is_chart_active 0000000180045740 f   sfc_debug:sfdb_animation.obj
 0001:00044780       sf_debug_sm_is_state_active 0000000180045780 f   sfc_debug:sfdb_animation.obj
 0001:000449c0       sf_debug_sm_get_active_states 00000001800459c0 f   sfc_debug:sfdb_animation.obj
 0001:00044f80       sf_debug_sm_initialize_instance 0000000180045f80 f   sfc_debug:sfdb_animation.obj
 0001:000451d0       sf_debug_sm_change_object_selection_status 00000001800461d0 f   sfc_debug:sfdb_animation.obj
 0001:000454c0       cv_create_interface        00000001800464c0 f   sfc_debug:cv_sfinterface.obj
 0001:00045820       cv_init_trans              0000000180046820 f   sfc_debug:cv_sfinterface.obj
 0001:00045870       cv_init_state              0000000180046870 f   sfc_debug:cv_sfinterface.obj
 0001:000458e0       cv_init_chart              00000001800468e0 f   sfc_debug:cv_sfinterface.obj
 0001:00045930       cv_dec_update_call         0000000180046930 f   sfc_debug:cv_sfinterface.obj
 0001:00045970       cv_cond_update_call        0000000180046970 f   sfc_debug:cv_sfinterface.obj
 0001:000459b0       cv_sigrange_update         00000001800469b0 f   sfc_debug:cv_sfinterface.obj
 0001:000459f0       cvsf_eml_eval              00000001800469f0 f   sfc_debug:cv_sfinterface.obj
 0001:00045ad0       cvsf_eml_init_script       0000000180046ad0 f   sfc_debug:cv_sfinterface.obj
 0001:00045b50       cvsf_eml_init_fcn          0000000180046b50 f   sfc_debug:cv_sfinterface.obj
 0001:00045bb0       cvsf_eml_init_testobjective 0000000180046bb0 f   sfc_debug:cv_sfinterface.obj
 0001:00045c10       cvsf_eml_init_if           0000000180046c10 f   sfc_debug:cv_sfinterface.obj
 0001:00045c70       cvsf_eml_init_for          0000000180046c70 f   sfc_debug:cv_sfinterface.obj
 0001:00045cc0       cvsf_eml_init_while        0000000180046cc0 f   sfc_debug:cv_sfinterface.obj
 0001:00045d10       cvsf_eml_init_mcdc         0000000180046d10 f   sfc_debug:cv_sfinterface.obj
 0001:00045da0       cvsf_eml_init_switch       0000000180046da0 f   sfc_debug:cv_sfinterface.obj
 0001:00045e10       cvsf_script_eval           0000000180046e10 f   sfc_debug:cv_sfinterface.obj
 0001:00045ef0       cvsf_script_init_script    0000000180046ef0 f   sfc_debug:cv_sfinterface.obj
 0001:00045f70       cvsf_script_init_fcn       0000000180046f70 f   sfc_debug:cv_sfinterface.obj
 0001:00045fd0       cvsf_script_init_testobjective 0000000180046fd0 f   sfc_debug:cv_sfinterface.obj
 0001:00046030       cvsf_script_init_if        0000000180047030 f   sfc_debug:cv_sfinterface.obj
 0001:00046090       cvsf_script_init_for       0000000180047090 f   sfc_debug:cv_sfinterface.obj
 0001:000460e0       cvsf_script_init_while     00000001800470e0 f   sfc_debug:cv_sfinterface.obj
 0001:00046130       cvsf_script_init_mcdc      0000000180047130 f   sfc_debug:cv_sfinterface.obj
 0001:000461c0       cvsf_script_init_switch    00000001800471c0 f   sfc_debug:cv_sfinterface.obj
 0001:00046230       cv_destroy_interface       0000000180047230 f   sfc_debug:cv_sfinterface.obj
 0001:00046250       cv_create_instance_objects 0000000180047250 f   sfc_debug:cv_sfinterface.obj
 0001:00046700       cv_is_enabled              0000000180047700 f   sfc_debug:cv_sfinterface.obj
 0001:00046710       sf_debug_cv_initialize_script 0000000180047710 f   sfc_debug:cv_sfinterface.obj
 0001:000468c0       sf_debug_cv_initialize_instance 00000001800478c0 f   sfc_debug:cv_sfinterface.obj
 0001:00046c60       sf_debug_cv_terminate_chart 0000000180047c60 f   sfc_debug:cv_sfinterface.obj
 0001:00046da0       cv_call_trans_test         0000000180047da0 f   sfc_debug:cv_sfinterface.obj
 0001:00046db0       cv_call_sub_cond_test      0000000180047db0 f   sfc_debug:cv_sfinterface.obj
 0001:00046ee0       sf_debug_hm_initialize_instance 0000000180047ee0 f   sfc_debug:sfdb_handle_management.obj
 0001:00047460       sf_debug_hm_get_object_id  0000000180048460 f   sfc_debug:sfdb_handle_management.obj
 0001:000493d0       sf_debug_object_is_eml_function 000000018004a3d0 f   sfc_debug:sfdb_handle_management.obj
 0001:00049440       sf_debug_hm_initialize_ids_in_machine 000000018004a440 f   sfc_debug:sfdb_handle_management.obj
 0001:000495b0       sf_debug_hm_initialize_ids_in_chart 000000018004a5b0 f   sfc_debug:sfdb_handle_management.obj
 0001:000496f0       sf_debug_hm_initialize_chart 000000018004a6f0 f   sfc_debug:sfdb_handle_management.obj
 0001:00049ea0       sf_debug_hm_terminate      000000018004aea0 f   sfc_debug:sfdb_handle_management.obj
 0001:00049f00       sf_debug_hm_initialize_machine 000000018004af00 f   sfc_debug:sfdb_handle_management.obj
 0001:0004a6b0       sf_debug_st_initialize_machine 000000018004b6b0 f   sfc_debug:sfdb_data_browse.obj
 0001:0004a770       sf_debug_st_initialize_instance 000000018004b770 f   sfc_debug:sfdb_data_browse.obj
 0001:0004a9a0       sf_debug_st_terminate      000000018004b9a0 f   sfc_debug:sfdb_data_browse.obj
 0001:0004ad40       sf_debug_st_set_data_value_ptr_in_machine 000000018004bd40 f   sfc_debug:sfdb_data_browse.obj
 0001:0004add0       sf_debug_st_set_data_value_ptr_in_instance 000000018004bdd0 f   sfc_debug:sfdb_data_browse.obj
 0001:0004aeb0       sf_debug_st_unset_data_value_ptr_in_machine 000000018004beb0 f   sfc_debug:sfdb_data_browse.obj
 0001:0004af20       sf_debug_st_unset_data_value_ptr_in_instance 000000018004bf20 f   sfc_debug:sfdb_data_browse.obj
 0001:0004b230       sf_debug_mx_value          000000018004c230 f   sfc_debug:sfdb_data_browse.obj
 0001:0004b290       sf_debug_mx_packed_vector  000000018004c290 f   sfc_debug:sfdb_data_browse.obj
 0001:0004b370       sf_debug_mx_uint_vector    000000018004c370 f   sfc_debug:sfdb_data_browse.obj
 0001:0004b430       sf_debug_st_get_double_value_from_void_ptr_vector 000000018004c430 f   sfc_debug:sfdb_data_browse.obj
 0001:0004bf20       sf_debug_st_browse_data    000000018004cf20 f   sfc_debug:sfdb_data_browse.obj
 0001:0004c6c0       sf_debug_ss_initialize     000000018004d6c0 f   sfc_debug:sfdb_symbol_scope.obj
 0001:0004c6e0       sf_debug_ss_terminate      000000018004d6e0 f   sfc_debug:sfdb_symbol_scope.obj
 0001:0004c770       sf_debug_ss_push_symbol_scope 000000018004d770 f   sfc_debug:sfdb_symbol_scope.obj
 0001:0004c870       sf_debug_ss_push_symbol_scope_eml 000000018004d870 f   sfc_debug:sfdb_symbol_scope.obj
 0001:0004c8d0       sf_debug_ss_pop_symbol_scope 000000018004d8d0 f   sfc_debug:sfdb_symbol_scope.obj
 0001:0004c980       sf_debug_ss_add_symbol     000000018004d980 f   sfc_debug:sfdb_symbol_scope.obj
 0001:0004cae0       sf_debug_ss_add_symbol_eml 000000018004dae0 f   sfc_debug:sfdb_symbol_scope.obj
 0001:0004d7c0       sf_debug_ss_set_data_value 000000018004e7c0 f   sfc_debug:sfdb_symbol_scope.obj
 0001:0004dc60       sf_debug_ss_watch_data     000000018004ec60 f   sfc_debug:sfdb_symbol_scope.obj
 0001:0004dd00       sf_debug_ss_assign_data    000000018004ed00 f   sfc_debug:sfdb_symbol_scope.obj
 0001:0004e700       get_data_entry_name        000000018004f700 f   sfc_debug:sfdb_symbol_scope.obj
 0001:0004e750       sf_debug_ss_whos           000000018004f750 f   sfc_debug:sfdb_symbol_scope.obj
 0001:0004ee60       sf_debug_cc_initialize_chart 000000018004fe60 f   sfc_debug:sfdb_coverage.obj
 0001:0004f850       sf_debug_cc_initialize_instance 0000000180050850 f   sfc_debug:sfdb_coverage.obj
 0001:00050650       sf_debug_cc_terminate      0000000180051650 f   sfc_debug:sfdb_coverage.obj
 0001:00050740       sf_debug_cc_set_transition_maps 0000000180051740 f   sfc_debug:sfdb_coverage.obj
 0001:00050870       sf_debug_cc_set_state_maps 0000000180051870 f   sfc_debug:sfdb_coverage.obj
 0001:00050950       sf_debug_cc_set_transition_weights 0000000180051950 f   sfc_debug:sfdb_coverage.obj
 0001:00050c20       sf_debug_cc_set_state_weights 0000000180051c20 f   sfc_debug:sfdb_coverage.obj
 0001:00050ef0       sf_debug_cc_mark_transition_guard 0000000180051ef0 f   sfc_debug:sfdb_coverage.obj
 0001:00050f80       sf_debug_cc_mark_transition_trigger 0000000180051f80 f   sfc_debug:sfdb_coverage.obj
 0001:00051010       sf_debug_cc_mark_transition_decision 0000000180052010 f   sfc_debug:sfdb_coverage.obj
 0001:00051080       sf_debug_cc_mark_transition_condition_action 0000000180052080 f   sfc_debug:sfdb_coverage.obj
 0001:000510d0       sf_debug_cc_mark_transition_transition_action 00000001800520d0 f   sfc_debug:sfdb_coverage.obj
 0001:00051120       sf_debug_cc_mark_state_entry 0000000180052120 f   sfc_debug:sfdb_coverage.obj
 0001:00051170       sf_debug_cc_mark_state_during 0000000180052170 f   sfc_debug:sfdb_coverage.obj
 0001:000511c0       sf_debug_cc_mark_state_exit 00000001800521c0 f   sfc_debug:sfdb_coverage.obj
 0001:00051a00       sf_debug_cc_get_coverage   0000000180052a00 f   sfc_debug:sfdb_coverage.obj
 0001:00051fa0       sf_debug_bm_clear_script_breakpoints 0000000180052fa0 f   sfc_debug:sfdb_breakpoints.obj
 0001:00051fd0       sf_debug_bm_set_script_breakpoint 0000000180052fd0 f   sfc_debug:sfdb_breakpoints.obj
 0001:00052050       sf_debug_bm_clear_single_script_breakpoint 0000000180053050 f   sfc_debug:sfdb_breakpoints.obj
 0001:000520d0       sf_debug_bm_query_script_breakpoint 00000001800530d0 f   sfc_debug:sfdb_breakpoints.obj
 0001:00052120       sf_debug_bm_initialize_scripts 0000000180053120 f   sfc_debug:sfdb_breakpoints.obj
 0001:00052840       sf_debug_bm_terminate      0000000180053840 f   sfc_debug:sfdb_breakpoints.obj
 0001:00052b30       sf_debug_bm_remove_all_breakpoints_in_machine 0000000180053b30 f   sfc_debug:sfdb_breakpoints.obj
 0001:00052ba0       sf_debug_bm_remove_all_breakpoints_in_chart 0000000180053ba0 f   sfc_debug:sfdb_breakpoints.obj
 0001:00052cf0       sf_debug_bm_initialize_global_breakpoints 0000000180053cf0 f   sfc_debug:sfdb_breakpoints.obj
 0001:00052e70       sf_debug_bm_set_breakpoint 0000000180053e70 f   sfc_debug:sfdb_breakpoints.obj
 0001:000534a0       sf_debug_bm_set_eml_breakpoint 00000001800544a0 f   sfc_debug:sfdb_breakpoints.obj
 0001:00053540       sf_debug_bm_initialize_machine_breakpoint_map 0000000180054540 f   sfc_debug:sfdb_breakpoints.obj
 0001:00053960       sf_debug_bm_is_a_breakpoint 0000000180054960 f   sfc_debug:sfdb_breakpoints.obj
 0001:00053e80       sf_debug_bm_get_all_breakpoints_in_machine 0000000180054e80 f   sfc_debug:sfdb_breakpoints.obj
 0001:00054180       sf_debug_bm_get_all_breakpoints_in_chart 0000000180055180 f   sfc_debug:sfdb_breakpoints.obj
 0001:00054e40       sf_debug_bm_initialize_machine 0000000180055e40 f   sfc_debug:sfdb_breakpoints.obj
 0001:00054f10       sf_debug_bm_initialize_chart 0000000180055f10 f   sfc_debug:sfdb_breakpoints.obj
 0001:00055330       sf_debug_sc_terminate      0000000180056330 f   sfc_debug:sfdb_state_consistency.obj
 0001:00055660       sf_debug_sc_is_chart_consistent 0000000180056660 f   sfc_debug:sfdb_state_consistency.obj
 0001:00055910       sf_debug_sc_get_consistency_error_info 0000000180056910 f   sfc_debug:sfdb_state_consistency.obj
 0001:00055d60       sf_debug_tm_terminate      0000000180056d60 f   sfc_debug:sfdb_call_stack.obj
 0001:00055e20       sf_debug_tm_push_chart_instance 0000000180056e20 f   sfc_debug:sfdb_call_stack.obj
 0001:00055f70       sf_debug_tm_pop_chart_instance 0000000180056f70 f   sfc_debug:sfdb_call_stack.obj
 0001:00055fd0       sf_debug_tm_push_trace_node 0000000180056fd0 f   sfc_debug:sfdb_call_stack.obj
 0001:00056160       sf_debug_tm_pop_trace_node 0000000180057160 f   sfc_debug:sfdb_call_stack.obj
 0001:000561e0       sf_debug_tm_get_current_global_trace_index 00000001800571e0 f   sfc_debug:sfdb_call_stack.obj
 0001:000561f0       sf_debug_tm_get_current_local_trace_index 00000001800571f0 f   sfc_debug:sfdb_call_stack.obj
 0001:00056220       sf_debug_tm_set_cycle_detected_flag 0000000180057220 f   sfc_debug:sfdb_call_stack.obj
 0001:00056260       sf_debug_tm_set_cycle_started_flag 0000000180057260 f   sfc_debug:sfdb_call_stack.obj
 0001:000562a0       sf_debug_tm_get_chart_number_from_stack 00000001800572a0 f   sfc_debug:sfdb_call_stack.obj
 0001:000564a0       sf_debug_tm_browse_trace   00000001800574a0 f   sfc_debug:sfdb_call_stack.obj
 0001:000567e0       sf_debug_cd_initialize_instance 00000001800577e0 f   sfc_debug:sfdb_cycle_detection.obj
 0001:00056a90       sf_debug_cd_mark_processed_transition_in_instance 0000000180057a90 f   sfc_debug:sfdb_cycle_detection.obj
 0001:00056b30       sf_debug_cd_checksum_push  0000000180057b30 f   sfc_debug:sfdb_cycle_detection.obj
 0001:00056df0       sf_debug_cd_checksum_pop   0000000180057df0 f   sfc_debug:sfdb_cycle_detection.obj
 0001:00056e60       sf_debug_cd_turn_off_cycle_detection 0000000180057e60 f   sfc_debug:sfdb_cycle_detection.obj
 0001:00056eb0       sf_debug_cd_terminate      0000000180057eb0 f   sfc_debug:sfdb_cycle_detection.obj
 0001:000570f0       md5_initialize_state       00000001800580f0 f   sfc_debug:ckmd5.obj
 0001:00057b60       md5_update_state           0000000180058b60 f   sfc_debug:ckmd5.obj
 0001:00057b80       md5_get_hash               0000000180058b80 f   sfc_debug:ckmd5.obj
 0001:00057bb0       md5_get_hash_for_a_single_string 0000000180058bb0 f   sfc_debug:ckmd5.obj
 0001:00057c14       mxGetPr                    0000000180058c14 f   libmx:libmx.dll
 0001:00057c1a       mxCreateDoubleScalar       0000000180058c1a f   libmx:libmx.dll
 0001:00057c20       mxSetField_730             0000000180058c20 f   libmx:libmx.dll
 0001:00057c26       mxCreateDoubleMatrix_730   0000000180058c26 f   libmx:libmx.dll
 0001:00057c2c       mxCreateStructMatrix_730   0000000180058c2c f   libmx:libmx.dll
 0001:00057c32       mxDestroyArray             0000000180058c32 f   libmx:libmx.dll
 0001:00057c38       mxCreateString             0000000180058c38 f   libmx:libmx.dll
 0001:00057c3e       mxDuplicateArray           0000000180058c3e f   libmx:libmx.dll
 0001:00057c44       mxGetString_730            0000000180058c44 f   libmx:libmx.dll
 0001:00057c4a       mxIsChar                   0000000180058c4a f   libmx:libmx.dll
 0001:00057c50       mxGetClassID               0000000180058c50 f   libmx:libmx.dll
 0001:00057c56       mxIsNumeric                0000000180058c56 f   libmx:libmx.dll
 0001:00057c5c       mxIsComplex                0000000180058c5c f   libmx:libmx.dll
 0001:00057c62       mxGetN                     0000000180058c62 f   libmx:libmx.dll
 0001:00057c68       mxGetM                     0000000180058c68 f   libmx:libmx.dll
 0001:00057c6e       mxCalloc                   0000000180058c6e f   libmx:libmx.dll
 0001:00057c74       mxGetScalar                0000000180058c74 f   libmx:libmx.dll
 0001:00057c7a       mxIsLogical                0000000180058c7a f   libmx:libmx.dll
 0001:00057c80       mxCreateDoubleMatrix_700   0000000180058c80 f   libmx:libmx.dll
 0001:00057c86       mxFree                     0000000180058c86 f   libmx:libmx.dll
 0001:00057c8c       mxArrayToString            0000000180058c8c f   libmx:libmx.dll
 0001:00057c92       mxCreateCellMatrix_700     0000000180058c92 f   libmx:libmx.dll
 0001:00057c98       mxSetCell_700              0000000180058c98 f   libmx:libmx.dll
 0001:00057c9e       mxGetCell_700              0000000180058c9e f   libmx:libmx.dll
 0001:00057ca4       mxGetClassName             0000000180058ca4 f   libmx:libmx.dll
 0001:00057caa       mxSetField_700             0000000180058caa f   libmx:libmx.dll
 0001:00057cb0       mxAddField                 0000000180058cb0 f   libmx:libmx.dll
 0001:00057cb6       mxGetField_700             0000000180058cb6 f   libmx:libmx.dll
 0001:00057cbc       mxGetNumberOfElements      0000000180058cbc f   libmx:libmx.dll
 0001:00057cc2       mxIsStruct                 0000000180058cc2 f   libmx:libmx.dll
 0001:00057cc8       mxIsClass                  0000000180058cc8 f   libmx:libmx.dll
 0001:00057cce       mxGetLogicals              0000000180058cce f   libmx:libmx.dll
 0001:00057cd4       mxIsSparse                 0000000180058cd4 f   libmx:libmx.dll
 0001:00057cda       mxSetFieldByNumber_700     0000000180058cda f   libmx:libmx.dll
 0001:00057ce0       mxGetFieldByNumber_700     0000000180058ce0 f   libmx:libmx.dll
 0001:00057ce6       mxGetFieldNameByNumber     0000000180058ce6 f   libmx:libmx.dll
 0001:00057cec       mxGetNumberOfFields        0000000180058cec f   libmx:libmx.dll
 0001:00057cf2       mxCreateStructMatrix_700   0000000180058cf2 f   libmx:libmx.dll
 0001:00057cf8       mxGetFieldNumber           0000000180058cf8 f   libmx:libmx.dll
 0001:00057cfe       mxIsNaN                    0000000180058cfe f   libmx:libmx.dll
 0001:00057d04       mxIsEmpty                  0000000180058d04 f   libmx:libmx.dll
 0001:00057d0a       mxGetData                  0000000180058d0a f   libmx:libmx.dll
 0001:00057d10       mxGetImagData              0000000180058d10 f   libmx:libmx.dll
 0001:00057d16       mxArrayClassIDName         0000000180058d16 f   libmx:libmx.dll
 0001:00057d1c       mxCreateNumericMatrix_700  0000000180058d1c f   libmx:libmx.dll
 0001:00057d22       mxCreateStructArray_700    0000000180058d22 f   libmx:libmx.dll
 0001:00057d28       mxCalcSingleSubscript_700  0000000180058d28 f   libmx:libmx.dll
 0001:00057d2e       mxGetDimensions_700        0000000180058d2e f   libmx:libmx.dll
 0001:00057d34       mxGetNumberOfDimensions_700 0000000180058d34 f   libmx:libmx.dll
 0001:00057d3a       mxCreateNumericArray_700   0000000180058d3a f   libmx:libmx.dll
 0001:00057d40       mxGetElementSize           0000000180058d40 f   libmx:libmx.dll
 0001:00057d46       mxCreateStringFromNChars_700 0000000180058d46 f   libmx:libmx.dll
 0001:00057d4c       mxGetString_700            0000000180058d4c f   libmx:libmx.dll
 0001:00057d52       mxIsLogicalScalarTrue      0000000180058d52 f   libmx:libmx.dll
 0001:00057d58       mxCreateLogicalScalar      0000000180058d58 f   libmx:libmx.dll
 0001:00057d5e       mexUnlock                  0000000180058d5e f   libmex:libmex.dll
 0001:00057d64       mexIsLocked                0000000180058d64 f   libmex:libmex.dll
 0001:00057d6a       mexWarnMsgTxt              0000000180058d6a f   libmex:libmex.dll
 0001:00057d70       mexCallMATLAB              0000000180058d70 f   libmex:libmex.dll
 0001:00057d76       mexErrMsgTxt               0000000180058d76 f   libmex:libmex.dll
 0001:00057d7c       mexSetTrapFlag             0000000180058d7c f   libmex:libmex.dll
 0001:00057d82       mexMakeArrayPersistent     0000000180058d82 f   libmex:libmex.dll
 0001:00057d88       mexPutVariable             0000000180058d88 f   libmex:libmex.dll
 0001:00057d8e       mexGetVariable             0000000180058d8e f   libmex:libmex.dll
 0001:00057d94       mexLock                    0000000180058d94 f   libmex:libmex.dll
 0001:00057d9a       mexMakeMemoryPersistent    0000000180058d9a f   libmex:libmex.dll
 0001:00057da0       mexFunctionName            0000000180058da0 f   libmex:libmex.dll
 0001:00057da6       ssRegisterDataTypeFxpFSlopeFixExpBias 0000000180058da6 f   libfixedpoint:libfixedpoint.dll
 0001:00057dac       utVSNprintf                0000000180058dac f   libut:libut.dll
 0001:00057db2       utCPUtime                  0000000180058db2 f   libut:libut.dll
 0001:00057db8       utFree                     0000000180058db8 f   libut:libut.dll
 0001:00057dbe       utMalloc                   0000000180058dbe f   libut:libut.dll
 0001:00057dc4       muDoubleScalarFloor        0000000180058dc4 f   libmwmathutil:libmwmathutil.dll
 0001:00057dca       muDoubleScalarMax          0000000180058dca f   libmwmathutil:libmwmathutil.dll
 0001:00057dd0       muDoubleScalarAbs          0000000180058dd0 f   libmwmathutil:libmwmathutil.dll
 0001:00057dd6       muDoubleScalarMin          0000000180058dd6 f   libmwmathutil:libmwmathutil.dll
 0001:00057ddc       emlrtCheckBuiltInCtxR2011a 0000000180058ddc f   libemlrt:libemlrt.dll
 0001:00057de2       emlrtCheckVsBuiltInCtxR2011a 0000000180058de2 f   libemlrt:libemlrt.dll
 0001:00057de8       emlrtCheckEnumR2009a       0000000180058de8 f   libemlrt:libemlrt.dll
 0001:00057dee       emlrtCreateEnumR2010a      0000000180058dee f   libemlrt:libemlrt.dll
 0001:00057df4       emlrtGetEnumElementR2009a  0000000180058df4 f   libemlrt:libemlrt.dll
 0001:00057dfa       emlrtCreateReference       0000000180058dfa f   libemlrt:libemlrt.dll
 0001:00057e00       emlrtImportVsFiArrayR2009b 0000000180058e00 f   libemlrt:libemlrt.dll
 0001:00057e06       emlrtExtractMessageId      0000000180058e06 f   libemlrt:libemlrt.dll
 0001:00057e0c       emlrtTranslateMessageIDtoLCPstring 0000000180058e0c f   libemlrt:libemlrt.dll
 0001:00057e12       emlrtGetEnumUnderlyingArrayR2009a 0000000180058e12 f   libemlrt:libemlrt.dll
 0001:00057e18       emlrtIsEnumR2009a          0000000180058e18 f   libemlrt:libemlrt.dll
 0001:00057e1e       memset                     0000000180058e1e f   MSVCRT:MSVCR100.dll
 0001:00057e24       malloc                     0000000180058e24 f   MSVCRT:MSVCR100.dll
 0001:00057e2a       free                       0000000180058e2a f   MSVCRT:MSVCR100.dll
 0001:00057e30       __GSHandlerCheckCommon     0000000180058e30 f   MSVCRT:gshandler.obj
 0001:00057e94       __GSHandlerCheck           0000000180058e94 f   MSVCRT:gshandler.obj
 0001:00057ed0       __security_check_cookie    0000000180058ed0 f   MSVCRT:amdsecgs.obj
 0001:00057ef0       strlen                     0000000180058ef0 f   MSVCRT:MSVCR100.dll
 0001:00057ef6       strcmp                     0000000180058ef6 f   MSVCRT:MSVCR100.dll
 0001:00057efc       sprintf                    0000000180058efc f   MSVCRT:MSVCR100.dll
 0001:00057f02       strcat                     0000000180058f02 f   MSVCRT:MSVCR100.dll
 0001:00057f08       memcpy                     0000000180058f08 f   MSVCRT:MSVCR100.dll
 0001:00057f10       NtCurrentTeb               0000000180058f10 f i MSVCRT:crtdll.obj
 0001:00057f7c       _CRT_INIT                  0000000180058f7c f   MSVCRT:crtdll.obj
 0001:00058314       _DllMainCRTStartup         0000000180059314 f   MSVCRT:crtdll.obj
 0001:00058352       strncpy                    0000000180059352 f   MSVCRT:MSVCR100.dll
 0001:00058370       __chkstk                   0000000180059370 f   MSVCRT:chkstk.obj
 0001:00058370       _alloca_probe              0000000180059370     MSVCRT:chkstk.obj
 0001:000583be       longjmp                    00000001800593be f   MSVCRT:MSVCR100.dll
 0001:000583c4       strncmp                    00000001800593c4 f   MSVCRT:MSVCR100.dll
 0001:000583ca       ceil                       00000001800593ca f   MSVCRT:MSVCR100.dll
 0001:000583d0       strrchr                    00000001800593d0 f   MSVCRT:MSVCR100.dll
 0001:000583d6       _setjmp                    00000001800593d6 f   MSVCRT:MSVCR100.dll
 0001:000583dc       calloc                     00000001800593dc f   MSVCRT:MSVCR100.dll
 0001:000583e2       realloc                    00000001800593e2 f   MSVCRT:MSVCR100.dll
 0001:000583e8       ldexp                      00000001800593e8 f   MSVCRT:MSVCR100.dll
 0001:000583f0       __report_gsfailure         00000001800593f0 f   MSVCRT:gs_report.obj
 0001:0005853c       __clean_type_info_names    000000018005953c f   MSVCRT:tncleanup.obj
 0001:00058548       _onexit                    0000000180059548 f   MSVCRT:atonexit.obj
 0001:000585f8       atexit                     00000001800595f8 f   MSVCRT:atonexit.obj
 0001:00058610       _RTC_Initialize            0000000180059610 f   MSVCRT:_initsect_.obj
 0001:00058648       _RTC_Terminate             0000000180059648 f   MSVCRT:_initsect_.obj
 0001:00058680       _malloc_crt                0000000180059680 f   MSVCRT:MSVCR100.dll
 0001:00058690       _ValidateImageBase         0000000180059690 f   MSVCRT:pesect.obj
 0001:000586c0       _FindPESection             00000001800596c0 f   MSVCRT:pesect.obj
 0001:00058710       _IsNonwritableInCurrentImage 0000000180059710 f   MSVCRT:pesect.obj
 0001:00058752       _initterm                  0000000180059752 f   MSVCRT:MSVCR100.dll
 0001:00058758       _initterm_e                0000000180059758 f   MSVCRT:MSVCR100.dll
 0001:0005875e       _encoded_null              000000018005975e f   MSVCRT:MSVCR100.dll
 0001:00058764       _amsg_exit                 0000000180059764 f   MSVCRT:MSVCR100.dll
 0001:0005876a       __C_specific_handler       000000018005976a f   MSVCRT:MSVCR100.dll
 0001:00058770       __CppXcptFilter            0000000180059770 f   MSVCRT:MSVCR100.dll
 0001:00058778       DllMain                    0000000180059778 f   MSVCRT:dllmain.obj
 0001:0005879c       __security_init_cookie     000000018005979c f   MSVCRT:gs_support.obj
 0001:00058850       __crt_debugger_hook        0000000180059850 f   MSVCRT:MSVCR100.dll
 0001:00058856       __clean_type_info_names_internal 0000000180059856 f   MSVCRT:MSVCR100.dll
 0001:0005885c       _unlock                    000000018005985c f   MSVCRT:MSVCR100.dll
 0001:00058862       __dllonexit                0000000180059862 f   MSVCRT:MSVCR100.dll
 0001:00058868       _lock                      0000000180059868 f   MSVCRT:MSVCR100.dll
 0001:0005886e       EncodePointer              000000018005986e f   kernel32:KERNEL32.dll
 0001:00058874       DecodePointer              0000000180059874 f   kernel32:KERNEL32.dll
 0001:0005887a       Sleep                      000000018005987a f   kernel32:KERNEL32.dll
 0001:00058880       TerminateProcess           0000000180059880 f   kernel32:KERNEL32.dll
 0001:00058886       GetCurrentProcess          0000000180059886 f   kernel32:KERNEL32.dll
 0001:0005888c       UnhandledExceptionFilter   000000018005988c f   kernel32:KERNEL32.dll
 0001:00058892       SetUnhandledExceptionFilter 0000000180059892 f   kernel32:KERNEL32.dll
 0001:00058898       IsDebuggerPresent          0000000180059898 f   kernel32:KERNEL32.dll
 0001:0005889e       RtlVirtualUnwind           000000018005989e f   kernel32:KERNEL32.dll
 0001:000588a4       RtlLookupFunctionEntry     00000001800598a4 f   kernel32:KERNEL32.dll
 0001:000588aa       RtlCaptureContext          00000001800598aa f   kernel32:KERNEL32.dll
 0001:000588b0       DisableThreadLibraryCalls  00000001800598b0 f   kernel32:KERNEL32.dll
 0001:000588b6       QueryPerformanceCounter    00000001800598b6 f   kernel32:KERNEL32.dll
 0001:000588bc       GetTickCount               00000001800598bc f   kernel32:KERNEL32.dll
 0001:000588c2       GetCurrentThreadId         00000001800598c2 f   kernel32:KERNEL32.dll
 0001:000588c8       GetCurrentProcessId        00000001800598c8 f   kernel32:KERNEL32.dll
 0001:000588ce       GetSystemTimeAsFileTime    00000001800598ce f   kernel32:KERNEL32.dll
 0002:00000000       __imp_DisableThreadLibraryCalls 000000018005a000     kernel32:KERNEL32.dll
 0002:00000008       __imp_RtlCaptureContext    000000018005a008     kernel32:KERNEL32.dll
 0002:00000010       __imp_RtlLookupFunctionEntry 000000018005a010     kernel32:KERNEL32.dll
 0002:00000018       __imp_RtlVirtualUnwind     000000018005a018     kernel32:KERNEL32.dll
 0002:00000020       __imp_IsDebuggerPresent    000000018005a020     kernel32:KERNEL32.dll
 0002:00000028       __imp_SetUnhandledExceptionFilter 000000018005a028     kernel32:KERNEL32.dll
 0002:00000030       __imp_UnhandledExceptionFilter 000000018005a030     kernel32:KERNEL32.dll
 0002:00000038       __imp_GetCurrentProcess    000000018005a038     kernel32:KERNEL32.dll
 0002:00000040       __imp_TerminateProcess     000000018005a040     kernel32:KERNEL32.dll
 0002:00000048       __imp_Sleep                000000018005a048     kernel32:KERNEL32.dll
 0002:00000050       __imp_DecodePointer        000000018005a050     kernel32:KERNEL32.dll
 0002:00000058       __imp_EncodePointer        000000018005a058     kernel32:KERNEL32.dll
 0002:00000060       __imp_GetTickCount         000000018005a060     kernel32:KERNEL32.dll
 0002:00000068       __imp_GetCurrentThreadId   000000018005a068     kernel32:KERNEL32.dll
 0002:00000070       __imp_GetCurrentProcessId  000000018005a070     kernel32:KERNEL32.dll
 0002:00000078       __imp_GetSystemTimeAsFileTime 000000018005a078     kernel32:KERNEL32.dll
 0002:00000080       __imp_QueryPerformanceCounter 000000018005a080     kernel32:KERNEL32.dll
 0002:00000088       \177KERNEL32_NULL_THUNK_DATA 000000018005a088     kernel32:KERNEL32.dll
 0002:00000090       __imp_free                 000000018005a090     MSVCRT:MSVCR100.dll
 0002:00000098       __imp__onexit              000000018005a098     MSVCRT:MSVCR100.dll
 0002:000000a0       __imp__lock                000000018005a0a0     MSVCRT:MSVCR100.dll
 0002:000000a8       __imp___dllonexit          000000018005a0a8     MSVCRT:MSVCR100.dll
 0002:000000b0       __imp__unlock              000000018005a0b0     MSVCRT:MSVCR100.dll
 0002:000000b8       __imp___clean_type_info_names_internal 000000018005a0b8     MSVCRT:MSVCR100.dll
 0002:000000c0       __imp___crt_debugger_hook  000000018005a0c0     MSVCRT:MSVCR100.dll
 0002:000000c8       __imp___CppXcptFilter      000000018005a0c8     MSVCRT:MSVCR100.dll
 0002:000000d0       __imp___C_specific_handler 000000018005a0d0     MSVCRT:MSVCR100.dll
 0002:000000d8       __imp__amsg_exit           000000018005a0d8     MSVCRT:MSVCR100.dll
 0002:000000e0       __imp__encoded_null        000000018005a0e0     MSVCRT:MSVCR100.dll
 0002:000000e8       __imp__initterm_e          000000018005a0e8     MSVCRT:MSVCR100.dll
 0002:000000f0       __imp__initterm            000000018005a0f0     MSVCRT:MSVCR100.dll
 0002:000000f8       __imp__malloc_crt          000000018005a0f8     MSVCRT:MSVCR100.dll
 0002:00000100       __imp_ldexp                000000018005a100     MSVCRT:MSVCR100.dll
 0002:00000108       __imp_realloc              000000018005a108     MSVCRT:MSVCR100.dll
 0002:00000110       __imp_calloc               000000018005a110     MSVCRT:MSVCR100.dll
 0002:00000118       __imp__setjmp              000000018005a118     MSVCRT:MSVCR100.dll
[...]
 0001:00030e60       ml_check_mx_array_for_single_castability 0000000180031e60 f   sfc_mex:sfc_mex.obj
 0001:00030f00       ml_check_mx_array_for_logical_castability 0000000180031f00 f   sfc_mex:sfc_mex.obj
 0001:00030fa0       ml_check_mx_array_for_int8_castability 0000000180031fa0 f   sfc_mex:sfc_mex.obj
 0001:00031050       ml_check_mx_array_for_uint8_castability 0000000180032050 f   sfc_mex:sfc_mex.obj
 0001:000310b0       ml_check_mx_array_for_int16_castability 00000001800320b0 f   sfc_mex:sfc_mex.obj
 0001:00031110       ml_check_mx_array_for_uint16_castability 0000000180032110 f   sfc_mex:sfc_mex.obj
 0001:00031170       ml_check_mx_array_for_int32_castability 0000000180032170 f   sfc_mex:sfc_mex.obj
 0001:000311d0       ml_check_mx_array_for_uint32_castability 00000001800321d0 f   sfc_mex:sfc_mex.obj
 0001:00031230       ml_check_mx_array_for_castability 0000000180032230 f   sfc_mex:sfc_mex.obj
 0001:00031b60       set_data_value             0000000180032b60 f   sfc_mex:sfc_mex.obj
 0001:00031ed0       get_data_value             0000000180032ed0 f   sfc_mex:sfc_mex.obj
 0001:00031fe0       get_next_element_address   0000000180032fe0 f   sfc_mex:sfc_mex.obj
 0001:000320b0       sf_normalize_index         00000001800330b0 f   sfc_mex:sfc_mex.obj
 0001:00032440       ml_array_index_bound_check 0000000180033440 f   sfc_mex:sfc_mex.obj
 0001:00032f60       mx_value                   0000000180033f60 f   sfc_mex:sfc_mex.obj
 0001:00032fb0       sf_create_numeric_array    0000000180033fb0 f   sfc_mex:sfc_mex.obj
 0001:00033050       sf_mex_assign_to_mx_array  0000000180034050 f   sfc_mex:sfc_mex.obj
 0001:000333a0       assign_from_mx_array       00000001800343a0 f   sfc_mex:sfc_mex.obj
 0001:00033bd0       sf_mex_import_v            0000000180034bd0 f   sfc_mex:sfc_mex.obj
 0001:000341a0       get_machine_and_chart_file_number 00000001800351a0 f   sfc_mex:sfc_sf.obj
 0001:00034290       get_sfun_block_specialization 0000000180035290 f   sfc_mex:sfc_sf.obj
 0001:00034310       call_sf_machine_global_method_dispatcher 0000000180035310 f   sfc_mex:sfc_sf.obj
 0001:00034540       mdl_zeroCrossings_processing 0000000180035540 f   sfc_mex:sfc_sf.obj
 0001:00034610       mdl_derivatives_processing 0000000180035610 f   sfc_mex:sfc_sf.obj
 0001:000348d0       mdl_outputs_continuous_legacy 00000001800358d0 f   sfc_mex:sfc_sf.obj
 0001:00034950       mdl_outputs_processing     0000000180035950 f   sfc_mex:sfc_sf.obj
 0001:00034b80       mdl_enable_processing      0000000180035b80 f   sfc_mex:sfc_sf.obj
 0001:00034c50       mdl_disable_processing     0000000180035c50 f   sfc_mex:sfc_sf.obj
 0001:000355a0       write_symbol_mapping       00000001800365a0 f   sfc_mex:sfc_sf.obj
 0001:00035cc0       sf_call_output_fcn_enable_disable 0000000180036cc0 f   sfc_mex:sfc_sf.obj
 0001:00035f40       set_dwork_information_from_mx_array 0000000180036f40 f   sfc_mex:sfc_sf.obj
 0001:00036830       ptr2mxStruct               0000000180037830 f   sfc_mex:sfc_sf.obj
 0001:00036b40       SNPRINTF_WRAPPER           0000000180037b40 f   sfc_debug:sfcdebug.obj
 0001:00036b60       sf_debug_chart_instance_initialized_quick 0000000180037b60 f   sfc_debug:sfcdebug.obj
 0001:00036b70       sf_debug_chart_instance_initialized 0000000180037b70 f   sfc_debug:sfcdebug.obj
 0001:00036d10       sfrtAddSize                0000000180037d10 f   sfc_debug:sfcdebug.obj
 0001:00036dd0       sfrtGenSizeString          0000000180037dd0 f   sfc_debug:sfcdebug.obj
 0001:000374e0       sf_debug_sim_status_listener 00000001800384e0 f   sfc_debug:sfcdebug.obj
 0001:00037a50       sf_debug_form_mask_bits    0000000180038a50 f   sfc_debug:sfcdebug.obj
 0001:00037a90       sf_debug_form_sf_data_type_offsets 0000000180038a90 f   sfc_debug:sfcdebug.obj
 0001:00037b50       sf_debug_free_all          0000000180038b50 f   sfc_debug:sfcdebug.obj
 0001:00037cd0       sf_debug_append_debugger_context 0000000180038cd0 f   sfc_debug:sfcdebug.obj
 0001:00037f90       local_strdup               0000000180038f90 f   sfc_debug:sfcdebug.obj
 0001:00038e70       sf_debug_em_terminate      0000000180039e70 f   sfc_debug:sfcdebug.obj
 0001:00038eb0       sf_debug_push_eml_function 0000000180039eb0 f   sfc_debug:sfcdebug.obj
 0001:00038f50       sf_debug_pop_eml_function  0000000180039f50 f   sfc_debug:sfcdebug.obj
 0001:00039c50       sf_debug_get_machine_number_from_id_or_name 000000018003ac50 f   sfc_debug:sfcdebug.obj
 0001:00039da0       sf_debug_get_chart_number_from_id 000000018003ada0 f   sfc_debug:sfcdebug.obj
 0001:0003aa10       sf_debug_transfer_control_to_debugger_GUI 000000018003ba10 f   sfc_debug:sfcdebug.obj
 0001:0003b9b0       sf_debug_scripts_rehash    000000018003c9b0 f   sfc_debug:sfcdebug.obj
 0001:0003bbf0       sf_debug_get_script_line_count 000000018003cbf0 f   sfc_debug:sfcdebug.obj
 0001:0003c300       cv_eml_state_cvId          000000018003d300 f   sfc_debug:sfcdebug.obj
 0001:0003d520       sf_debug_data_array_bounds_error 000000018003e520 f   sfc_debug:sfcdebug.obj
 0001:0003d950       eml_debug_runtime_error_doclink 000000018003e950 f   sfc_debug:sfcdebug.obj
 0001:0003dad0       sf_debug_runtime_error     000000018003ead0 f   sfc_debug:sfcdebug.obj
 0001:0003db40       sf_debug_matlab_error      000000018003eb40 f   sfc_debug:sfcdebug.obj
 0001:0003e3f0       sf_debug_data_value_error  000000018003f3f0 f   sfc_debug:sfcdebug.obj
 0001:0003ecf0       sf_debug_data_loss_error   000000018003fcf0 f   sfc_debug:sfcdebug.obj
 0001:0003f950       call_cv_range_check        0000000180040950 f   sfc_debug:sfcdebug.obj
 0001:00040120       sf_debug_invoke_cycle_detection_code 0000000180041120 f   sfc_debug:sfcdebug.obj
 0001:00040f90       sf_reset_debug_info_struct 0000000180041f90 f   sfc_debug:sfcdebug.obj
 0001:00041880       cv_script_cvId             0000000180042880 f   sfc_debug:sfcdebug.obj
 0001:00042670       sfc_api_chart_visible      0000000180043670 f   sfc_debug:sfc_api.obj
 0001:000426f0       sfc_api_active_instance    00000001800436f0 f   sfc_debug:sfc_api.obj
 0001:00042770       sfc_api_machine_load       0000000180043770 f   sfc_debug:sfc_api.obj
 0001:00042840       sfc_api_debugger_alive     0000000180043840 f   sfc_debug:sfc_api.obj
 0001:00042850       sfc_api_go                 0000000180043850 f   sfc_debug:sfc_api.obj
 0001:00042860       sfc_api_step_over          0000000180043860 f   sfc_debug:sfc_api.obj
 0001:00042870       sfc_api_step_out           0000000180043870 f   sfc_debug:sfc_api.obj
 0001:00042880       sfc_api_resume             0000000180043880 f   sfc_debug:sfc_api.obj
 0001:00042890       sfc_api_break              0000000180043890 f   sfc_debug:sfc_api.obj
 0001:000428a0       sfc_api_stop_debugging     00000001800438a0 f   sfc_debug:sfc_api.obj
 0001:000428f0       sfc_api_is_cycle_detected  00000001800438f0 f   sfc_debug:sfc_api.obj
 0001:00042940       sfc_api_is_array_bounds_detected 0000000180043940 f   sfc_debug:sfc_api.obj
 0001:00042990       sfc_api_set_disable_all_breakpoints 0000000180043990 f   sfc_debug:sfc_api.obj
 0001:00042a00       sfc_api_disable_all_breakpoints_and_go 0000000180043a00 f   sfc_debug:sfc_api.obj
 0001:00042a10       sfc_api_close              0000000180043a10 f   sfc_debug:sfc_api.obj
 0001:00042a20       sfc_api_browse_data        0000000180043a20 f   sfc_debug:sfc_api.obj
 0001:00042a90       sfc_api_watch_data         0000000180043a90 f   sfc_debug:sfc_api.obj
 0001:00042b30       sfc_api_assign_data        0000000180043b30 f   sfc_debug:sfc_api.obj
 0001:00042bd0       sfc_api_whos               0000000180043bd0 f   sfc_debug:sfc_api.obj
 0001:00042c60       sfc_api_get_consistency_info 0000000180043c60 f   sfc_debug:sfc_api.obj
 0001:00042c70       sfc_api_browse_trace       0000000180043c70 f   sfc_debug:sfc_api.obj
 0001:00042c80       sfc_api_break_on_chart_entry 0000000180043c80 f   sfc_debug:sfc_api.obj
 0001:00042ca0       sfc_api_break_on_event_broadcast 0000000180043ca0 f   sfc_debug:sfc_api.obj
 0001:00042cc0       sfc_api_break_on_state_entry 0000000180043cc0 f   sfc_debug:sfc_api.obj
 0001:00042ce0       sfc_api_set_watch          0000000180043ce0 f   sfc_debug:sfc_api.obj
 0001:00042d80       sfc_api_set_breakpoints    0000000180043d80 f   sfc_debug:sfc_api.obj
 0001:00042e20       sfc_api_set_eml_breakpoints 0000000180043e20 f   sfc_debug:sfc_api.obj
 0001:00042ea0       sfc_api_set_script_breakpoints 0000000180043ea0 f   sfc_debug:sfc_api.obj
 0001:00042ef0       sfc_api_add_script_breakpoints 0000000180043ef0 f   sfc_debug:sfc_api.obj
 0001:00042f40       sfc_api_clear_script_breakpoints 0000000180043f40 f   sfc_debug:sfc_api.obj
 0001:00042f90       sfc_api_query_script_breakpoints 0000000180043f90 f   sfc_debug:sfc_api.obj
 0001:00042ff0       sfc_api_get_script_id      0000000180043ff0 f   sfc_debug:sfc_api.obj
 0001:000430b0       sfc_api_get_active_states  00000001800440b0 f   sfc_debug:sfc_api.obj
 0001:00043130       sfc_api_break_between_times 0000000180044130 f   sfc_debug:sfc_api.obj
 0001:00043190       sfc_api_get_instance_handle 0000000180044190 f   sfc_debug:sfc_api.obj
 0001:00043240       sfc_api_get_coverage       0000000180044240 f   sfc_debug:sfc_api.obj
 0001:000432c0       sfc_api_set_animation      00000001800442c0 f   sfc_debug:sfc_api.obj
 0001:00043310       sfc_api_select_chart       0000000180044310 f   sfc_debug:sfc_api.obj
 0001:00043370       sfc_api_select_charts      0000000180044370 f   sfc_debug:sfc_api.obj
 0001:000433a0       sfc_api_cycle_detection_check 00000001800443a0 f   sfc_debug:sfc_api.obj
 0001:000433f0       sfc_api_data_range_check   00000001800443f0 f   sfc_debug:sfc_api.obj
 0001:00043440       sfc_api_transition_conflict_check 0000000180044440 f   sfc_debug:sfc_api.obj
 0001:00043490       sfc_api_state_consistency_check 0000000180044490 f   sfc_debug:sfc_api.obj
 0001:000434e0       sfc_api_set_instance_cv_ids 00000001800444e0 f   sfc_debug:sfc_api.obj
 0001:000435f0       sfc_api_set_script_cv_ids  00000001800445f0 f   sfc_debug:sfc_api.obj
 0001:00043690       sfc_api_get_current_machine_id 0000000180044690 f   sfc_debug:sfc_api.obj
 0001:000436c0       sfc_api_get_current_machine_number 00000001800446c0 f   sfc_debug:sfc_api.obj
 0001:000436f0       sfc_api_get_current_chart_number 00000001800446f0 f   sfc_debug:sfc_api.obj
 0001:00043720       sfc_api_get_current_instance_number 0000000180044720 f   sfc_debug:sfc_api.obj
 0001:00043750       sfc_api_get_current_instance_handle 0000000180044750 f   sfc_debug:sfc_api.obj
 0001:00043770       sfc_api_get_current_is_minor_time_step 0000000180044770 f   sfc_debug:sfc_api.obj
 0001:000437a0       sfc_api_get_current_machine_name 00000001800447a0 f   sfc_debug:sfc_api.obj
 0001:000437c0       sfc_api_get_current_chart_id 00000001800447c0 f   sfc_debug:sfc_api.obj
 0001:000437f0       sfc_api_get_current_object_type 00000001800447f0 f   sfc_debug:sfc_api.obj
 0001:00043820       sfc_api_get_current_event_type 0000000180044820 f   sfc_debug:sfc_api.obj
 0001:00043850       sfc_api_get_current_object_id 0000000180044850 f   sfc_debug:sfc_api.obj
 0001:00043880       sfc_get_current_active_event_type 0000000180044880 f   sfc_debug:sfc_api.obj
 0001:000438b0       sfc_api_get_current_active_event_id 00000001800448b0 f   sfc_debug:sfc_api.obj
 0001:000438e0       sfc_api_get_current_simulation_time 00000001800448e0 f   sfc_debug:sfc_api.obj
 0001:00043900       sfc_get_current_tag_type   0000000180044900 f   sfc_debug:sfc_api.obj
 0001:00043930       sfc_get_current_coverage_percentage 0000000180044930 f   sfc_debug:sfc_api.obj
 0001:00043950       sfc_get_current_statement_context 0000000180044950 f   sfc_debug:sfc_api.obj
 0001:00043970       sfc_get_current_optional_integer 0000000180044970 f   sfc_debug:sfc_api.obj
 0001:000439a0       sfc_get_current_statement_info 00000001800449a0 f   sfc_debug:sfc_api.obj
 0001:00043a40       sfc_api_get                0000000180044a40 f   sfc_debug:sfc_api.obj
 0001:00043ba0       sf_debug_sm_is_using_unified_editors 0000000180044ba0 f   sfc_debug:sfdb_animation.obj
 0001:00043c40       sf_debug_sm_is_chart_visible_in_unified_editors 0000000180044c40 f   sfc_debug:sfdb_animation.obj
 0001:00043d00       sf_debug_sm_check_if_chart_is_visible 0000000180044d00 f   sfc_debug:sfdb_animation.obj
 0001:00044800       sf_debug_sm_fill_state_activity_data 0000000180045800 f   sfc_debug:sfdb_animation.obj
 0001:00046df0       sf_debug_hm_get_simulink_handle 0000000180047df0 f   sfc_debug:sfdb_handle_management.obj
 0001:00047940       sf_debug_hm_initialize_globals 0000000180048940 f   sfc_debug:sfdb_handle_management.obj
 0001:00047a40       sf_debug_hm_get_machine_debug_flag 0000000180048a40 f   sfc_debug:sfdb_handle_management.obj
 0001:00047bb0       sf_debug_hm_get_machine_id 0000000180048bb0 f   sfc_debug:sfdb_handle_management.obj
 0001:00047cd0       sf_debug_hm_get_chart_id   0000000180048cd0 f   sfc_debug:sfdb_handle_management.obj
 0001:00047e70       sf_debug_hm_register_executing_SFunction 0000000180048e70 f   sfc_debug:sfdb_handle_management.obj
 0001:00048010       sf_debug_hm_get_chart_active_instance 0000000180049010 f   sfc_debug:sfdb_handle_management.obj
 0001:00048180       sf_debug_hm_get_chart_visibility 0000000180049180 f   sfc_debug:sfdb_handle_management.obj
 0001:000482d0       sf_debug_hm_form_object_boolean_properties 00000001800492d0 f   sfc_debug:sfdb_handle_management.obj
 0001:000485a0       sf_debug_hm_form_object_properties 00000001800495a0 f   sfc_debug:sfdb_handle_management.obj
 0001:000487e0       sf_debug_hm_terminate_charts 00000001800497e0 f   sfc_debug:sfdb_handle_management.obj
 0001:00048f50       sf_debug_hm_terminate_machines 0000000180049f50 f   sfc_debug:sfdb_handle_management.obj
 0001:0004a870       void_ptr_stack_vector_free_total 000000018004b870 f   sfc_debug:sfdb_data_browse.obj
 0001:0004a900       sf_debug_st_terminate_machine 000000018004b900 f   sfc_debug:sfdb_data_browse.obj
 0001:0004a940       sf_debug_st_terminate_instance 000000018004b940 f   sfc_debug:sfdb_data_browse.obj
 0001:0004acf0       push_on_to_void_ptr_stack  000000018004bcf0 f   sfc_debug:sfdb_data_browse.obj
 0001:0004ae80       pop_from_void_ptr_stack    000000018004be80 f   sfc_debug:sfdb_data_browse.obj
 0001:0004afb0       sf_debug_st_get_data_value 000000018004bfb0 f   sfc_debug:sfdb_data_browse.obj
 0001:0004b540       mx_value                   000000018004c540 f   sfc_debug:sfdb_data_browse.obj
 0001:0004b580       sf_debug_st_fill_data_struct 000000018004c580 f   sfc_debug:sfdb_data_browse.obj
 0001:0004b8c0       data_type_format_strings   000000018004c8c0 f   sfc_debug:sfdb_data_browse.obj
 0001:0004b970       sf_debug_st_fill_data      000000018004c970 f   sfc_debug:sfdb_data_browse.obj
 0001:0004cbb0       sf_debug_ss_copy_dimension 000000018004dbb0 f   sfc_debug:sfdb_symbol_scope.obj
 0001:0004cc70       sf_debug_ss_get_number_elements 000000018004dc70 f   sfc_debug:sfdb_symbol_scope.obj
 0001:0004cc90       sf_debug_ss_fill_data_struct 000000018004dc90 f   sfc_debug:sfdb_symbol_scope.obj
 0001:0004cfe0       sf_debug_ss_reset_data_info 000000018004dfe0 f   sfc_debug:sfdb_symbol_scope.obj
 0001:0004d040       sf_debug_fill_data_info_by_symbol_scope_entry 000000018004e040 f   sfc_debug:sfdb_symbol_scope.obj
 0001:0004d100       sf_debug_fill_data_info_by_data_vector 000000018004e100 f   sfc_debug:sfdb_symbol_scope.obj
 0001:0004d350       sf_debug_ss_get_data_info  000000018004e350 f   sfc_debug:sfdb_symbol_scope.obj
 0001:0004d640       sf_debug_select_mex_function 000000018004e640 f   sfc_debug:sfdb_symbol_scope.obj
 0001:0004d670       sf_debug_is_dyn_matrix_initialized 000000018004e670 f   sfc_debug:sfdb_symbol_scope.obj
 0001:0004d690       sf_debug_ss_set_data_value_try 000000018004e690 f   sfc_debug:sfdb_symbol_scope.obj
 0001:0004d860       sf_debug_ss_get_data_value 000000018004e860 f   sfc_debug:sfdb_symbol_scope.obj
 0001:0004ddb0       sf_debug_ss_data_bytes_string 000000018004edb0 f   sfc_debug:sfdb_symbol_scope.obj
 0001:0004de60       sf_debug_ss_data_class_string 000000018004ee60 f   sfc_debug:sfdb_symbol_scope.obj
 0001:0004e1f0       sf_debug_ss_data_size_string 000000018004f1f0 f   sfc_debug:sfdb_symbol_scope.obj
 0001:0004e2d0       sf_debug_ss_data_create_data_info_struct 000000018004f2d0 f   sfc_debug:sfdb_symbol_scope.obj
 0001:0004e5a0       sf_debug_ss_data_create_name_value_pair 000000018004f5a0 f   sfc_debug:sfdb_symbol_scope.obj
 0001:0004e640       sf_debug_ss_data_get_whos_info 000000018004f640 f   sfc_debug:sfdb_symbol_scope.obj
 0001:0004e650       same_named_data_in_data_array 000000018004f650 f   sfc_debug:sfdb_symbol_scope.obj
 0001:0004fec0       sf_debug_cc_terminate_chart 0000000180050ec0 f   sfc_debug:sfdb_coverage.obj
 0001:00050260       sf_debug_cc_terminate_instance 0000000180051260 f   sfc_debug:sfdb_coverage.obj
 0001:00050e50       sf_debug_cc_mark_object_if_needed 0000000180051e50 f   sfc_debug:sfdb_coverage.obj
 0001:00051210       sf_debug_cc_fill_transition_coverage_data 0000000180052210 f   sfc_debug:sfdb_coverage.obj
 0001:000513a0       sf_debug_cc_fill_transition_coverage_map 00000001800523a0 f   sfc_debug:sfdb_coverage.obj
 0001:00051650       sf_debug_cc_fill_state_coverage_map 0000000180052650 f   sfc_debug:sfdb_coverage.obj
 0001:000518a0       sf_debug_cc_fill_state_coverage_data 00000001800528a0 f   sfc_debug:sfdb_coverage.obj
 0001:000524e0       sf_debug_bm_initialize_eml 00000001800534e0 f   sfc_debug:sfdb_breakpoints.obj
 0001:00053650       sf_debug_bm_map_debug_tag_to_breakpoint_tag 0000000180054650 f   sfc_debug:sfdb_breakpoints.obj
 0001:00053730       sf_debug_bm_is_a_eml_breakpoint_impl 0000000180054730 f   sfc_debug:sfdb_breakpoints.obj
 0001:000551b0       sf_debug_sc_push_on_error_stack 00000001800561b0 f   sfc_debug:sfdb_state_consistency.obj
 0001:000552e0       sf_debug_sc_reset_error_stack 00000001800562e0 f   sfc_debug:sfdb_state_consistency.obj
 0001:00055470       sf_debug_sc_is_state_inconsistent 0000000180056470 f   sfc_debug:sfdb_state_consistency.obj
 0001:00055770       sf_debug_sc_fill_consistency_info 0000000180056770 f   sfc_debug:sfdb_state_consistency.obj
 0001:00055d50       void_assertion_fcn         0000000180056d50 f   sfc_debug:sfdb_call_stack.obj
 0001:000562d0       sf_debug_tm_fill_local_trace 00000001800572d0 f   sfc_debug:sfdb_call_stack.obj
 0001:000568a0       sf_debug_cd_terminate_instance 00000001800578a0 f   sfc_debug:sfdb_cycle_detection.obj
 0001:00056900       sf_debug_cd_free_checksum_stack 0000000180057900 f   sfc_debug:sfdb_cycle_detection.obj
 0001:00056950       sf_debug_cd_reset_pack_strings 0000000180057950 f   sfc_debug:sfdb_cycle_detection.obj
 0001:00057010       md5file_clear              0000000180058010 f   sfc_debug:ckmd5.obj
 0001:00057040       Encode                     0000000180058040 f   sfc_debug:ckmd5.obj
 0001:00057090       Decode                     0000000180058090 f   sfc_debug:ckmd5.obj
 0001:00057130       MD5Transform               0000000180058130 f   sfc_debug:ckmd5.obj
 0001:00057980       md5file_addn               0000000180058980 f   sfc_debug:ckmd5.obj
 0001:00057a50       md5file_hash               0000000180058a50 f   sfc_debug:ckmd5.obj
 0001:00057f1c       pre_c_init                 0000000180058f1c f   MSVCRT:crtdll.obj
 0001:000581d8       __DllMainCRTStartup        00000001800591d8 f   MSVCRT:crtdll.obj
 0001:000588e0       __DllMainCRTStartup$filt$0 00000001800598e0 f   MSVCRT:crtdll.obj
 0001:00058910       __DllMainCRTStartup$fin$1  0000000180059910 f   MSVCRT:crtdll.obj
 0001:0005892a       _onexit$fin$0              000000018005992a f   MSVCRT:atonexit.obj
 0001:00058950       _IsNonwritableInCurrentImage$filt$0 0000000180059950 f   MSVCRT:pesect.obj
