 hyd_hyb_2_worth_sohrab_sfun

 Timestamp is 4f54db22 (Mon Mar 05 18:56:26 2012)

 Preferred load address is 0000000180000000

 Start         Length     Name                   Class
 0001:00000000 00058ee4H .text                   CODE
 0001:00058ef0 00000092H .text$x                 CODE
 0002:00000000 00000460H .idata$5                DATA
 0002:00000460 00000008H .CRT$XCA                DATA
 0002:00000468 00000008H .CRT$XCZ                DATA
 0002:00000470 00000008H .CRT$XIA                DATA
 0002:00000478 00000008H .CRT$XIAA               DATA
 0002:00000480 00000008H .CRT$XIZ                DATA
 0002:00000490 00004b7cH .rdata                  DATA
 0002:00005010 00000008H .rtc$IAA                DATA
 0002:00005018 00000008H .rtc$IZZ                DATA
 0002:00005020 00000008H .rtc$TAA                DATA
 0002:00005028 00000008H .rtc$TZZ                DATA
 0002:00005030 000043c4H .xdata                  DATA
 0002:000093f4 000000a0H .idata$2                DATA
 0002:00009494 00000014H .idata$3                DATA
 0002:000094a8 00000460H .idata$4                DATA
 0002:00009908 00000a00H .idata$6                DATA
 0002:0000a310 00000061H .edata                  DATA
 0003:00000000 000049a8H .data                   DATA
 0003:000049c0 000026b8H .bss                    DATA
 0004:00000000 00003660H .pdata                  DATA

  Address         Publics by Value              Rva+Base               Lib:Object

 0000:00000000       ___safe_se_handler_table   0000000000000000     <absolute>
 0000:00000000       ___safe_se_handler_count   0000000000000000     <absolute>
 0000:00000000       __ImageBase                0000000180000000     <linker-defined>
 0001:00000000       sf_c1_hyd_hyb_2_worth_sohrab_get_eml_resolved_functions_info 0000000180001000 f   c1_hyd_hyb_2_worth_sohrab.obj
 0001:00000080       sf_c1_hyd_hyb_2_worth_sohrab_get_check_sum 0000000180001080 f   c1_hyd_hyb_2_worth_sohrab.obj
 0001:00000100       sf_c1_hyd_hyb_2_worth_sohrab_get_autoinheritance_info 0000000180001100 f   c1_hyd_hyb_2_worth_sohrab.obj
 0001:000006d0       sf_internal_get_sim_state_c1_hyd_hyb_2_worth_sohrab 00000001800016d0 f   c1_hyd_hyb_2_worth_sohrab.obj
 0001:00000be0       sf_internal_set_sim_state_c1_hyd_hyb_2_worth_sohrab 0000000180001be0 f   c1_hyd_hyb_2_worth_sohrab.obj
 0001:00001540       c1_hyd_hyb_2_worth_sohrab_method_dispatcher 0000000180002540 f   c1_hyd_hyb_2_worth_sohrab.obj
 0001:00003f10       sf_c2_hyd_hyb_2_worth_sohrab_get_eml_resolved_functions_info 0000000180004f10 f   c2_hyd_hyb_2_worth_sohrab.obj
 0001:00003f90       sf_c2_hyd_hyb_2_worth_sohrab_get_check_sum 0000000180004f90 f   c2_hyd_hyb_2_worth_sohrab.obj
 0001:00004010       sf_c2_hyd_hyb_2_worth_sohrab_get_autoinheritance_info 0000000180005010 f   c2_hyd_hyb_2_worth_sohrab.obj
 0001:000051e0       sf_internal_get_sim_state_c2_hyd_hyb_2_worth_sohrab 00000001800061e0 f   c2_hyd_hyb_2_worth_sohrab.obj
 0001:00005710       sf_internal_set_sim_state_c2_hyd_hyb_2_worth_sohrab 0000000180006710 f   c2_hyd_hyb_2_worth_sohrab.obj
 0001:00006390       c2_hyd_hyb_2_worth_sohrab_method_dispatcher 0000000180007390 f   c2_hyd_hyb_2_worth_sohrab.obj
 0001:0000d970       sf_c4_hyd_hyb_2_worth_sohrab_get_eml_resolved_functions_info 000000018000e970 f   c4_hyd_hyb_2_worth_sohrab.obj
 0001:0000d9f0       sf_c4_hyd_hyb_2_worth_sohrab_get_check_sum 000000018000e9f0 f   c4_hyd_hyb_2_worth_sohrab.obj
 0001:0000da70       sf_c4_hyd_hyb_2_worth_sohrab_get_autoinheritance_info 000000018000ea70 f   c4_hyd_hyb_2_worth_sohrab.obj
 0001:0000e040       sf_internal_get_sim_state_c4_hyd_hyb_2_worth_sohrab 000000018000f040 f   c4_hyd_hyb_2_worth_sohrab.obj
 0001:0000e410       sf_internal_set_sim_state_c4_hyd_hyb_2_worth_sohrab 000000018000f410 f   c4_hyd_hyb_2_worth_sohrab.obj
 0001:0000ec20       c4_hyd_hyb_2_worth_sohrab_method_dispatcher 000000018000fc20 f   c4_hyd_hyb_2_worth_sohrab.obj
 0001:00011240       sf_c5_hyd_hyb_2_worth_sohrab_get_eml_resolved_functions_info 0000000180012240 f   c5_hyd_hyb_2_worth_sohrab.obj
 0001:000112c0       sf_c5_hyd_hyb_2_worth_sohrab_get_check_sum 00000001800122c0 f   c5_hyd_hyb_2_worth_sohrab.obj
 0001:00011340       sf_c5_hyd_hyb_2_worth_sohrab_get_autoinheritance_info 0000000180012340 f   c5_hyd_hyb_2_worth_sohrab.obj
 0001:00012a20       sf_internal_get_sim_state_c5_hyd_hyb_2_worth_sohrab 0000000180013a20 f   c5_hyd_hyb_2_worth_sohrab.obj
 0001:000133e0       sf_internal_set_sim_state_c5_hyd_hyb_2_worth_sohrab 00000001800143e0 f   c5_hyd_hyb_2_worth_sohrab.obj
 0001:00014af0       c5_hyd_hyb_2_worth_sohrab_method_dispatcher 0000000180015af0 f   c5_hyd_hyb_2_worth_sohrab.obj
 0001:00026960       sf_process_check_sum_call  0000000180027960 f   hyd_hyb_2_worth_sohrab_sfun_registry.obj
 0001:000269b0       sf_process_autoinheritance_call 00000001800279b0 f   hyd_hyb_2_worth_sohrab_sfun_registry.obj
 0001:00026b30       sf_process_get_eml_resolved_functions_info_call 0000000180027b30 f   hyd_hyb_2_worth_sohrab_sfun_registry.obj
 0001:00026cb0       sf_mex_unlock_call         0000000180027cb0 f   hyd_hyb_2_worth_sohrab_sfun_registry.obj
 0001:00026d60       sf_machine_global_initializer_called 0000000180027d60 f   hyd_hyb_2_worth_sohrab_sfun_registry.obj
 0001:00026d90       sf_machine_global_method_dispatcher 0000000180027d90 f   hyd_hyb_2_worth_sohrab_sfun_registry.obj
 0001:00026df0       sf_machine_global_terminator 0000000180027df0 f   hyd_hyb_2_worth_sohrab_sfun_registry.obj
 0001:00026e30       sf_register_machine_exported_symbols 0000000180027e30 f   hyd_hyb_2_worth_sohrab_sfun_registry.obj
 0001:00026e50       callCustomFcn              0000000180027e50 f   hyd_hyb_2_worth_sohrab_sfun_registry.obj
 0001:00026e60       sf_machine_global_initializer 0000000180027e60 f   hyd_hyb_2_worth_sohrab_sfun_registry.obj
 0001:00026ed0       _ssSetStateAbsTol          0000000180027ed0 f   hyd_hyb_2_worth_sohrab_sfun_registry.obj
 0001:00026fb0       _ssGetAbsTol               0000000180027fb0 f   hyd_hyb_2_worth_sohrab_sfun_registry.obj
 0001:00027020       _ssSetInputPortMatrixDimensions 0000000180028020 f   hyd_hyb_2_worth_sohrab_sfun_registry.obj
 0001:00027130       _ssSetOutputPortMatrixDimensions 0000000180028130 f   hyd_hyb_2_worth_sohrab_sfun_registry.obj
 0001:00027240       _ssSetInputPortVectorDimension 0000000180028240 f   hyd_hyb_2_worth_sohrab_sfun_registry.obj
 0001:00027310       _ssSetOutputPortVectorDimension 0000000180028310 f   hyd_hyb_2_worth_sohrab_sfun_registry.obj
 0001:000273e0       ssIsRunTimeParamTunable    00000001800283e0 f   hyd_hyb_2_worth_sohrab_sfun_registry.obj
 0001:00027450       ssGetSFuncBlockHandle      0000000180028450 f   hyd_hyb_2_worth_sohrab_sfun_registry.obj
 0001:000274c0       _ssGetCurrentInputPortWidth 00000001800284c0 f   hyd_hyb_2_worth_sohrab_sfun_registry.obj
 0001:000275e0       _ssGetCurrentOutputPortWidth 00000001800285e0 f   hyd_hyb_2_worth_sohrab_sfun_registry.obj
 0001:00027700       _ssGetCallSystemNumFcnCallDestinations 0000000180028700 f   hyd_hyb_2_worth_sohrab_sfun_registry.obj
 0001:00027770       ssWarning                  0000000180028770 f   hyd_hyb_2_worth_sohrab_sfun_registry.obj
 0001:00027880       ssGetIsZeroCrossControlDisabled 0000000180028880 f   hyd_hyb_2_worth_sohrab_sfun_registry.obj
 0001:000278f0       ssSetIsInputPortUsedForContZcSignal 00000001800288f0 f   hyd_hyb_2_worth_sohrab_sfun_registry.obj
 0001:00027960       ssSetZcSignalIsZcElementDisc 0000000180028960 f   hyd_hyb_2_worth_sohrab_sfun_registry.obj
 0001:00027a10       ssSetZcSignalName          0000000180028a10 f   hyd_hyb_2_worth_sohrab_sfun_registry.obj
 0001:00027a80       ssSetZcSignalWidth         0000000180028a80 f   hyd_hyb_2_worth_sohrab_sfun_registry.obj
 0001:00027af0       ssSetZcSignalZcEventType   0000000180028af0 f   hyd_hyb_2_worth_sohrab_sfun_registry.obj
 0001:00027b60       ssSetZcSignalType          0000000180028b60 f   hyd_hyb_2_worth_sohrab_sfun_registry.obj
 0001:00027bd0       ssSetZcSignalZcTol         0000000180028bd0 f   hyd_hyb_2_worth_sohrab_sfun_registry.obj
 0001:00027c40       ssSetZcSignalNeedsEventNotification 0000000180028c40 f   hyd_hyb_2_worth_sohrab_sfun_registry.obj
 0001:00027cb0       ssCreateAndAddZcSignalInfo 0000000180028cb0 f   hyd_hyb_2_worth_sohrab_sfun_registry.obj
 0001:00027d20       ssCloneAndAddZcSignalInfo  0000000180028d20 f   hyd_hyb_2_worth_sohrab_sfun_registry.obj
 0001:00027d90       ssGetNumZcSignals          0000000180028d90 f   hyd_hyb_2_worth_sohrab_sfun_registry.obj
 0001:00027e00       ssGetZcSignalVector        0000000180028e00 f   hyd_hyb_2_worth_sohrab_sfun_registry.obj
 0001:00027e70       ssGetZcSignalZcEvents      0000000180028e70 f   hyd_hyb_2_worth_sohrab_sfun_registry.obj
 0001:00027ee0       ssGetZcSignalName          0000000180028ee0 f   hyd_hyb_2_worth_sohrab_sfun_registry.obj
 0001:00027f50       ssGetZcSignalWidth         0000000180028f50 f   hyd_hyb_2_worth_sohrab_sfun_registry.obj
 0001:00027fc0       ssGetZcSignalZcEventType   0000000180028fc0 f   hyd_hyb_2_worth_sohrab_sfun_registry.obj
 0001:00028030       ssGetZcSignalType          0000000180029030 f   hyd_hyb_2_worth_sohrab_sfun_registry.obj
 0001:000280a0       ssGetZcSignalZcTol         00000001800290a0 f   hyd_hyb_2_worth_sohrab_sfun_registry.obj
 0001:00028120       ssGetZcSignalNeedsEventNotification 0000000180029120 f   hyd_hyb_2_worth_sohrab_sfun_registry.obj
 0001:00028190       ssGetZcSignalIsZcElementDisc 0000000180029190 f   hyd_hyb_2_worth_sohrab_sfun_registry.obj
 0001:00028230       ssGetIsInputPortElementContinuous 0000000180029230 f   hyd_hyb_2_worth_sohrab_sfun_registry.obj
 0001:000282d0       _ssGetInputPortSignalPtrsFcn 00000001800292d0 f   hyd_hyb_2_worth_sohrab_sfun_registry.obj
 0001:00028590       _ssGetInputPortSignalFcn   0000000180029590 f   hyd_hyb_2_worth_sohrab_sfun_registry.obj
 0001:000287b0       _ssSetInputPortDirectFeedThroughFcn 00000001800297b0 f   hyd_hyb_2_worth_sohrab_sfun_registry.obj
 0001:00028910       _ssSetInputPortReusableFcn 0000000180029910 f   hyd_hyb_2_worth_sohrab_sfun_registry.obj
 0001:00028a00       _ssSetOutputPortReusableFcn 0000000180029a00 f   hyd_hyb_2_worth_sohrab_sfun_registry.obj
 0001:00028ae0       ssGetDTypeIdFromMxArray    0000000180029ae0 f   hyd_hyb_2_worth_sohrab_sfun_registry.obj
 0001:00028c00       ssWriteRTWStr              0000000180029c00 f   hyd_hyb_2_worth_sohrab_sfun_registry.obj
 0001:00028c60       ssWriteRTWMxVectParam      0000000180029c60 f   hyd_hyb_2_worth_sohrab_sfun_registry.obj
 0001:00028cc0       ssWriteRTWMx2dMatParam     0000000180029cc0 f   hyd_hyb_2_worth_sohrab_sfun_registry.obj
 0001:00028d40       ssWriteRTWNameValuePair    0000000180029d40 f   hyd_hyb_2_worth_sohrab_sfun_registry.obj
 0001:00029230       ssWriteRTWParameters       000000018002a230 f   hyd_hyb_2_worth_sohrab_sfun_registry.obj
 0001:00029830       ssWriteRTWParamSettings    000000018002a830 f   hyd_hyb_2_worth_sohrab_sfun_registry.obj
 0001:00029f00       ssWriteRTWWorkVect         000000018002af00 f   hyd_hyb_2_worth_sohrab_sfun_registry.obj
 0001:0002a400       mexFunction                000000018002b400 f   hyd_hyb_2_worth_sohrab_sfun_registry.obj
 0001:0002c040       ProcessMexSfunctionEveryCall 000000018002d040 f   hyd_hyb_2_worth_sohrab_sfun_registry.obj
 0001:0002c1b0       hyd_hyb_2_worth_sohrab_initializer 000000018002d1b0 f   hyd_hyb_2_worth_sohrab_sfun.obj
 0001:0002c1c0       hyd_hyb_2_worth_sohrab_terminator 000000018002d1c0 f   hyd_hyb_2_worth_sohrab_sfun.obj
 0001:0002c1d0       sf_hyd_hyb_2_worth_sohrab_method_dispatcher 000000018002d1d0 f   hyd_hyb_2_worth_sohrab_sfun.obj
 0001:0002c280       sf_hyd_hyb_2_worth_sohrab_process_check_sum_call 000000018002d280 f   hyd_hyb_2_worth_sohrab_sfun.obj
 0001:0002c6d0       sf_hyd_hyb_2_worth_sohrab_autoinheritance_info 000000018002d6d0 f   hyd_hyb_2_worth_sohrab_sfun.obj
 0001:0002c810       sf_hyd_hyb_2_worth_sohrab_get_eml_resolved_functions_info 000000018002d810 f   hyd_hyb_2_worth_sohrab_sfun.obj
 0001:0002ca00       hyd_hyb_2_worth_sohrab_debug_initialize 000000018002da00 f   hyd_hyb_2_worth_sohrab_sfun.obj
 0001:0002ca70       hyd_hyb_2_worth_sohrab_register_exported_symbols 000000018002da70 f   hyd_hyb_2_worth_sohrab_sfun.obj
 0001:0002cb20       sf_mex_mx_is_numeric       000000018002db20 f   sfc_mex:sfc_mex.obj
 0001:0002cb60       strcmp_ignore_ws           000000018002db60 f   sfc_mex:sfc_mex.obj
 0001:0002cca0       sf_mex_duplicatearraysafe  000000018002dca0 f   sfc_mex:sfc_mex.obj
 0001:0002ce00       sf_set_error_debugger_context_message_fcn 000000018002de00 f   sfc_mex:sfc_mex.obj
 0001:0002ce10       sf_set_debugger_matlab_error_fcn 000000018002de10 f   sfc_mex:sfc_mex.obj
 0001:0002ce40       sf_set_error_prefix_string 000000018002de40 f   sfc_mex:sfc_mex.obj
 0001:0002ce70       sf_get_error_prefix_string 000000018002de70 f   sfc_mex:sfc_mex.obj
 0001:0002ce80       sf_get_current_jmp_buf_ptr 000000018002de80 f   sfc_mex:sfc_mex.obj
 0001:0002ce90       sf_set_current_jmp_buf_ptr 000000018002de90 f   sfc_mex:sfc_mex.obj
 0001:0002cea0       sf_mex_set_halt_simulation 000000018002dea0 f   sfc_mex:sfc_mex.obj
 0001:0002ceb0       sf_mex_get_halt_simulation 000000018002deb0 f   sfc_mex:sfc_mex.obj
 0001:0002cec0       sf_mex_clear_error_message 000000018002dec0 f   sfc_mex:sfc_mex.obj
 0001:0002cee0       sf_mex_get_error_message_for_read 000000018002dee0 f   sfc_mex:sfc_mex.obj
 0001:0002cef0       sf_mex_get_error_message_buffer_length 000000018002def0 f   sfc_mex:sfc_mex.obj
 0001:0002cfd0       sf_mex_warning_message     000000018002dfd0 f   sfc_mex:sfc_mex.obj
 0001:0002d040       sf_mex_v_errbuf_createf    000000018002e040 f   sfc_mex:sfc_mex.obj
 0001:0002d050       sf_mex_errbuf_createf      000000018002e050 f   sfc_mex:sfc_mex.obj
 0001:0002d080       sf_mex_v_errbuf_catf       000000018002e080 f   sfc_mex:sfc_mex.obj
 0001:0002d0c0       sf_mex_errbuf_catf         000000018002e0c0 f   sfc_mex:sfc_mex.obj
 0001:0002d110       sf_mex_errbuf_copy         000000018002e110 f   sfc_mex:sfc_mex.obj
 0001:0002d120       sf_mex_errbuf_clear        000000018002e120 f   sfc_mex:sfc_mex.obj
 0001:0002d130       sf_mex_errbuf_isempty      000000018002e130 f   sfc_mex:sfc_mex.obj
 0001:0002d240       sf_mex_set_error_status    000000018002e240 f   sfc_mex:sfc_mex.obj
 0001:0002d290       sf_mex_error_direct_call   000000018002e290 f   sfc_mex:sfc_mex.obj
 0001:0002d2b0       sf_mex_error_message_no_long_jump 000000018002e2b0 f   sfc_mex:sfc_mex.obj
 0001:0002d2d0       sf_mex_long_jump_on_error  000000018002e2d0 f   sfc_mex:sfc_mex.obj
 0001:0002d300       sf_mex_call_matlab         000000018002e300 f   sfc_mex:sfc_mex.obj
 0001:0002d420       sf_mex_check_builtin       000000018002e420 f   sfc_mex:sfc_mex.obj
 0001:0002d460       sf_mex_check_builtin_vs    000000018002e460 f   sfc_mex:sfc_mex.obj
 0001:0002d4c0       sf_mex_check_enum          000000018002e4c0 f   sfc_mex:sfc_mex.obj
 0001:0002d4f0       sf_mex_create_enum         000000018002e4f0 f   sfc_mex:sfc_mex.obj
 0001:0002d510       sf_mex_get_enum_element    000000018002e510 f   sfc_mex:sfc_mex.obj
 0001:0002d520       sf_mex_createcellarray     000000018002e520 f   sfc_mex:sfc_mex.obj
 0001:0002d530       sf_mex_setcell             000000018002e530 f   sfc_mex:sfc_mex.obj
 0001:0002d540       sf_mex_getcell             000000018002e540 f   sfc_mex:sfc_mex.obj
 0001:0002d550       sf_mex_dup                 000000018002e550 f   sfc_mex:sfc_mex.obj
 0001:0002d570       sf_mex_assign              000000018002e570 f   sfc_mex:sfc_mex.obj
 0001:0002d5d0       sf_mex_destroy             000000018002e5d0 f   sfc_mex:sfc_mex.obj
 0001:0002d600       mx_array_has_fi_type       000000018002e600 f   sfc_mex:sfc_mex.obj
 0001:0002d630       sf_mex_convert_from_fi     000000018002e630 f   sfc_mex:sfc_mex.obj
 0001:0002d6e0       sf_mex_convert_to_double   000000018002e6e0 f   sfc_mex:sfc_mex.obj
 0001:0002d800       sf_mex_import_fi_vs        000000018002e800 f   sfc_mex:sfc_mex.obj
 0001:0002d9c0       sf_matrix_matrix_index_ok  000000018002e9c0 f   sfc_mex:sfc_mex.obj
 0001:0002da50       sf_vector_vector_index_ok  000000018002ea50 f   sfc_mex:sfc_mex.obj
 0001:0002da80       ssGetCurrentInputPortDimensions_wrapper 000000018002ea80 f   sfc_mex:sfc_mex.obj
 0001:0002daa0       ssGetCurrentOutputPortDimensions_wrapper 000000018002eaa0 f   sfc_mex:sfc_mex.obj
 0001:0002dac0       sf_mex_emlrt_context_is_debug_mode 000000018002eac0 f   sfc_mex:sfc_mex.obj
 0001:0002dad0       sf_mex_emlrt_context_set_debug_mode 000000018002ead0 f   sfc_mex:sfc_mex.obj
 0001:0002db40       sf_clear_error_manager_info 000000018002eb40 f   sfc_mex:sfc_mex.obj
 0001:0002db90       sf_mex_stop_simulation_abruptly_wo_error 000000018002eb90 f   sfc_mex:sfc_mex.obj
 0001:0002dbd0       sf_mex_error_message       000000018002ebd0 f   sfc_mex:sfc_mex.obj
 0001:0002dc30       sf_react_to_error_in_matlab_call 000000018002ec30 f   sfc_mex:sfc_mex.obj
 0001:0002dc60       sf_mex_addfield            000000018002ec60 f   sfc_mex:sfc_mex.obj
 0001:0002dd00       sf_mex_getfield            000000018002ed00 f   sfc_mex:sfc_mex.obj
 0001:0002e000       sf_mex_check_class         000000018002f000 f   sfc_mex:sfc_mex.obj
 0001:0002e0f0       sf_mex_is_real             000000018002f0f0 f   sfc_mex:sfc_mex.obj
 0001:0002e560       sf_mex_decode_encoded_mx_struct_array 000000018002f560 f   sfc_mex:sfc_mex.obj
 0001:0002e840       sf_mex_lw_bounds_check     000000018002f840 f   sfc_mex:sfc_mex.obj
 0001:0002e870       sf_mex_lw_size_eq_check_1d 000000018002f870 f   sfc_mex:sfc_mex.obj
 0001:0002e890       sf_mex_lw_size_eq_check_nd 000000018002f890 f   sfc_mex:sfc_mex.obj
 0001:0002ea70       sf_mex_lw_dim_size_eq_check 000000018002fa70 f   sfc_mex:sfc_mex.obj
 0001:0002eaa0       sf_mex_lw_dim_size_geq_check 000000018002faa0 f   sfc_mex:sfc_mex.obj
 0001:0002ead0       sf_mex_lw_sub_assign_size_check_nd 000000018002fad0 f   sfc_mex:sfc_mex.obj
 0001:0002ed00       sf_mex_lw_runtime_error_msgid 000000018002fd00 f   sfc_mex:sfc_mex.obj
 0001:0002edf0       sf_mex_lw_matrix_matrix_index_check 000000018002fdf0 f   sfc_mex:sfc_mex.obj
 0001:0002ee10       sf_mex_lw_vector_vector_index_check 000000018002fe10 f   sfc_mex:sfc_mex.obj
 0001:0002ee50       sf_mex_lw_non_negative_check 000000018002fe50 f   sfc_mex:sfc_mex.obj
 0001:0002ee90       sf_mex_overflow_error      000000018002fe90 f   sfc_mex:sfc_mex.obj
 0001:0002eea0       sf_mex_dividebyzero_error  000000018002fea0 f   sfc_mex:sfc_mex.obj
 0001:0002eeb0       sf_mex_unsafe_enum_error   000000018002feb0 f   sfc_mex:sfc_mex.obj
 0001:0002eec0       sf_emlrtErrHandler         000000018002fec0 f   sfc_mex:sfc_mex.obj
 0001:0002ef80       sf_mex_printf              000000018002ff80 f   sfc_mex:sfc_mex.obj
 0001:0002f110       sf_mex_check_size          0000000180030110 f   sfc_mex:sfc_mex.obj
 0001:0002f3e0       sf_mex_check_struct        00000001800303e0 f   sfc_mex:sfc_mex.obj
 0001:0002f640       sf_mex_check_struct_vs     0000000180030640 f   sfc_mex:sfc_mex.obj
 0001:0002f6d0       sf_mex_check_fi            00000001800306d0 f   sfc_mex:sfc_mex.obj
 0001:0002f7d0       sf_mex_check_fi_vs         00000001800307d0 f   sfc_mex:sfc_mex.obj
 0001:0002f870       sf_echo_expression         0000000180030870 f   sfc_mex:sfc_mex.obj
 0001:0002f8d0       sf_assertion_failed        00000001800308d0 f   sfc_mex:sfc_mex.obj
 0001:0002fbb0       sf_mex_evalin              0000000180030bb0 f   sfc_mex:sfc_mex.obj
 0001:0002fe20       sf_mex_export              0000000180030e20 f   sfc_mex:sfc_mex.obj
 0001:0002fee0       sf_mex_get_ml_var_no_error 0000000180030ee0 f   sfc_mex:sfc_mex.obj
 0001:00030080       sf_mex_get_ml_var          0000000180031080 f   sfc_mex:sfc_mex.obj
 0001:00030520       ml_set_element_value_in_array 0000000180031520 f   sfc_mex:sfc_mex.obj
 0001:00031bf0       sf_mex_call_impl           0000000180032bf0 f   sfc_mex:sfc_mex.obj
 0001:00032120       sf_mex_call_debug          0000000180033120 f   sfc_mex:sfc_mex.obj
 0001:00032150       sf_mex_call                0000000180033150 f   sfc_mex:sfc_mex.obj
 0001:000327a0       sf_mex_createstruct        00000001800337a0 f   sfc_mex:sfc_mex.obj
 0001:00032890       sf_mex_createstructarray   0000000180033890 f   sfc_mex:sfc_mex.obj
 0001:00032910       sf_mex_get_mx_datatype_from_sf_datatype 0000000180033910 f   sfc_mex:sfc_mex.obj
 0001:00032c20       sf_mex_ml_var_sub          0000000180033c20 f   sfc_mex:sfc_mex.obj
 0001:00032df0       sf_mex_ml_var_subsasgn     0000000180033df0 f   sfc_mex:sfc_mex.obj
 0001:000331e0       sf_mex_sub                 00000001800341e0 f   sfc_mex:sfc_mex.obj
 0001:000333e0       sf_mex_subsasgn            00000001800343e0 f   sfc_mex:sfc_mex.obj
 0001:000338c0       sf_mex_create              00000001800348c0 f   sfc_mex:sfc_mex.obj
 0001:00034310       sf_mex_import_named        0000000180035310 f   sfc_mex:sfc_mex.obj
 0001:00034370       sf_mex_import              0000000180035370 f   sfc_mex:sfc_mex.obj
 0001:000343c0       sf_mex_import_vs           00000001800353c0 f   sfc_mex:sfc_mex.obj
 0001:000344d0       sf_mex_lower_fixpt_mx_array 00000001800354d0 f   sfc_mex:sfc_mex.obj
 0001:00034ac0       sim_mode_is_rtw_gen        0000000180035ac0 f   sfc_mex:sfc_sf.obj
 0001:00034af0       sim_mode_is_external       0000000180035af0 f   sfc_mex:sfc_sf.obj
 0001:00034b00       sim_mode_is_modelref_sim   0000000180035b00 f   sfc_mex:sfc_sf.obj
 0001:00034b20       mdlInitializeSizes         0000000180035b20 f   sfc_mex:sfc_sf.obj
 0001:00034b40       mdlInitializeSampleTimes   0000000180035b40 f   sfc_mex:sfc_sf.obj
 0001:00034b80       mdlZeroCrossings           0000000180035b80 f   sfc_mex:sfc_sf.obj
 0001:00034c60       mdlDerivatives             0000000180035c60 f   sfc_mex:sfc_sf.obj
 0001:00034d10       mdl_initialize_conditions_processing 0000000180035d10 f   sfc_mex:sfc_sf.obj
 0001:00034d40       mdlInitializeConditions    0000000180035d40 f   sfc_mex:sfc_sf.obj
 0001:00034e00       mdlGetSimState             0000000180035e00 f   sfc_mex:sfc_sf.obj
 0001:00034e10       mdlSetSimState             0000000180035e10 f   sfc_mex:sfc_sf.obj
 0001:00034e20       mdl_ext_mode_exec_processing 0000000180035e20 f   sfc_mex:sfc_sf.obj
 0001:00034e40       mdlExtModeExec             0000000180035e40 f   sfc_mex:sfc_sf.obj
 0001:00034fd0       mdlTerminate               0000000180035fd0 f   sfc_mex:sfc_sf.obj
 0001:00035040       mdlRTW                     0000000180036040 f   sfc_mex:sfc_sf.obj
 0001:00035070       mdlSetWorkWidths           0000000180036070 f   sfc_mex:sfc_sf.obj
 0001:00035080       mdlProcessParameters       0000000180036080 f   sfc_mex:sfc_sf.obj
 0001:00035090       mdl_start_processing       0000000180036090 f   sfc_mex:sfc_sf.obj
 0001:000350d0       mdlStart                   00000001800360d0 f   sfc_mex:sfc_sf.obj
 0001:000351c0       mdlEnable                  00000001800361c0 f   sfc_mex:sfc_sf.obj
 0001:00035290       mdlDisable                 0000000180036290 f   sfc_mex:sfc_sf.obj
 0001:00035340       sf_get_chart_instance_ptr  0000000180036340 f   sfc_mex:sfc_sf.obj
 0001:00035360       sf_rtw_info_uint_prop      0000000180036360 f   sfc_mex:sfc_sf.obj
 0001:000354d0       sf_is_chart_inlinable      00000001800364d0 f   sfc_mex:sfc_sf.obj
 0001:000354f0       sf_mark_output_events_with_multiple_callers 00000001800364f0 f   sfc_mex:sfc_sf.obj
 0001:000356b0       sf_mark_chart_reusable_outputs 00000001800366b0 f   sfc_mex:sfc_sf.obj
 0001:00035930       sf_mark_chart_expressionable_inputs 0000000180036930 f   sfc_mex:sfc_sf.obj
 0001:00035c90       sf_get_subchart_simstruct  0000000180036c90 f   sfc_mex:sfc_sf.obj
 0001:00035ce0       sf_write_symbol_mapping    0000000180036ce0 f   sfc_mex:sfc_sf.obj
 0001:00035f30       sf_get_fixpt_data_type_id  0000000180036f30 f   sfc_mex:sfc_sf.obj
 0001:00035f70       sf_get_enum_data_type_id   0000000180036f70 f   sfc_mex:sfc_sf.obj
 0001:00035fb0       sf_get_param_data_type_id  0000000180036fb0 f   sfc_mex:sfc_sf.obj
 0001:00035fe0       sf_mex_listen_for_ctrl_c_force 0000000180036fe0 f   sfc_mex:sfc_sf.obj
 0001:000360f0       sf_mex_draw_now            00000001800370f0 f   sfc_mex:sfc_sf.obj
 0001:00036130       sf_mex_set_debugger_sim_status_listener_fcn 0000000180037130 f   sfc_mex:sfc_sf.obj
 0001:00036140       sf_mex_listen_for_ctrl_c   0000000180037140 f   sfc_mex:sfc_sf.obj
 0001:000361d0       sf_mex_get_sfun_param      00000001800371d0 f   sfc_mex:sfc_sf.obj
 0001:00036220       sf_get_runtime_param_data  0000000180037220 f   sfc_mex:sfc_sf.obj
 0001:00036260       sf_call_output_fcn_call    0000000180037260 f   sfc_mex:sfc_sf.obj
 0001:000363a0       sf_call_output_fcn_enable  00000001800373a0 f   sfc_mex:sfc_sf.obj
 0001:00036430       sf_call_output_fcn_disable 0000000180037430 f   sfc_mex:sfc_sf.obj
 0001:000364c0       sf_clear_rtw_identifier    00000001800374c0 f   sfc_mex:sfc_sf.obj
 0001:00036cb0       sf_set_encoded_dwork_info  0000000180037cb0 f   sfc_mex:sfc_sf.obj
 0001:00036d00       sf_get_dwork_info_from_mat_file 0000000180037d00 f   sfc_mex:sfc_sf.obj
 0001:00036ef0       sf_set_rtw_dwork_info      0000000180037ef0 f   sfc_mex:sfc_sf.obj
 0001:00037060       mdlOutputs                 0000000180038060 f   sfc_mex:sfc_sf.obj
 0001:00037200       sf_debug_disp              0000000180038200 f   sfc_debug:sfcdebug.obj
 0001:00037460       sf_debug_data_runtime_size_mismatch_error_check 0000000180038460 f   sfc_debug:sfcdebug.obj
 0001:00037500       sf_debug_try_loading_machine 0000000180038500 f   sfc_debug:sfcdebug.obj
 0001:00037600       sf_debug_reset_current_state_configuration 0000000180038600 f   sfc_debug:sfcdebug.obj
 0001:00037690       sf_debug_store_current_state_configuration 0000000180038690 f   sfc_debug:sfcdebug.obj
 0001:00037720       sf_debug_restore_previous_state_configuration 0000000180038720 f   sfc_debug:sfcdebug.obj
 0001:000377b0       sf_debug_restore_previous_state_configuration2 00000001800387b0 f   sfc_debug:sfcdebug.obj
 0001:00037840       sf_debug_get_event_scope   0000000180038840 f   sfc_debug:sfcdebug.obj
 0001:000379b0       use_debugger_step_animation 00000001800389b0 f   sfc_debug:sfcdebug.obj
 0001:000379d0       sf_debug_get_script_id     00000001800389d0 f   sfc_debug:sfcdebug.obj
 0001:00037a60       sf_debug_set_script_translation 0000000180038a60 f   sfc_debug:sfcdebug.obj
 0001:00037b20       sf_debug_get_current_machine_id 0000000180038b20 f   sfc_debug:sfcdebug.obj
 0001:00037b40       sf_debug_get_current_optional_integer 0000000180038b40 f   sfc_debug:sfcdebug.obj
 0001:00037b50       sf_debug_get_current_machine_number 0000000180038b50 f   sfc_debug:sfcdebug.obj
 0001:00037b70       sf_debug_get_current_machine_name 0000000180038b70 f   sfc_debug:sfcdebug.obj
 0001:00037b90       sf_debug_get_current_chart_id 0000000180038b90 f   sfc_debug:sfcdebug.obj
 0001:00037be0       sf_debug_get_current_chart_number 0000000180038be0 f   sfc_debug:sfcdebug.obj
 0001:00037bf0       sf_debug_get_current_instance_number 0000000180038bf0 f   sfc_debug:sfcdebug.obj
 0001:00037c00       sf_debug_get_current_is_minor_time_step 0000000180038c00 f   sfc_debug:sfcdebug.obj
 0001:00037c80       sf_debug_get_current_object_type 0000000180038c80 f   sfc_debug:sfcdebug.obj
 0001:00037c90       sf_debug_get_current_instance_handle 0000000180038c90 f   sfc_debug:sfcdebug.obj
 0001:00037cf0       sf_debug_get_current_event_type 0000000180038cf0 f   sfc_debug:sfcdebug.obj
 0001:00037d00       sf_debug_get_current_object_id 0000000180038d00 f   sfc_debug:sfcdebug.obj
 0001:00037d40       sf_debug_get_current_active_event_type 0000000180038d40 f   sfc_debug:sfcdebug.obj
 0001:00037d50       sf_debug_get_current_active_event_id 0000000180038d50 f   sfc_debug:sfcdebug.obj
 0001:00037d90       sf_debug_get_current_tag_type 0000000180038d90 f   sfc_debug:sfcdebug.obj
 0001:00037da0       sf_debug_get_current_simulation_time 0000000180038da0 f   sfc_debug:sfcdebug.obj
 0001:00037db0       sf_debug_get_current_coverage_percentage 0000000180038db0 f   sfc_debug:sfcdebug.obj
 0001:00037dc0       sf_debug_current_statement_context 0000000180038dc0 f   sfc_debug:sfcdebug.obj
 0001:00037e50       sf_debug_get_current_statement_info 0000000180038e50 f   sfc_debug:sfcdebug.obj
 0001:00037fd0       sf_debug_terminate_instance 0000000180038fd0 f   sfc_debug:sfcdebug.obj
 0001:000382e0       sf_debug_assertion_failed  00000001800392e0 f   sfc_debug:sfcdebug.obj
 0001:00038490       sf_debug_set_number_of_data_with_change_event_for_machine 0000000180039490 f   sfc_debug:sfcdebug.obj
 0001:000384d0       sf_debug_set_machine_event_thresholds 00000001800394d0 f   sfc_debug:sfcdebug.obj
 0001:000384f0       sf_debug_set_machine_event_scope 00000001800394f0 f   sfc_debug:sfcdebug.obj
 0001:00038530       sf_debug_set_machine_data_thresholds 0000000180039530 f   sfc_debug:sfcdebug.obj
 0001:00038570       sf_debug_set_machine_data_scope 0000000180039570 f   sfc_debug:sfcdebug.obj
 0001:00038600       sf_debug_set_machine_data_name 0000000180039600 f   sfc_debug:sfcdebug.obj
 0001:000386a0       sf_debug_set_machine_data_size 00000001800396a0 f   sfc_debug:sfcdebug.obj
 0001:000387e0       sf_debug_set_machine_data_type 00000001800397e0 f   sfc_debug:sfcdebug.obj
 0001:00038950       sf_debug_get_chart_data_number 0000000180039950 f   sfc_debug:sfcdebug.obj
 0001:00038970       sf_debug_get_chart_event_number 0000000180039970 f   sfc_debug:sfcdebug.obj
 0001:00038990       sf_debug_set_chart_state_info 0000000180039990 f   sfc_debug:sfcdebug.obj
 0001:00038a10       sf_debug_set_chart_decomposition 0000000180039a10 f   sfc_debug:sfcdebug.obj
 0001:00038a80       sf_debug_set_chart_substate_count 0000000180039a80 f   sfc_debug:sfcdebug.obj
 0001:00038b60       sf_debug_set_chart_substate_index 0000000180039b60 f   sfc_debug:sfcdebug.obj
 0001:00038bd0       sf_debug_set_chart_state_substate_count 0000000180039bd0 f   sfc_debug:sfcdebug.obj
 0001:00038ce0       sf_debug_set_chart_state_substate_index 0000000180039ce0 f   sfc_debug:sfcdebug.obj
 0001:00038d60       sf_debug_set_number_of_data_with_change_event_for_chart 0000000180039d60 f   sfc_debug:sfcdebug.obj
 0001:00038de0       sf_debug_set_number_of_states_with_entry_event_for_chart 0000000180039de0 f   sfc_debug:sfcdebug.obj
 0001:00038e50       sf_debug_set_number_of_states_with_exit_event_for_chart 0000000180039e50 f   sfc_debug:sfcdebug.obj
 0001:00038ec0       sf_debug_set_chart_disable_implicit_casting 0000000180039ec0 f   sfc_debug:sfcdebug.obj
 0001:00038f30       sf_debug_set_chart_event_thresholds 0000000180039f30 f   sfc_debug:sfcdebug.obj
 0001:00038fa0       sf_debug_set_chart_data_compiled_props 0000000180039fa0 f   sfc_debug:sfcdebug.obj
 0001:000392f0       sf_debug_set_chart_data_props 000000018003a2f0 f   sfc_debug:sfcdebug.obj
 0001:00039610       sf_debug_check_fi_license  000000018003a610 f   sfc_debug:sfcdebug.obj
 0001:00039800       sf_debug_symbol_scope_push 000000018003a800 f   sfc_debug:sfcdebug.obj
 0001:00039840       sf_debug_symbol_scope_push_eml 000000018003a840 f   sfc_debug:sfcdebug.obj
 0001:00039890       sf_debug_symbol_scope_pop  000000018003a890 f   sfc_debug:sfcdebug.obj
 0001:000398d0       sf_debug_symbol_scope_add_importable 000000018003a8d0 f   sfc_debug:sfcdebug.obj
 0001:00039950       sf_debug_symbol_scope_add  000000018003a950 f   sfc_debug:sfcdebug.obj
 0001:000399d0       sf_debug_symbol_scope_add_dyn_importable 000000018003a9d0 f   sfc_debug:sfcdebug.obj
 0001:00039a90       sf_debug_symbol_scope_add_dyn 000000018003aa90 f   sfc_debug:sfcdebug.obj
 0001:00039ac0       sf_debug_symbol_scope_add_eml_importable 000000018003aac0 f   sfc_debug:sfcdebug.obj
 0001:00039b00       sf_debug_symbol_scope_add_eml 000000018003ab00 f   sfc_debug:sfcdebug.obj
 0001:00039b40       sf_debug_symbol_scope_add_eml_dyn_importable 000000018003ab40 f   sfc_debug:sfcdebug.obj
 0001:00039bb0       sf_debug_symbol_scope_add_eml_dyn 000000018003abb0 f   sfc_debug:sfcdebug.obj
 0001:00039c10       sf_debug_symbol_switch     000000018003ac10 f   sfc_debug:sfcdebug.obj
 0001:00039c30       sf_debug_symbol_scope_add_verbose 000000018003ac30 f   sfc_debug:sfcdebug.obj
 0001:00039d00       sf_debug_set_machine_data_value_ptr 000000018003ad00 f   sfc_debug:sfcdebug.obj
 0001:00039d40       sf_debug_set_instance_data_value_ptr 000000018003ad40 f   sfc_debug:sfcdebug.obj
 0001:00039e00       sf_debug_unset_instance_data_value_ptr 000000018003ae00 f   sfc_debug:sfcdebug.obj
 0001:00039eb0       sf_debug_set_chart_event_scope 000000018003aeb0 f   sfc_debug:sfcdebug.obj
 0001:00039f30       sf_debug_set_chart_transition_coverage_maps 000000018003af30 f   sfc_debug:sfcdebug.obj
 0001:0003a040       sf_debug_set_chart_state_coverage_maps 000000018003b040 f   sfc_debug:sfcdebug.obj
 0001:0003a120       sf_debug_set_instance_transition_coverage_weights 000000018003b120 f   sfc_debug:sfcdebug.obj
 0001:0003a1c0       sf_debug_set_instance_state_coverage_weights 000000018003b1c0 f   sfc_debug:sfcdebug.obj
 0001:0003a410       sf_debug_unload_machine    000000018003b410 f   sfc_debug:sfcdebug.obj
 0001:0003a460       sf_debug_load_machine      000000018003b460 f   sfc_debug:sfcdebug.obj
 0001:0003a560       sf_debug_set_active_instance_in_data_dictionary 000000018003b560 f   sfc_debug:sfcdebug.obj
 0001:0003a740       sf_debug_set_active_instance 000000018003b740 f   sfc_debug:sfcdebug.obj
 0001:0003a880       sf_debug_chart_visiblity_change 000000018003b880 f   sfc_debug:sfcdebug.obj
 0001:0003a960       sf_debug_select_chart      000000018003b960 f   sfc_debug:sfcdebug.obj
 0001:0003aa30       sf_debug_set_instance_cv_ids 000000018003ba30 f   sfc_debug:sfcdebug.obj
 0001:0003ad40       sf_debug_select_charts     000000018003bd40 f   sfc_debug:sfcdebug.obj
 0001:0003ae80       sf_debug_initialized       000000018003be80 f   sfc_debug:sfcdebug.obj
 0001:0003ae90       sf_debug_is_uninterruptible 000000018003be90 f   sfc_debug:sfcdebug.obj
 0001:0003aec0       sf_debug_initialize_debugger_gui 000000018003bec0 f   sfc_debug:sfcdebug.obj
 0001:0003b2b0       sf_debug_resume            000000018003c2b0 f   sfc_debug:sfcdebug.obj
 0001:0003b2d0       sf_debug_go                000000018003c2d0 f   sfc_debug:sfcdebug.obj
 0001:0003b2e0       sf_debug_break             000000018003c2e0 f   sfc_debug:sfcdebug.obj
 0001:0003b2f0       sf_debug_step_over         000000018003c2f0 f   sfc_debug:sfcdebug.obj
 0001:0003b300       sf_debug_step_out          000000018003c300 f   sfc_debug:sfcdebug.obj
 0001:0003b310       sf_debug_set_disable_all_breakpoints 000000018003c310 f   sfc_debug:sfcdebug.obj
 0001:0003b320       sf_debug_disable_all_breakpoints_and_go 000000018003c320 f   sfc_debug:sfcdebug.obj
 0001:0003b330       sf_debug_break_on_chart_entry 000000018003c330 f   sfc_debug:sfcdebug.obj
 0001:0003b340       sf_debug_break_on_event_broadcast 000000018003c340 f   sfc_debug:sfcdebug.obj
 0001:0003b350       sf_debug_break_on_state_entry 000000018003c350 f   sfc_debug:sfcdebug.obj
 0001:0003b360       sf_debug_break_between_times 000000018003c360 f   sfc_debug:sfcdebug.obj
 0001:0003b380       sf_debug_browse_data       000000018003c380 f   sfc_debug:sfcdebug.obj
 0001:0003b3a0       sf_debug_watch_data        000000018003c3a0 f   sfc_debug:sfcdebug.obj
 0001:0003b3c0       sf_debug_assign_data       000000018003c3c0 f   sfc_debug:sfcdebug.obj
 0001:0003b3e0       sf_debug_whos              000000018003c3e0 f   sfc_debug:sfcdebug.obj
 0001:0003b400       sf_debug_get_consistency_info 000000018003c400 f   sfc_debug:sfcdebug.obj
 0001:0003b410       sf_debug_browse_trace      000000018003c410 f   sfc_debug:sfcdebug.obj
 0001:0003b420       sf_debug_set_breakpoints   000000018003c420 f   sfc_debug:sfcdebug.obj
 0001:0003b580       sf_debug_set_eml_breakpoints 000000018003c580 f   sfc_debug:sfcdebug.obj
 0001:0003b6e0       sf_debug_set_script_breakpoints 000000018003c6e0 f   sfc_debug:sfcdebug.obj
 0001:0003b760       sf_debug_add_script_breakpoints 000000018003c760 f   sfc_debug:sfcdebug.obj
 0001:0003b7d0       sf_debug_clear_script_breakpoints 000000018003c7d0 f   sfc_debug:sfcdebug.obj
 0001:0003b840       sf_debug_query_script_breakpoints 000000018003c840 f   sfc_debug:sfcdebug.obj
 0001:0003b900       sf_debug_get_eml_script_id 000000018003c900 f   sfc_debug:sfcdebug.obj
 0001:0003b950       sf_debug_set_watch         000000018003c950 f   sfc_debug:sfcdebug.obj
 0001:0003bb80       sf_debug_get_coverage      000000018003cb80 f   sfc_debug:sfcdebug.obj
 0001:0003bb90       sf_debug_get_instance_handle 000000018003cb90 f   sfc_debug:sfcdebug.obj
 0001:0003bc20       sf_debug_get_active_states 000000018003cc20 f   sfc_debug:sfcdebug.obj
 0001:0003bc30       sf_debug_get_animation     000000018003cc30 f   sfc_debug:sfcdebug.obj
 0001:0003bc40       sf_debug_set_animation     000000018003cc40 f   sfc_debug:sfcdebug.obj
 0001:0003bc50       sf_debug_animate           000000018003cc50 f   sfc_debug:sfcdebug.obj
 0001:0003bc80       sf_debug_cycle_detection_check 000000018003cc80 f   sfc_debug:sfcdebug.obj
 0001:0003bc90       sf_debug_data_range_check  000000018003cc90 f   sfc_debug:sfcdebug.obj
 0001:0003bca0       sf_debug_transition_conflict_check 000000018003cca0 f   sfc_debug:sfcdebug.obj
 0001:0003bcb0       sf_debug_state_consistency_check 000000018003ccb0 f   sfc_debug:sfcdebug.obj
 0001:0003bcc0       sf_debug_data_range_check_enabled 000000018003ccc0 f   sfc_debug:sfcdebug.obj
 0001:0003bce0       sf_debug_transition_conflict_check_enabled 000000018003cce0 f   sfc_debug:sfcdebug.obj
 0001:0003bd00       sf_debug_transition_conflict_check_begin 000000018003cd00 f   sfc_debug:sfcdebug.obj
 0001:0003bd20       sf_debug_transition_conflict_check_end 000000018003cd20 f   sfc_debug:sfcdebug.obj
 0001:0003bd40       sf_debug_stop_debugging    000000018003cd40 f   sfc_debug:sfcdebug.obj
 0001:0003bd70       sf_debug_is_cycle_detected 000000018003cd70 f   sfc_debug:sfcdebug.obj
 0001:0003bd80       sf_debug_is_array_bounds_detected 000000018003cd80 f   sfc_debug:sfcdebug.obj
 0001:0003bd90       sf_debug_get_state_vectors_data_size 000000018003cd90 f   sfc_debug:sfcdebug.obj
 0001:0003bdd0       sf_debug_get_state_vectors_data 000000018003cdd0 f   sfc_debug:sfcdebug.obj
 0001:0003bed0       sf_debug_set_state_vectors_data 000000018003ced0 f   sfc_debug:sfcdebug.obj
 0001:0003c190       sf_debug_get_script_index  000000018003d190 f   sfc_debug:sfcdebug.obj
 0001:0003c320       sf_debug_add_script        000000018003d320 f   sfc_debug:sfcdebug.obj
 0001:0003c4b0       cv_eval_point              000000018003d4b0 f   sfc_debug:sfcdebug.obj
 0001:0003c620       sf_debug_cv_init_state     000000018003d620 f   sfc_debug:sfcdebug.obj
 0001:0003c740       sf_debug_cv_init_chart     000000018003d740 f   sfc_debug:sfcdebug.obj
 0001:0003c820       sf_debug_cv_init_trans     000000018003d820 f   sfc_debug:sfcdebug.obj
 0001:0003c990       cv_eml_init_script         000000018003d990 f   sfc_debug:sfcdebug.obj
 0001:0003ca70       cv_eml_init_fcn            000000018003da70 f   sfc_debug:sfcdebug.obj
 0001:0003cb20       cv_eml_init_testobjective  000000018003db20 f   sfc_debug:sfcdebug.obj
 0001:0003cbd0       cv_eml_init_if             000000018003dbd0 f   sfc_debug:sfcdebug.obj
 0001:0003cc80       cv_eml_init_for            000000018003dc80 f   sfc_debug:sfcdebug.obj
 0001:0003cd30       cv_eml_init_while          000000018003dd30 f   sfc_debug:sfcdebug.obj
 0001:0003cde0       cv_eml_init_mcdc           000000018003dde0 f   sfc_debug:sfcdebug.obj
 0001:0003cee0       cv_eml_init_switch         000000018003dee0 f   sfc_debug:sfcdebug.obj
 0001:0003cfc0       cv_eml_eval                000000018003dfc0 f   sfc_debug:sfcdebug.obj
 0001:0003d0a0       sf_debug_bm_is_a_eml_breakpoint 000000018003e0a0 f   sfc_debug:sfcdebug.obj
 0001:0003d1f0       sf_debug_temporal_threshold 000000018003e1f0 f   sfc_debug:sfcdebug.obj
 0001:0003d550       sf_debug_transition_conflict_error 000000018003e550 f   sfc_debug:sfcdebug.obj
 0001:0003d8d0       sf_debug_state_inconsistency_error 000000018003e8d0 f   sfc_debug:sfcdebug.obj
 0001:0003d9f0       sf_debug_check_for_state_inconsistency 000000018003e9f0 f   sfc_debug:sfcdebug.obj
 0001:0003da20       sf_debug_cycle_detecton_error 000000018003ea20 f   sfc_debug:sfcdebug.obj
 0001:0003e210       sf_debug_size_eq_check_1d  000000018003f210 f   sfc_debug:sfcdebug.obj
 0001:0003e230       sf_debug_size_eq_check_nd  000000018003f230 f   sfc_debug:sfcdebug.obj
 0001:0003e410       sf_debug_dim_size_eq_check 000000018003f410 f   sfc_debug:sfcdebug.obj
 0001:0003e440       sf_debug_dim_size_geq_check 000000018003f440 f   sfc_debug:sfcdebug.obj
 0001:0003e470       sf_debug_sub_assign_size_check_nd 000000018003f470 f   sfc_debug:sfcdebug.obj
 0001:0003e6b0       sf_debug_matrix_matrix_index_check 000000018003f6b0 f   sfc_debug:sfcdebug.obj
 0001:0003e6e0       sf_debug_vector_vector_index_check 000000018003f6e0 f   sfc_debug:sfcdebug.obj
 0001:0003e710       sf_debug_runtime_error_msgid 000000018003f710 f   sfc_debug:sfcdebug.obj
 0001:0003e7a0       sf_debug_data_array_bounds_error_check 000000018003f7a0 f   sfc_debug:sfcdebug.obj
 0001:0003e8b0       sf_debug_eml_data_array_bounds_error_check 000000018003f8b0 f   sfc_debug:sfcdebug.obj
 0001:0003ed90       sf_debug_integer_check     000000018003fd90 f   sfc_debug:sfcdebug.obj
 0001:0003ee70       sf_debug_not_nan_check     000000018003fe70 f   sfc_debug:sfcdebug.obj
 0001:0003ef30       sf_debug_non_negative_check 000000018003ff30 f   sfc_debug:sfcdebug.obj
 0001:0003eff0       sf_debug_overflow_detection 000000018003fff0 f   sfc_debug:sfcdebug.obj
 0001:0003f6e0       sf_debug_cast_to_real32_T  00000001800406e0 f   sfc_debug:sfcdebug.obj
 0001:0003f7a0       sf_debug_cast_to_int8_T    00000001800407a0 f   sfc_debug:sfcdebug.obj
 0001:0003f860       sf_debug_cast_to_uint8_T   0000000180040860 f   sfc_debug:sfcdebug.obj
 0001:0003f920       sf_debug_cast_to_int16_T   0000000180040920 f   sfc_debug:sfcdebug.obj
 0001:0003f9e0       sf_debug_cast_to_uint16_T  00000001800409e0 f   sfc_debug:sfcdebug.obj
 0001:0003faa0       sf_debug_cast_to_int32_T   0000000180040aa0 f   sfc_debug:sfcdebug.obj
 0001:0003fb60       sf_debug_cast_to_uint32_T  0000000180040b60 f   sfc_debug:sfcdebug.obj
 0001:0003fc20       sf_debug_data_range_error  0000000180040c20 f   sfc_debug:sfcdebug.obj
 0001:000400a0       sf_debug_data_range_error_wrapper_min_max 00000001800410a0 f   sfc_debug:sfcdebug.obj
 0001:00040190       sf_debug_data_range_error_wrapper_min 0000000180041190 f   sfc_debug:sfcdebug.obj
 0001:00040270       sf_debug_data_range_error_wrapper_max 0000000180041270 f   sfc_debug:sfcdebug.obj
 0001:00040350       sf_debug_data_range_wrapper 0000000180041350 f   sfc_debug:sfcdebug.obj
 0001:00040400       sf_debug_set_current_status_info 0000000180041400 f   sfc_debug:sfcdebug.obj
 0001:000407b0       sf_debug_call              00000001800417b0 f   sfc_debug:sfcdebug.obj
 0001:00041670       sf_debug_initialize_machine 0000000180042670 f   sfc_debug:sfcdebug.obj
 0001:00041980       sf_debug_initialize_chart  0000000180042980 f   sfc_debug:sfcdebug.obj
 0001:00041e60       sf_debug_ensure_script     0000000180042e60 f   sfc_debug:sfcdebug.obj
 0001:00041f20       cv_script_init_script      0000000180042f20 f   sfc_debug:sfcdebug.obj
 0001:00042000       cv_script_init_fcn         0000000180043000 f   sfc_debug:sfcdebug.obj
 0001:000420b0       cv_script_init_testobjective 00000001800430b0 f   sfc_debug:sfcdebug.obj
 0001:00042160       cv_script_init_if          0000000180043160 f   sfc_debug:sfcdebug.obj
 0001:00042210       cv_script_init_for         0000000180043210 f   sfc_debug:sfcdebug.obj
 0001:000422c0       cv_script_init_while       00000001800432c0 f   sfc_debug:sfcdebug.obj
 0001:00042370       cv_script_init_mcdc        0000000180043370 f   sfc_debug:sfcdebug.obj
 0001:00042470       cv_script_init_switch      0000000180043470 f   sfc_debug:sfcdebug.obj
 0001:00042550       cv_script_eval             0000000180043550 f   sfc_debug:sfcdebug.obj
 0001:00042630       eml_debug_line_call        0000000180043630 f   sfc_debug:sfcdebug.obj
 0001:000427e0       sf_debug_terminate         00000001800437e0 f   sfc_debug:sfcdebug.obj
 0001:00042950       sf_debug_set_script_cv_ids 0000000180043950 f   sfc_debug:sfcdebug.obj
 0001:00042b20       sf_debug_api               0000000180043b20 f   sfc_debug:sfc_api.obj
 0001:00044350       sf_debug_sm_terminate      0000000180045350 f   sfc_debug:sfdb_animation.obj
 0001:00044510       sf_debug_reset_path_objects 0000000180045510 f   sfc_debug:sfdb_animation.obj
 0001:00044590       sf_debug_sm_reset_object_selection_status 0000000180045590 f   sfc_debug:sfdb_animation.obj
 0001:00044630       sf_debug_sm_reset_state_buffer 0000000180045630 f   sfc_debug:sfdb_animation.obj
 0001:00044700       sf_debug_sm_store_state_buffer 0000000180045700 f   sfc_debug:sfdb_animation.obj
 0001:00044780       sf_debug_sm_restore_state_buffer1 0000000180045780 f   sfc_debug:sfdb_animation.obj
 0001:000447f0       sf_debug_sm_restore_state_buffer2 00000001800457f0 f   sfc_debug:sfdb_animation.obj
 0001:00044860       sf_debug_sm_chart_active   0000000180045860 f   sfc_debug:sfdb_animation.obj
 0001:000448b0       sf_debug_sm_select_active_objects 00000001800458b0 f   sfc_debug:sfdb_animation.obj
 0001:00044d60       sf_debug_sm_is_chart_active 0000000180045d60 f   sfc_debug:sfdb_animation.obj
 0001:00044da0       sf_debug_sm_is_state_active 0000000180045da0 f   sfc_debug:sfdb_animation.obj
 0001:00044fe0       sf_debug_sm_get_active_states 0000000180045fe0 f   sfc_debug:sfdb_animation.obj
 0001:000455a0       sf_debug_sm_initialize_instance 00000001800465a0 f   sfc_debug:sfdb_animation.obj
 0001:000457f0       sf_debug_sm_change_object_selection_status 00000001800467f0 f   sfc_debug:sfdb_animation.obj
 0001:00045ae0       cv_create_interface        0000000180046ae0 f   sfc_debug:cv_sfinterface.obj
 0001:00045e40       cv_init_trans              0000000180046e40 f   sfc_debug:cv_sfinterface.obj
 0001:00045e90       cv_init_state              0000000180046e90 f   sfc_debug:cv_sfinterface.obj
 0001:00045f00       cv_init_chart              0000000180046f00 f   sfc_debug:cv_sfinterface.obj
 0001:00045f50       cv_dec_update_call         0000000180046f50 f   sfc_debug:cv_sfinterface.obj
 0001:00045f90       cv_cond_update_call        0000000180046f90 f   sfc_debug:cv_sfinterface.obj
 0001:00045fd0       cv_sigrange_update         0000000180046fd0 f   sfc_debug:cv_sfinterface.obj
 0001:00046010       cvsf_eml_eval              0000000180047010 f   sfc_debug:cv_sfinterface.obj
 0001:000460f0       cvsf_eml_init_script       00000001800470f0 f   sfc_debug:cv_sfinterface.obj
 0001:00046170       cvsf_eml_init_fcn          0000000180047170 f   sfc_debug:cv_sfinterface.obj
 0001:000461d0       cvsf_eml_init_testobjective 00000001800471d0 f   sfc_debug:cv_sfinterface.obj
 0001:00046230       cvsf_eml_init_if           0000000180047230 f   sfc_debug:cv_sfinterface.obj
 0001:00046290       cvsf_eml_init_for          0000000180047290 f   sfc_debug:cv_sfinterface.obj
 0001:000462e0       cvsf_eml_init_while        00000001800472e0 f   sfc_debug:cv_sfinterface.obj
 0001:00046330       cvsf_eml_init_mcdc         0000000180047330 f   sfc_debug:cv_sfinterface.obj
 0001:000463c0       cvsf_eml_init_switch       00000001800473c0 f   sfc_debug:cv_sfinterface.obj
 0001:00046430       cvsf_script_eval           0000000180047430 f   sfc_debug:cv_sfinterface.obj
 0001:00046510       cvsf_script_init_script    0000000180047510 f   sfc_debug:cv_sfinterface.obj
 0001:00046590       cvsf_script_init_fcn       0000000180047590 f   sfc_debug:cv_sfinterface.obj
 0001:000465f0       cvsf_script_init_testobjective 00000001800475f0 f   sfc_debug:cv_sfinterface.obj
 0001:00046650       cvsf_script_init_if        0000000180047650 f   sfc_debug:cv_sfinterface.obj
 0001:000466b0       cvsf_script_init_for       00000001800476b0 f   sfc_debug:cv_sfinterface.obj
 0001:00046700       cvsf_script_init_while     0000000180047700 f   sfc_debug:cv_sfinterface.obj
 0001:00046750       cvsf_script_init_mcdc      0000000180047750 f   sfc_debug:cv_sfinterface.obj
 0001:000467e0       cvsf_script_init_switch    00000001800477e0 f   sfc_debug:cv_sfinterface.obj
 0001:00046850       cv_destroy_interface       0000000180047850 f   sfc_debug:cv_sfinterface.obj
 0001:00046870       cv_create_instance_objects 0000000180047870 f   sfc_debug:cv_sfinterface.obj
 0001:00046d20       cv_is_enabled              0000000180047d20 f   sfc_debug:cv_sfinterface.obj
 0001:00046d30       sf_debug_cv_initialize_script 0000000180047d30 f   sfc_debug:cv_sfinterface.obj
 0001:00046ee0       sf_debug_cv_initialize_instance 0000000180047ee0 f   sfc_debug:cv_sfinterface.obj
 0001:00047280       sf_debug_cv_terminate_chart 0000000180048280 f   sfc_debug:cv_sfinterface.obj
 0001:000473c0       cv_call_trans_test         00000001800483c0 f   sfc_debug:cv_sfinterface.obj
 0001:000473d0       cv_call_sub_cond_test      00000001800483d0 f   sfc_debug:cv_sfinterface.obj
 0001:00047500       sf_debug_hm_initialize_instance 0000000180048500 f   sfc_debug:sfdb_handle_management.obj
 0001:00047a80       sf_debug_hm_get_object_id  0000000180048a80 f   sfc_debug:sfdb_handle_management.obj
 0001:000499f0       sf_debug_object_is_eml_function 000000018004a9f0 f   sfc_debug:sfdb_handle_management.obj
 0001:00049a60       sf_debug_hm_initialize_ids_in_machine 000000018004aa60 f   sfc_debug:sfdb_handle_management.obj
 0001:00049bd0       sf_debug_hm_initialize_ids_in_chart 000000018004abd0 f   sfc_debug:sfdb_handle_management.obj
 0001:00049d10       sf_debug_hm_initialize_chart 000000018004ad10 f   sfc_debug:sfdb_handle_management.obj
 0001:0004a4c0       sf_debug_hm_terminate      000000018004b4c0 f   sfc_debug:sfdb_handle_management.obj
 0001:0004a520       sf_debug_hm_initialize_machine 000000018004b520 f   sfc_debug:sfdb_handle_management.obj
 0001:0004acd0       sf_debug_st_initialize_machine 000000018004bcd0 f   sfc_debug:sfdb_data_browse.obj
 0001:0004ad90       sf_debug_st_initialize_instance 000000018004bd90 f   sfc_debug:sfdb_data_browse.obj
 0001:0004afc0       sf_debug_st_terminate      000000018004bfc0 f   sfc_debug:sfdb_data_browse.obj
 0001:0004b360       sf_debug_st_set_data_value_ptr_in_machine 000000018004c360 f   sfc_debug:sfdb_data_browse.obj
 0001:0004b3f0       sf_debug_st_set_data_value_ptr_in_instance 000000018004c3f0 f   sfc_debug:sfdb_data_browse.obj
 0001:0004b4d0       sf_debug_st_unset_data_value_ptr_in_machine 000000018004c4d0 f   sfc_debug:sfdb_data_browse.obj
 0001:0004b540       sf_debug_st_unset_data_value_ptr_in_instance 000000018004c540 f   sfc_debug:sfdb_data_browse.obj
 0001:0004b850       sf_debug_mx_value          000000018004c850 f   sfc_debug:sfdb_data_browse.obj
 0001:0004b8b0       sf_debug_mx_packed_vector  000000018004c8b0 f   sfc_debug:sfdb_data_browse.obj
 0001:0004b990       sf_debug_mx_uint_vector    000000018004c990 f   sfc_debug:sfdb_data_browse.obj
 0001:0004ba50       sf_debug_st_get_double_value_from_void_ptr_vector 000000018004ca50 f   sfc_debug:sfdb_data_browse.obj
 0001:0004c540       sf_debug_st_browse_data    000000018004d540 f   sfc_debug:sfdb_data_browse.obj
 0001:0004cce0       sf_debug_ss_initialize     000000018004dce0 f   sfc_debug:sfdb_symbol_scope.obj
 0001:0004cd00       sf_debug_ss_terminate      000000018004dd00 f   sfc_debug:sfdb_symbol_scope.obj
 0001:0004cd90       sf_debug_ss_push_symbol_scope 000000018004dd90 f   sfc_debug:sfdb_symbol_scope.obj
 0001:0004ce90       sf_debug_ss_push_symbol_scope_eml 000000018004de90 f   sfc_debug:sfdb_symbol_scope.obj
 0001:0004cef0       sf_debug_ss_pop_symbol_scope 000000018004def0 f   sfc_debug:sfdb_symbol_scope.obj
 0001:0004cfa0       sf_debug_ss_add_symbol     000000018004dfa0 f   sfc_debug:sfdb_symbol_scope.obj
 0001:0004d100       sf_debug_ss_add_symbol_eml 000000018004e100 f   sfc_debug:sfdb_symbol_scope.obj
 0001:0004dde0       sf_debug_ss_set_data_value 000000018004ede0 f   sfc_debug:sfdb_symbol_scope.obj
 0001:0004e280       sf_debug_ss_watch_data     000000018004f280 f   sfc_debug:sfdb_symbol_scope.obj
 0001:0004e320       sf_debug_ss_assign_data    000000018004f320 f   sfc_debug:sfdb_symbol_scope.obj
 0001:0004ed20       get_data_entry_name        000000018004fd20 f   sfc_debug:sfdb_symbol_scope.obj
 0001:0004ed70       sf_debug_ss_whos           000000018004fd70 f   sfc_debug:sfdb_symbol_scope.obj
 0001:0004f480       sf_debug_cc_initialize_chart 0000000180050480 f   sfc_debug:sfdb_coverage.obj
 0001:0004fe70       sf_debug_cc_initialize_instance 0000000180050e70 f   sfc_debug:sfdb_coverage.obj
 0001:00050c70       sf_debug_cc_terminate      0000000180051c70 f   sfc_debug:sfdb_coverage.obj
 0001:00050d60       sf_debug_cc_set_transition_maps 0000000180051d60 f   sfc_debug:sfdb_coverage.obj
 0001:00050e90       sf_debug_cc_set_state_maps 0000000180051e90 f   sfc_debug:sfdb_coverage.obj
 0001:00050f70       sf_debug_cc_set_transition_weights 0000000180051f70 f   sfc_debug:sfdb_coverage.obj
 0001:00051240       sf_debug_cc_set_state_weights 0000000180052240 f   sfc_debug:sfdb_coverage.obj
 0001:00051510       sf_debug_cc_mark_transition_guard 0000000180052510 f   sfc_debug:sfdb_coverage.obj
 0001:000515a0       sf_debug_cc_mark_transition_trigger 00000001800525a0 f   sfc_debug:sfdb_coverage.obj
 0001:00051630       sf_debug_cc_mark_transition_decision 0000000180052630 f   sfc_debug:sfdb_coverage.obj
 0001:000516a0       sf_debug_cc_mark_transition_condition_action 00000001800526a0 f   sfc_debug:sfdb_coverage.obj
 0001:000516f0       sf_debug_cc_mark_transition_transition_action 00000001800526f0 f   sfc_debug:sfdb_coverage.obj
 0001:00051740       sf_debug_cc_mark_state_entry 0000000180052740 f   sfc_debug:sfdb_coverage.obj
 0001:00051790       sf_debug_cc_mark_state_during 0000000180052790 f   sfc_debug:sfdb_coverage.obj
 0001:000517e0       sf_debug_cc_mark_state_exit 00000001800527e0 f   sfc_debug:sfdb_coverage.obj
 0001:00052020       sf_debug_cc_get_coverage   0000000180053020 f   sfc_debug:sfdb_coverage.obj
 0001:000525c0       sf_debug_bm_clear_script_breakpoints 00000001800535c0 f   sfc_debug:sfdb_breakpoints.obj
 0001:000525f0       sf_debug_bm_set_script_breakpoint 00000001800535f0 f   sfc_debug:sfdb_breakpoints.obj
 0001:00052670       sf_debug_bm_clear_single_script_breakpoint 0000000180053670 f   sfc_debug:sfdb_breakpoints.obj
 0001:000526f0       sf_debug_bm_query_script_breakpoint 00000001800536f0 f   sfc_debug:sfdb_breakpoints.obj
 0001:00052740       sf_debug_bm_initialize_scripts 0000000180053740 f   sfc_debug:sfdb_breakpoints.obj
 0001:00052e60       sf_debug_bm_terminate      0000000180053e60 f   sfc_debug:sfdb_breakpoints.obj
 0001:00053150       sf_debug_bm_remove_all_breakpoints_in_machine 0000000180054150 f   sfc_debug:sfdb_breakpoints.obj
 0001:000531c0       sf_debug_bm_remove_all_breakpoints_in_chart 00000001800541c0 f   sfc_debug:sfdb_breakpoints.obj
 0001:00053310       sf_debug_bm_initialize_global_breakpoints 0000000180054310 f   sfc_debug:sfdb_breakpoints.obj
 0001:00053490       sf_debug_bm_set_breakpoint 0000000180054490 f   sfc_debug:sfdb_breakpoints.obj
 0001:00053ac0       sf_debug_bm_set_eml_breakpoint 0000000180054ac0 f   sfc_debug:sfdb_breakpoints.obj
 0001:00053b60       sf_debug_bm_initialize_machine_breakpoint_map 0000000180054b60 f   sfc_debug:sfdb_breakpoints.obj
 0001:00053f80       sf_debug_bm_is_a_breakpoint 0000000180054f80 f   sfc_debug:sfdb_breakpoints.obj
 0001:000544a0       sf_debug_bm_get_all_breakpoints_in_machine 00000001800554a0 f   sfc_debug:sfdb_breakpoints.obj
 0001:000547a0       sf_debug_bm_get_all_breakpoints_in_chart 00000001800557a0 f   sfc_debug:sfdb_breakpoints.obj
 0001:00055460       sf_debug_bm_initialize_machine 0000000180056460 f   sfc_debug:sfdb_breakpoints.obj
 0001:00055530       sf_debug_bm_initialize_chart 0000000180056530 f   sfc_debug:sfdb_breakpoints.obj
 0001:00055950       sf_debug_sc_terminate      0000000180056950 f   sfc_debug:sfdb_state_consistency.obj
 0001:00055c80       sf_debug_sc_is_chart_consistent 0000000180056c80 f   sfc_debug:sfdb_state_consistency.obj
 0001:00055f30       sf_debug_sc_get_consistency_error_info 0000000180056f30 f   sfc_debug:sfdb_state_consistency.obj
 0001:00056380       sf_debug_tm_terminate      0000000180057380 f   sfc_debug:sfdb_call_stack.obj
 0001:00056440       sf_debug_tm_push_chart_instance 0000000180057440 f   sfc_debug:sfdb_call_stack.obj
 0001:00056590       sf_debug_tm_pop_chart_instance 0000000180057590 f   sfc_debug:sfdb_call_stack.obj
 0001:000565f0       sf_debug_tm_push_trace_node 00000001800575f0 f   sfc_debug:sfdb_call_stack.obj
 0001:00056780       sf_debug_tm_pop_trace_node 0000000180057780 f   sfc_debug:sfdb_call_stack.obj
 0001:00056800       sf_debug_tm_get_current_global_trace_index 0000000180057800 f   sfc_debug:sfdb_call_stack.obj
 0001:00056810       sf_debug_tm_get_current_local_trace_index 0000000180057810 f   sfc_debug:sfdb_call_stack.obj
 0001:00056840       sf_debug_tm_set_cycle_detected_flag 0000000180057840 f   sfc_debug:sfdb_call_stack.obj
 0001:00056880       sf_debug_tm_set_cycle_started_flag 0000000180057880 f   sfc_debug:sfdb_call_stack.obj
 0001:000568c0       sf_debug_tm_get_chart_number_from_stack 00000001800578c0 f   sfc_debug:sfdb_call_stack.obj
 0001:00056ac0       sf_debug_tm_browse_trace   0000000180057ac0 f   sfc_debug:sfdb_call_stack.obj
 0001:00056e00       sf_debug_cd_initialize_instance 0000000180057e00 f   sfc_debug:sfdb_cycle_detection.obj
 0001:000570b0       sf_debug_cd_mark_processed_transition_in_instance 00000001800580b0 f   sfc_debug:sfdb_cycle_detection.obj
 0001:00057150       sf_debug_cd_checksum_push  0000000180058150 f   sfc_debug:sfdb_cycle_detection.obj
 0001:00057410       sf_debug_cd_checksum_pop   0000000180058410 f   sfc_debug:sfdb_cycle_detection.obj
 0001:00057480       sf_debug_cd_turn_off_cycle_detection 0000000180058480 f   sfc_debug:sfdb_cycle_detection.obj
 0001:000574d0       sf_debug_cd_terminate      00000001800584d0 f   sfc_debug:sfdb_cycle_detection.obj
 0001:00057710       md5_initialize_state       0000000180058710 f   sfc_debug:ckmd5.obj
 0001:00058180       md5_update_state           0000000180059180 f   sfc_debug:ckmd5.obj
 0001:000581a0       md5_get_hash               00000001800591a0 f   sfc_debug:ckmd5.obj
 0001:000581d0       md5_get_hash_for_a_single_string 00000001800591d0 f   sfc_debug:ckmd5.obj
 0001:00058234       mxGetPr                    0000000180059234 f   libmx:libmx.dll
 0001:0005823a       mxCreateDoubleScalar       000000018005923a f   libmx:libmx.dll
 0001:00058240       mxSetField_730             0000000180059240 f   libmx:libmx.dll
 0001:00058246       mxCreateDoubleMatrix_730   0000000180059246 f   libmx:libmx.dll
 0001:0005824c       mxCreateStructMatrix_730   000000018005924c f   libmx:libmx.dll
 0001:00058252       mxDestroyArray             0000000180059252 f   libmx:libmx.dll
 0001:00058258       mxCreateString             0000000180059258 f   libmx:libmx.dll
 0001:0005825e       mxDuplicateArray           000000018005925e f   libmx:libmx.dll
 0001:00058264       mxGetString_730            0000000180059264 f   libmx:libmx.dll
 0001:0005826a       mxIsChar                   000000018005926a f   libmx:libmx.dll
 0001:00058270       mxGetClassID               0000000180059270 f   libmx:libmx.dll
 0001:00058276       mxIsNumeric                0000000180059276 f   libmx:libmx.dll
 0001:0005827c       mxIsComplex                000000018005927c f   libmx:libmx.dll
 0001:00058282       mxGetN                     0000000180059282 f   libmx:libmx.dll
 0001:00058288       mxGetM                     0000000180059288 f   libmx:libmx.dll
 0001:0005828e       mxCalloc                   000000018005928e f   libmx:libmx.dll
 0001:00058294       mxGetScalar                0000000180059294 f   libmx:libmx.dll
 0001:0005829a       mxIsLogical                000000018005929a f   libmx:libmx.dll
 0001:000582a0       mxCreateDoubleMatrix_700   00000001800592a0 f   libmx:libmx.dll
 0001:000582a6       mxFree                     00000001800592a6 f   libmx:libmx.dll
 0001:000582ac       mxArrayToString            00000001800592ac f   libmx:libmx.dll
 0001:000582b2       mxCreateCellMatrix_700     00000001800592b2 f   libmx:libmx.dll
 0001:000582b8       mxSetCell_700              00000001800592b8 f   libmx:libmx.dll
 0001:000582be       mxGetCell_700              00000001800592be f   libmx:libmx.dll
 0001:000582c4       mxGetClassName             00000001800592c4 f   libmx:libmx.dll
 0001:000582ca       mxSetField_700             00000001800592ca f   libmx:libmx.dll
 0001:000582d0       mxAddField                 00000001800592d0 f   libmx:libmx.dll
 0001:000582d6       mxGetField_700             00000001800592d6 f   libmx:libmx.dll
 0001:000582dc       mxGetNumberOfElements      00000001800592dc f   libmx:libmx.dll
 0001:000582e2       mxIsStruct                 00000001800592e2 f   libmx:libmx.dll
 0001:000582e8       mxIsClass                  00000001800592e8 f   libmx:libmx.dll
 0001:000582ee       mxGetLogicals              00000001800592ee f   libmx:libmx.dll
 0001:000582f4       mxIsSparse                 00000001800592f4 f   libmx:libmx.dll
 0001:000582fa       mxSetFieldByNumber_700     00000001800592fa f   libmx:libmx.dll
 0001:00058300       mxGetFieldByNumber_700     0000000180059300 f   libmx:libmx.dll
 0001:00058306       mxGetFieldNameByNumber     0000000180059306 f   libmx:libmx.dll
 0001:0005830c       mxGetNumberOfFields        000000018005930c f   libmx:libmx.dll
 0001:00058312       mxCreateStructMatrix_700   0000000180059312 f   libmx:libmx.dll
 0001:00058318       mxGetFieldNumber           0000000180059318 f   libmx:libmx.dll
 0001:0005831e       mxIsNaN                    000000018005931e f   libmx:libmx.dll
 0001:00058324       mxIsEmpty                  0000000180059324 f   libmx:libmx.dll
 0001:0005832a       mxGetData                  000000018005932a f   libmx:libmx.dll
 0001:00058330       mxGetImagData              0000000180059330 f   libmx:libmx.dll
 0001:00058336       mxArrayClassIDName         0000000180059336 f   libmx:libmx.dll
 0001:0005833c       mxCreateNumericMatrix_700  000000018005933c f   libmx:libmx.dll
 0001:00058342       mxCreateStructArray_700    0000000180059342 f   libmx:libmx.dll
 0001:00058348       mxCalcSingleSubscript_700  0000000180059348 f   libmx:libmx.dll
 0001:0005834e       mxGetDimensions_700        000000018005934e f   libmx:libmx.dll
 0001:00058354       mxGetNumberOfDimensions_700 0000000180059354 f   libmx:libmx.dll
 0001:0005835a       mxCreateNumericArray_700   000000018005935a f   libmx:libmx.dll
 0001:00058360       mxGetElementSize           0000000180059360 f   libmx:libmx.dll
 0001:00058366       mxCreateStringFromNChars_700 0000000180059366 f   libmx:libmx.dll
 0001:0005836c       mxGetString_700            000000018005936c f   libmx:libmx.dll
 0001:00058372       mxIsLogicalScalarTrue      0000000180059372 f   libmx:libmx.dll
 0001:00058378       mxCreateLogicalScalar      0000000180059378 f   libmx:libmx.dll
 0001:0005837e       mexUnlock                  000000018005937e f   libmex:libmex.dll
 0001:00058384       mexIsLocked                0000000180059384 f   libmex:libmex.dll
 0001:0005838a       mexWarnMsgTxt              000000018005938a f   libmex:libmex.dll
 0001:00058390       mexCallMATLAB              0000000180059390 f   libmex:libmex.dll
 0001:00058396       mexErrMsgTxt               0000000180059396 f   libmex:libmex.dll
 0001:0005839c       mexSetTrapFlag             000000018005939c f   libmex:libmex.dll
 0001:000583a2       mexMakeArrayPersistent     00000001800593a2 f   libmex:libmex.dll
 0001:000583a8       mexPutVariable             00000001800593a8 f   libmex:libmex.dll
 0001:000583ae       mexGetVariable             00000001800593ae f   libmex:libmex.dll
 0001:000583b4       mexLock                    00000001800593b4 f   libmex:libmex.dll
 0001:000583ba       mexMakeMemoryPersistent    00000001800593ba f   libmex:libmex.dll
 0001:000583c0       mexFunctionName            00000001800593c0 f   libmex:libmex.dll
 0001:000583c6       ssRegisterDataTypeFxpFSlopeFixExpBias 00000001800593c6 f   libfixedpoint:libfixedpoint.dll
 0001:000583cc       utVSNprintf                00000001800593cc f   libut:libut.dll
 0001:000583d2       utCPUtime                  00000001800593d2 f   libut:libut.dll
 0001:000583d8       utFree                     00000001800593d8 f   libut:libut.dll
 0001:000583de       utMalloc                   00000001800593de f   libut:libut.dll
 0001:000583e4       muDoubleScalarFloor        00000001800593e4 f   libmwmathutil:libmwmathutil.dll
 0001:000583ea       muDoubleScalarCeil         00000001800593ea f   libmwmathutil:libmwmathutil.dll
 0001:000583f0       emlrtCheckBuiltInCtxR2011a 00000001800593f0 f   libemlrt:libemlrt.dll
 0001:000583f6       emlrtCheckVsBuiltInCtxR2011a 00000001800593f6 f   libemlrt:libemlrt.dll
 0001:000583fc       emlrtCheckEnumR2009a       00000001800593fc f   libemlrt:libemlrt.dll
 0001:00058402       emlrtCreateEnumR2010a      0000000180059402 f   libemlrt:libemlrt.dll
 0001:00058408       emlrtGetEnumElementR2009a  0000000180059408 f   libemlrt:libemlrt.dll
 0001:0005840e       emlrtCreateReference       000000018005940e f   libemlrt:libemlrt.dll
 0001:00058414       emlrtImportVsFiArrayR2009b 0000000180059414 f   libemlrt:libemlrt.dll
 0001:0005841a       emlrtExtractMessageId      000000018005941a f   libemlrt:libemlrt.dll
 0001:00058420       emlrtTranslateMessageIDtoLCPstring 0000000180059420 f   libemlrt:libemlrt.dll
 0001:00058426       emlrtGetEnumUnderlyingArrayR2009a 0000000180059426 f   libemlrt:libemlrt.dll
 0001:0005842c       emlrtIsEnumR2009a          000000018005942c f   libemlrt:libemlrt.dll
 0001:00058432       memset                     0000000180059432 f   MSVCRT:MSVCR100.dll
 0001:00058438       malloc                     0000000180059438 f   MSVCRT:MSVCR100.dll
 0001:0005843e       free                       000000018005943e f   MSVCRT:MSVCR100.dll
 0001:00058444       __GSHandlerCheckCommon     0000000180059444 f   MSVCRT:gshandler.obj
 0001:000584a8       __GSHandlerCheck           00000001800594a8 f   MSVCRT:gshandler.obj
 0001:000584e0       __security_check_cookie    00000001800594e0 f   MSVCRT:amdsecgs.obj
 0001:00058500       strcmp                     0000000180059500 f   MSVCRT:MSVCR100.dll
 0001:00058506       sprintf                    0000000180059506 f   MSVCRT:MSVCR100.dll
 0001:0005850c       strlen                     000000018005950c f   MSVCRT:MSVCR100.dll
 0001:00058512       strcat                     0000000180059512 f   MSVCRT:MSVCR100.dll
 0001:00058518       memcpy                     0000000180059518 f   MSVCRT:MSVCR100.dll
 0001:00058520       NtCurrentTeb               0000000180059520 f i MSVCRT:crtdll.obj
 0001:0005858c       _CRT_INIT                  000000018005958c f   MSVCRT:crtdll.obj
 0001:00058924       _DllMainCRTStartup         0000000180059924 f   MSVCRT:crtdll.obj
 0001:00058962       strncpy                    0000000180059962 f   MSVCRT:MSVCR100.dll
 0001:00058980       __chkstk                   0000000180059980 f   MSVCRT:chkstk.obj
 0001:00058980       _alloca_probe              0000000180059980     MSVCRT:chkstk.obj
 0001:000589ce       longjmp                    00000001800599ce f   MSVCRT:MSVCR100.dll
 0001:000589d4       strncmp                    00000001800599d4 f   MSVCRT:MSVCR100.dll
 0001:000589da       ceil                       00000001800599da f   MSVCRT:MSVCR100.dll
 0001:000589e0       strrchr                    00000001800599e0 f   MSVCRT:MSVCR100.dll
 0001:000589e6       _setjmp                    00000001800599e6 f   MSVCRT:MSVCR100.dll
 0001:000589ec       calloc                     00000001800599ec f   MSVCRT:MSVCR100.dll
 0001:000589f2       realloc                    00000001800599f2 f   MSVCRT:MSVCR100.dll
 0001:000589f8       ldexp                      00000001800599f8 f   MSVCRT:MSVCR100.dll
 0001:00058a00       __report_gsfailure         0000000180059a00 f   MSVCRT:gs_report.obj
 0001:00058b4c       __clean_type_info_names    0000000180059b4c f   MSVCRT:tncleanup.obj
 0001:00058b58       _onexit                    0000000180059b58 f   MSVCRT:atonexit.obj
 0001:00058c08       atexit                     0000000180059c08 f   MSVCRT:atonexit.obj
 0001:00058c20       _RTC_Initialize            0000000180059c20 f   MSVCRT:_initsect_.obj
 0001:00058c58       _RTC_Terminate             0000000180059c58 f   MSVCRT:_initsect_.obj
 0001:00058c90       _malloc_crt                0000000180059c90 f   MSVCRT:MSVCR100.dll
 0001:00058ca0       _ValidateImageBase         0000000180059ca0 f   MSVCRT:pesect.obj
 0001:00058cd0       _FindPESection             0000000180059cd0 f   MSVCRT:pesect.obj
 0001:00058d20       _IsNonwritableInCurrentImage 0000000180059d20 f   MSVCRT:pesect.obj
 0001:00058d62       _initterm                  0000000180059d62 f   MSVCRT:MSVCR100.dll
 0001:00058d68       _initterm_e                0000000180059d68 f   MSVCRT:MSVCR100.dll
 0001:00058d6e       _encoded_null              0000000180059d6e f   MSVCRT:MSVCR100.dll
 0001:00058d74       _amsg_exit                 0000000180059d74 f   MSVCRT:MSVCR100.dll
 0001:00058d7a       __C_specific_handler       0000000180059d7a f   MSVCRT:MSVCR100.dll
 0001:00058d80       __CppXcptFilter            0000000180059d80 f   MSVCRT:MSVCR100.dll
 0001:00058d88       DllMain                    0000000180059d88 f   MSVCRT:dllmain.obj
 0001:00058dac       __security_init_cookie     0000000180059dac f   MSVCRT:gs_support.obj
 0001:00058e60       __crt_debugger_hook        0000000180059e60 f   MSVCRT:MSVCR100.dll
 0001:00058e66       __clean_type_info_names_internal 0000000180059e66 f   MSVCRT:MSVCR100.dll
 0001:00058e6c       _unlock                    0000000180059e6c f   MSVCRT:MSVCR100.dll
 0001:00058e72       __dllonexit                0000000180059e72 f   MSVCRT:MSVCR100.dll
 0001:00058e78       _lock                      0000000180059e78 f   MSVCRT:MSVCR100.dll
 0001:00058e7e       EncodePointer              0000000180059e7e f   kernel32:KERNEL32.dll
 0001:00058e84       DecodePointer              0000000180059e84 f   kernel32:KERNEL32.dll
 0001:00058e8a       Sleep                      0000000180059e8a f   kernel32:KERNEL32.dll
 0001:00058e90       TerminateProcess           0000000180059e90 f   kernel32:KERNEL32.dll
 0001:00058e96       GetCurrentProcess          0000000180059e96 f   kernel32:KERNEL32.dll
 0001:00058e9c       UnhandledExceptionFilter   0000000180059e9c f   kernel32:KERNEL32.dll
 0001:00058ea2       SetUnhandledExceptionFilter 0000000180059ea2 f   kernel32:KERNEL32.dll
 0001:00058ea8       IsDebuggerPresent          0000000180059ea8 f   kernel32:KERNEL32.dll
 0001:00058eae       RtlVirtualUnwind           0000000180059eae f   kernel32:KERNEL32.dll
 0001:00058eb4       RtlLookupFunctionEntry     0000000180059eb4 f   kernel32:KERNEL32.dll
 0001:00058eba       RtlCaptureContext          0000000180059eba f   kernel32:KERNEL32.dll
 0001:00058ec0       DisableThreadLibraryCalls  0000000180059ec0 f   kernel32:KERNEL32.dll
 0001:00058ec6       QueryPerformanceCounter    0000000180059ec6 f   kernel32:KERNEL32.dll
 0001:00058ecc       GetTickCount               0000000180059ecc f   kernel32:KERNEL32.dll
 0001:00058ed2       GetCurrentThreadId         0000000180059ed2 f   kernel32:KERNEL32.dll
 0001:00058ed8       GetCurrentProcessId        0000000180059ed8 f   kernel32:KERNEL32.dll
 0001:00058ede       GetSystemTimeAsFileTime    0000000180059ede f   kernel32:KERNEL32.dll
 0002:00000000       __imp_GetSystemTimeAsFileTime 000000018005a000     kernel32:KERNEL32.dll
 0002:00000008       __imp_GetCurrentProcessId  000000018005a008     kernel32:KERNEL32.dll
 0002:00000010       __imp_GetCurrentThreadId   000000018005a010     kernel32:KERNEL32.dll
 0002:00000018       __imp_GetTickCount         000000018005a018     kernel32:KERNEL32.dll
 0002:00000020       __imp_QueryPerformanceCounter 000000018005a020     kernel32:KERNEL32.dll
 0002:00000028       __imp_DisableThreadLibraryCalls 000000018005a028     kernel32:KERNEL32.dll
 0002:00000030       __imp_RtlCaptureContext    000000018005a030     kernel32:KERNEL32.dll
 0002:00000038       __imp_RtlLookupFunctionEntry 000000018005a038     kernel32:KERNEL32.dll
 0002:00000040       __imp_RtlVirtualUnwind     000000018005a040     kernel32:KERNEL32.dll
 0002:00000048       __imp_IsDebuggerPresent    000000018005a048     kernel32:KERNEL32.dll
 0002:00000050       __imp_SetUnhandledExceptionFilter 000000018005a050     kernel32:KERNEL32.dll
 0002:00000058       __imp_UnhandledExceptionFilter 000000018005a058     kernel32:KERNEL32.dll
 0002:00000060       __imp_GetCurrentProcess    000000018005a060     kernel32:KERNEL32.dll
 0002:00000068       __imp_TerminateProcess     000000018005a068     kernel32:KERNEL32.dll
 0002:00000070       __imp_Sleep                000000018005a070     kernel32:KERNEL32.dll
 0002:00000078       __imp_DecodePointer        000000018005a078     kernel32:KERNEL32.dll
 0002:00000080       __imp_EncodePointer        000000018005a080     kernel32:KERNEL32.dll
 0002:00000088       \177KERNEL32_NULL_THUNK_DATA 000000018005a088     kernel32:KERNEL32.dll
 0002:00000090       __imp__onexit              000000018005a090     MSVCRT:MSVCR100.dll
 0002:00000098       __imp__lock                000000018005a098     MSVCRT:MSVCR100.dll
 0002:000000a0       __imp___dllonexit          000000018005a0a0     MSVCRT:MSVCR100.dll
 0002:000000a8       __imp__unlock              000000018005a0a8     MSVCRT:MSVCR100.dll
 0002:000000b0       __imp___clean_type_info_names_internal 000000018005a0b0     MSVCRT:MSVCR100.dll
 0002:000000b8       __imp___crt_debugger_hook  000000018005a0b8     MSVCRT:MSVCR100.dll
 0002:000000c0       __imp___CppXcptFilter      000000018005a0c0     MSVCRT:MSVCR100.dll
 0002:000000c8       __imp___C_specific_handler 000000018005a0c8     MSVCRT:MSVCR100.dll
 0002:000000d0       __imp__amsg_exit           000000018005a0d0     MSVCRT:MSVCR100.dll
 0002:000000d8       __imp__encoded_null        000000018005a0d8     MSVCRT:MSVCR100.dll
 0002:000000e0       __imp__initterm_e          000000018005a0e0     MSVCRT:MSVCR100.dll
 0002:000000e8       __imp__initterm            000000018005a0e8     MSVCRT:MSVCR100.dll
 0002:000000f0       __imp__malloc_crt          000000018005a0f0     MSVCRT:MSVCR100.dll
 0002:000000f8       __imp_ldexp                000000018005a0f8     MSVCRT:MSVCR100.dll
 0002:00000100       __imp_realloc              000000018005a100     MSVCRT:MSVCR100.dll
 0002:00000108       __imp_calloc               000000018005a108     MSVCRT:MSVCR100.dll
 0002:00000110       __imp__setjmp              000000018005a110     MSVCRT:MSVCR100.dll
 0002:00000118       __imp_strrchr              000000018005a118     MSVCRT:MSVCR100.dll
 0002:00000120       __imp_ceil                 000000018005a120     MSVCRT:MSVCR100.dll
 0002:00000128       __imp_strncmp              000000018005a128     MSVCRT:MSVCR100.dll
 0002:00000130       __imp_longjmp              000000018005a130     MSVCRT:MSVCR100.dll
 0002:00000138       __imp_strncpy              000000018005a138     MSVCRT:MSVCR100.dll
 0002:00000140       __imp_memcpy               000000018005a140     MSVCRT:MSVCR100.dll
 0002:00000148       __imp_strcat               000000018005a148     MSVCRT:MSVCR100.dll
 0002:00000150       __imp_strlen               000000018005a150     MSVCRT:MSVCR100.dll
 0002:00000158       __imp_sprintf              000000018005a158     MSVCRT:MSVCR100.dll
 0002:00000160       __imp_strcmp               000000018005a160     MSVCRT:MSVCR100.dll
 0002:00000168       __imp_free                 000000018005a168     MSVCRT:MSVCR100.dll
 0002:00000170       __imp_malloc               000000018005a170     MSVCRT:MSVCR100.dll
 0002:00000178       __imp_memset               000000018005a178     MSVCRT:MSVCR100.dll
 0002:00000180       \177MSVCR100_NULL_THUNK_DATA 000000018005a180     MSVCRT:MSVCR100.dll
 0002:00000188       __imp_emlrtIsEnumR2009a    000000018005a188     libemlrt:libemlrt.dll
 0002:00000190       __imp_emlrtGetEnumUnderlyingArrayR2009a 000000018005a190     libemlrt:libemlrt.dll
 0002:00000198       __imp_emlrtTranslateMessageIDtoLCPstring 000000018005a198     libemlrt:libemlrt.dll
 0002:000001a0       __imp_emlrtExtractMessageId 000000018005a1a0     libemlrt:libemlrt.dll
 0002:000001a8       __imp_emlrtImportVsFiArrayR2009b 000000018005a1a8     libemlrt:libemlrt.dll
 0002:000001b0       __imp_emlrtCreateReference 000000018005a1b0     libemlrt:libemlrt.dll
 0002:000001b8       __imp_emlrtGetEnumElementR2009a 000000018005a1b8     libemlrt:libemlrt.dll
 0002:000001c0       __imp_emlrtCreateEnumR2010a 000000018005a1c0     libemlrt:libemlrt.dll
 0002:000001c8       __imp_emlrtCheckEnumR2009a 000000018005a1c8     libemlrt:libemlrt.dll
 0002:000001d0       __imp_emlrtCheckVsBuiltInCtxR2011a 000000018005a1d0     libemlrt:libemlrt.dll
 0002:000001d8       __imp_emlrtCheckBuiltInCtxR2011a 000000018005a1d8     libemlrt:libemlrt.dll
 0002:000001e0       \177libemlrt_NULL_THUNK_DATA 000000018005a1e0     libemlrt:libemlrt.dll
 0002:000001e8       __imp_ssRegisterDataTypeFxpFSlopeFixExpBias 000000018005a1e8     libfixedpoint:libfixedpoint.dll
 0002:000001f0       \177libfixedpoint_NULL_THUNK_DATA 000000018005a1f0     libfixedpoint:libfixedpoint.dll
 0002:000001f8       __imp_mexPutVariable       000000018005a1f8     libmex:libmex.dll
 0002:00000200       __imp_mexGetVariable       000000018005a200     libmex:libmex.dll
 0002:00000208       __imp_mexLock              000000018005a208     libmex:libmex.dll
 0002:00000210       __imp_mexMakeMemoryPersistent 000000018005a210     libmex:libmex.dll
 0002:00000218       __imp_mexFunctionName      000000018005a218     libmex:libmex.dll
 0002:00000220       __imp_mexMakeArrayPersistent 000000018005a220     libmex:libmex.dll
 0002:00000228       __imp_mexSetTrapFlag       000000018005a228     libmex:libmex.dll
 0002:00000230       __imp_mexIsLocked          000000018005a230     libmex:libmex.dll
 0002:00000238       __imp_mexWarnMsgTxt        000000018005a238     libmex:libmex.dll
 0002:00000240       __imp_mexUnlock            000000018005a240     libmex:libmex.dll
 0002:00000248       __imp_mexCallMATLAB        000000018005a248     libmex:libmex.dll
 0002:00000250       __imp_mexErrMsgTxt         000000018005a250     libmex:libmex.dll
 0002:00000258       \177libmex_NULL_THUNK_DATA 000000018005a258     libmex:libmex.dll
 0002:00000260       __imp_muDoubleScalarCeil   000000018005a260     libmwmathutil:libmwmathutil.dll
 0002:00000268       __imp_muDoubleScalarFloor  000000018005a268     libmwmathutil:libmwmathutil.dll
[...]
 0001:00031480       ml_check_mx_array_for_single_castability 0000000180032480 f   sfc_mex:sfc_mex.obj
 0001:00031520       ml_check_mx_array_for_logical_castability 0000000180032520 f   sfc_mex:sfc_mex.obj
 0001:000315c0       ml_check_mx_array_for_int8_castability 00000001800325c0 f   sfc_mex:sfc_mex.obj
 0001:00031670       ml_check_mx_array_for_uint8_castability 0000000180032670 f   sfc_mex:sfc_mex.obj
 0001:000316d0       ml_check_mx_array_for_int16_castability 00000001800326d0 f   sfc_mex:sfc_mex.obj
 0001:00031730       ml_check_mx_array_for_uint16_castability 0000000180032730 f   sfc_mex:sfc_mex.obj
 0001:00031790       ml_check_mx_array_for_int32_castability 0000000180032790 f   sfc_mex:sfc_mex.obj
 0001:000317f0       ml_check_mx_array_for_uint32_castability 00000001800327f0 f   sfc_mex:sfc_mex.obj
 0001:00031850       ml_check_mx_array_for_castability 0000000180032850 f   sfc_mex:sfc_mex.obj
 0001:00032180       set_data_value             0000000180033180 f   sfc_mex:sfc_mex.obj
 0001:000324f0       get_data_value             00000001800334f0 f   sfc_mex:sfc_mex.obj
 0001:00032600       get_next_element_address   0000000180033600 f   sfc_mex:sfc_mex.obj
 0001:000326d0       sf_normalize_index         00000001800336d0 f   sfc_mex:sfc_mex.obj
 0001:00032a60       ml_array_index_bound_check 0000000180033a60 f   sfc_mex:sfc_mex.obj
 0001:00033580       mx_value                   0000000180034580 f   sfc_mex:sfc_mex.obj
 0001:000335d0       sf_create_numeric_array    00000001800345d0 f   sfc_mex:sfc_mex.obj
 0001:00033670       sf_mex_assign_to_mx_array  0000000180034670 f   sfc_mex:sfc_mex.obj
 0001:000339c0       assign_from_mx_array       00000001800349c0 f   sfc_mex:sfc_mex.obj
 0001:000341f0       sf_mex_import_v            00000001800351f0 f   sfc_mex:sfc_mex.obj
 0001:000347c0       get_machine_and_chart_file_number 00000001800357c0 f   sfc_mex:sfc_sf.obj
 0001:000348b0       get_sfun_block_specialization 00000001800358b0 f   sfc_mex:sfc_sf.obj
 0001:00034930       call_sf_machine_global_method_dispatcher 0000000180035930 f   sfc_mex:sfc_sf.obj
 0001:00034b60       mdl_zeroCrossings_processing 0000000180035b60 f   sfc_mex:sfc_sf.obj
 0001:00034c30       mdl_derivatives_processing 0000000180035c30 f   sfc_mex:sfc_sf.obj
 0001:00034ef0       mdl_outputs_continuous_legacy 0000000180035ef0 f   sfc_mex:sfc_sf.obj
 0001:00034f70       mdl_outputs_processing     0000000180035f70 f   sfc_mex:sfc_sf.obj
 0001:000351a0       mdl_enable_processing      00000001800361a0 f   sfc_mex:sfc_sf.obj
 0001:00035270       mdl_disable_processing     0000000180036270 f   sfc_mex:sfc_sf.obj
 0001:00035bc0       write_symbol_mapping       0000000180036bc0 f   sfc_mex:sfc_sf.obj
 0001:000362e0       sf_call_output_fcn_enable_disable 00000001800372e0 f   sfc_mex:sfc_sf.obj
 0001:00036560       set_dwork_information_from_mx_array 0000000180037560 f   sfc_mex:sfc_sf.obj
 0001:00036e50       ptr2mxStruct               0000000180037e50 f   sfc_mex:sfc_sf.obj
 0001:00037160       SNPRINTF_WRAPPER           0000000180038160 f   sfc_debug:sfcdebug.obj
 0001:00037180       sf_debug_chart_instance_initialized_quick 0000000180038180 f   sfc_debug:sfcdebug.obj
 0001:00037190       sf_debug_chart_instance_initialized 0000000180038190 f   sfc_debug:sfcdebug.obj
 0001:00037330       sfrtAddSize                0000000180038330 f   sfc_debug:sfcdebug.obj
 0001:000373f0       sfrtGenSizeString          00000001800383f0 f   sfc_debug:sfcdebug.obj
 0001:00037b00       sf_debug_sim_status_listener 0000000180038b00 f   sfc_debug:sfcdebug.obj
 0001:00038070       sf_debug_form_mask_bits    0000000180039070 f   sfc_debug:sfcdebug.obj
 0001:000380b0       sf_debug_form_sf_data_type_offsets 00000001800390b0 f   sfc_debug:sfcdebug.obj
 0001:00038170       sf_debug_free_all          0000000180039170 f   sfc_debug:sfcdebug.obj
 0001:000382f0       sf_debug_append_debugger_context 00000001800392f0 f   sfc_debug:sfcdebug.obj
 0001:000385b0       local_strdup               00000001800395b0 f   sfc_debug:sfcdebug.obj
 0001:00039490       sf_debug_em_terminate      000000018003a490 f   sfc_debug:sfcdebug.obj
 0001:000394d0       sf_debug_push_eml_function 000000018003a4d0 f   sfc_debug:sfcdebug.obj
 0001:00039570       sf_debug_pop_eml_function  000000018003a570 f   sfc_debug:sfcdebug.obj
 0001:0003a270       sf_debug_get_machine_number_from_id_or_name 000000018003b270 f   sfc_debug:sfcdebug.obj
 0001:0003a3c0       sf_debug_get_chart_number_from_id 000000018003b3c0 f   sfc_debug:sfcdebug.obj
 0001:0003b030       sf_debug_transfer_control_to_debugger_GUI 000000018003c030 f   sfc_debug:sfcdebug.obj
 0001:0003bfd0       sf_debug_scripts_rehash    000000018003cfd0 f   sfc_debug:sfcdebug.obj
 0001:0003c210       sf_debug_get_script_line_count 000000018003d210 f   sfc_debug:sfcdebug.obj
 0001:0003c920       cv_eml_state_cvId          000000018003d920 f   sfc_debug:sfcdebug.obj
 0001:0003db40       sf_debug_data_array_bounds_error 000000018003eb40 f   sfc_debug:sfcdebug.obj
 0001:0003df70       eml_debug_runtime_error_doclink 000000018003ef70 f   sfc_debug:sfcdebug.obj
 0001:0003e0f0       sf_debug_runtime_error     000000018003f0f0 f   sfc_debug:sfcdebug.obj
 0001:0003e160       sf_debug_matlab_error      000000018003f160 f   sfc_debug:sfcdebug.obj
 0001:0003ea10       sf_debug_data_value_error  000000018003fa10 f   sfc_debug:sfcdebug.obj
 0001:0003f310       sf_debug_data_loss_error   0000000180040310 f   sfc_debug:sfcdebug.obj
 0001:0003ff70       call_cv_range_check        0000000180040f70 f   sfc_debug:sfcdebug.obj
 0001:00040740       sf_debug_invoke_cycle_detection_code 0000000180041740 f   sfc_debug:sfcdebug.obj
 0001:000415b0       sf_reset_debug_info_struct 00000001800425b0 f   sfc_debug:sfcdebug.obj
 0001:00041ea0       cv_script_cvId             0000000180042ea0 f   sfc_debug:sfcdebug.obj
 0001:00042c90       sfc_api_chart_visible      0000000180043c90 f   sfc_debug:sfc_api.obj
 0001:00042d10       sfc_api_active_instance    0000000180043d10 f   sfc_debug:sfc_api.obj
 0001:00042d90       sfc_api_machine_load       0000000180043d90 f   sfc_debug:sfc_api.obj
 0001:00042e60       sfc_api_debugger_alive     0000000180043e60 f   sfc_debug:sfc_api.obj
 0001:00042e70       sfc_api_go                 0000000180043e70 f   sfc_debug:sfc_api.obj
 0001:00042e80       sfc_api_step_over          0000000180043e80 f   sfc_debug:sfc_api.obj
 0001:00042e90       sfc_api_step_out           0000000180043e90 f   sfc_debug:sfc_api.obj
 0001:00042ea0       sfc_api_resume             0000000180043ea0 f   sfc_debug:sfc_api.obj
 0001:00042eb0       sfc_api_break              0000000180043eb0 f   sfc_debug:sfc_api.obj
 0001:00042ec0       sfc_api_stop_debugging     0000000180043ec0 f   sfc_debug:sfc_api.obj
 0001:00042f10       sfc_api_is_cycle_detected  0000000180043f10 f   sfc_debug:sfc_api.obj
 0001:00042f60       sfc_api_is_array_bounds_detected 0000000180043f60 f   sfc_debug:sfc_api.obj
 0001:00042fb0       sfc_api_set_disable_all_breakpoints 0000000180043fb0 f   sfc_debug:sfc_api.obj
 0001:00043020       sfc_api_disable_all_breakpoints_and_go 0000000180044020 f   sfc_debug:sfc_api.obj
 0001:00043030       sfc_api_close              0000000180044030 f   sfc_debug:sfc_api.obj
 0001:00043040       sfc_api_browse_data        0000000180044040 f   sfc_debug:sfc_api.obj
 0001:000430b0       sfc_api_watch_data         00000001800440b0 f   sfc_debug:sfc_api.obj
 0001:00043150       sfc_api_assign_data        0000000180044150 f   sfc_debug:sfc_api.obj
 0001:000431f0       sfc_api_whos               00000001800441f0 f   sfc_debug:sfc_api.obj
 0001:00043280       sfc_api_get_consistency_info 0000000180044280 f   sfc_debug:sfc_api.obj
 0001:00043290       sfc_api_browse_trace       0000000180044290 f   sfc_debug:sfc_api.obj
 0001:000432a0       sfc_api_break_on_chart_entry 00000001800442a0 f   sfc_debug:sfc_api.obj
 0001:000432c0       sfc_api_break_on_event_broadcast 00000001800442c0 f   sfc_debug:sfc_api.obj
 0001:000432e0       sfc_api_break_on_state_entry 00000001800442e0 f   sfc_debug:sfc_api.obj
 0001:00043300       sfc_api_set_watch          0000000180044300 f   sfc_debug:sfc_api.obj
 0001:000433a0       sfc_api_set_breakpoints    00000001800443a0 f   sfc_debug:sfc_api.obj
 0001:00043440       sfc_api_set_eml_breakpoints 0000000180044440 f   sfc_debug:sfc_api.obj
 0001:000434c0       sfc_api_set_script_breakpoints 00000001800444c0 f   sfc_debug:sfc_api.obj
 0001:00043510       sfc_api_add_script_breakpoints 0000000180044510 f   sfc_debug:sfc_api.obj
 0001:00043560       sfc_api_clear_script_breakpoints 0000000180044560 f   sfc_debug:sfc_api.obj
 0001:000435b0       sfc_api_query_script_breakpoints 00000001800445b0 f   sfc_debug:sfc_api.obj
 0001:00043610       sfc_api_get_script_id      0000000180044610 f   sfc_debug:sfc_api.obj
 0001:000436d0       sfc_api_get_active_states  00000001800446d0 f   sfc_debug:sfc_api.obj
 0001:00043750       sfc_api_break_between_times 0000000180044750 f   sfc_debug:sfc_api.obj
 0001:000437b0       sfc_api_get_instance_handle 00000001800447b0 f   sfc_debug:sfc_api.obj
 0001:00043860       sfc_api_get_coverage       0000000180044860 f   sfc_debug:sfc_api.obj
 0001:000438e0       sfc_api_set_animation      00000001800448e0 f   sfc_debug:sfc_api.obj
 0001:00043930       sfc_api_select_chart       0000000180044930 f   sfc_debug:sfc_api.obj
 0001:00043990       sfc_api_select_charts      0000000180044990 f   sfc_debug:sfc_api.obj
 0001:000439c0       sfc_api_cycle_detection_check 00000001800449c0 f   sfc_debug:sfc_api.obj
 0001:00043a10       sfc_api_data_range_check   0000000180044a10 f   sfc_debug:sfc_api.obj
 0001:00043a60       sfc_api_transition_conflict_check 0000000180044a60 f   sfc_debug:sfc_api.obj
 0001:00043ab0       sfc_api_state_consistency_check 0000000180044ab0 f   sfc_debug:sfc_api.obj
 0001:00043b00       sfc_api_set_instance_cv_ids 0000000180044b00 f   sfc_debug:sfc_api.obj
 0001:00043c10       sfc_api_set_script_cv_ids  0000000180044c10 f   sfc_debug:sfc_api.obj
 0001:00043cb0       sfc_api_get_current_machine_id 0000000180044cb0 f   sfc_debug:sfc_api.obj
 0001:00043ce0       sfc_api_get_current_machine_number 0000000180044ce0 f   sfc_debug:sfc_api.obj
 0001:00043d10       sfc_api_get_current_chart_number 0000000180044d10 f   sfc_debug:sfc_api.obj
 0001:00043d40       sfc_api_get_current_instance_number 0000000180044d40 f   sfc_debug:sfc_api.obj
 0001:00043d70       sfc_api_get_current_instance_handle 0000000180044d70 f   sfc_debug:sfc_api.obj
 0001:00043d90       sfc_api_get_current_is_minor_time_step 0000000180044d90 f   sfc_debug:sfc_api.obj
 0001:00043dc0       sfc_api_get_current_machine_name 0000000180044dc0 f   sfc_debug:sfc_api.obj
 0001:00043de0       sfc_api_get_current_chart_id 0000000180044de0 f   sfc_debug:sfc_api.obj
 0001:00043e10       sfc_api_get_current_object_type 0000000180044e10 f   sfc_debug:sfc_api.obj
 0001:00043e40       sfc_api_get_current_event_type 0000000180044e40 f   sfc_debug:sfc_api.obj
 0001:00043e70       sfc_api_get_current_object_id 0000000180044e70 f   sfc_debug:sfc_api.obj
 0001:00043ea0       sfc_get_current_active_event_type 0000000180044ea0 f   sfc_debug:sfc_api.obj
 0001:00043ed0       sfc_api_get_current_active_event_id 0000000180044ed0 f   sfc_debug:sfc_api.obj
 0001:00043f00       sfc_api_get_current_simulation_time 0000000180044f00 f   sfc_debug:sfc_api.obj
 0001:00043f20       sfc_get_current_tag_type   0000000180044f20 f   sfc_debug:sfc_api.obj
 0001:00043f50       sfc_get_current_coverage_percentage 0000000180044f50 f   sfc_debug:sfc_api.obj
 0001:00043f70       sfc_get_current_statement_context 0000000180044f70 f   sfc_debug:sfc_api.obj
 0001:00043f90       sfc_get_current_optional_integer 0000000180044f90 f   sfc_debug:sfc_api.obj
 0001:00043fc0       sfc_get_current_statement_info 0000000180044fc0 f   sfc_debug:sfc_api.obj
 0001:00044060       sfc_api_get                0000000180045060 f   sfc_debug:sfc_api.obj
 0001:000441c0       sf_debug_sm_is_using_unified_editors 00000001800451c0 f   sfc_debug:sfdb_animation.obj
 0001:00044260       sf_debug_sm_is_chart_visible_in_unified_editors 0000000180045260 f   sfc_debug:sfdb_animation.obj
 0001:00044320       sf_debug_sm_check_if_chart_is_visible 0000000180045320 f   sfc_debug:sfdb_animation.obj
 0001:00044e20       sf_debug_sm_fill_state_activity_data 0000000180045e20 f   sfc_debug:sfdb_animation.obj
 0001:00047410       sf_debug_hm_get_simulink_handle 0000000180048410 f   sfc_debug:sfdb_handle_management.obj
 0001:00047f60       sf_debug_hm_initialize_globals 0000000180048f60 f   sfc_debug:sfdb_handle_management.obj
 0001:00048060       sf_debug_hm_get_machine_debug_flag 0000000180049060 f   sfc_debug:sfdb_handle_management.obj
 0001:000481d0       sf_debug_hm_get_machine_id 00000001800491d0 f   sfc_debug:sfdb_handle_management.obj
 0001:000482f0       sf_debug_hm_get_chart_id   00000001800492f0 f   sfc_debug:sfdb_handle_management.obj
 0001:00048490       sf_debug_hm_register_executing_SFunction 0000000180049490 f   sfc_debug:sfdb_handle_management.obj
 0001:00048630       sf_debug_hm_get_chart_active_instance 0000000180049630 f   sfc_debug:sfdb_handle_management.obj
 0001:000487a0       sf_debug_hm_get_chart_visibility 00000001800497a0 f   sfc_debug:sfdb_handle_management.obj
 0001:000488f0       sf_debug_hm_form_object_boolean_properties 00000001800498f0 f   sfc_debug:sfdb_handle_management.obj
 0001:00048bc0       sf_debug_hm_form_object_properties 0000000180049bc0 f   sfc_debug:sfdb_handle_management.obj
 0001:00048e00       sf_debug_hm_terminate_charts 0000000180049e00 f   sfc_debug:sfdb_handle_management.obj
 0001:00049570       sf_debug_hm_terminate_machines 000000018004a570 f   sfc_debug:sfdb_handle_management.obj
 0001:0004ae90       void_ptr_stack_vector_free_total 000000018004be90 f   sfc_debug:sfdb_data_browse.obj
 0001:0004af20       sf_debug_st_terminate_machine 000000018004bf20 f   sfc_debug:sfdb_data_browse.obj
 0001:0004af60       sf_debug_st_terminate_instance 000000018004bf60 f   sfc_debug:sfdb_data_browse.obj
 0001:0004b310       push_on_to_void_ptr_stack  000000018004c310 f   sfc_debug:sfdb_data_browse.obj
 0001:0004b4a0       pop_from_void_ptr_stack    000000018004c4a0 f   sfc_debug:sfdb_data_browse.obj
 0001:0004b5d0       sf_debug_st_get_data_value 000000018004c5d0 f   sfc_debug:sfdb_data_browse.obj
 0001:0004bb60       mx_value                   000000018004cb60 f   sfc_debug:sfdb_data_browse.obj
 0001:0004bba0       sf_debug_st_fill_data_struct 000000018004cba0 f   sfc_debug:sfdb_data_browse.obj
 0001:0004bee0       data_type_format_strings   000000018004cee0 f   sfc_debug:sfdb_data_browse.obj
 0001:0004bf90       sf_debug_st_fill_data      000000018004cf90 f   sfc_debug:sfdb_data_browse.obj
 0001:0004d1d0       sf_debug_ss_copy_dimension 000000018004e1d0 f   sfc_debug:sfdb_symbol_scope.obj
 0001:0004d290       sf_debug_ss_get_number_elements 000000018004e290 f   sfc_debug:sfdb_symbol_scope.obj
 0001:0004d2b0       sf_debug_ss_fill_data_struct 000000018004e2b0 f   sfc_debug:sfdb_symbol_scope.obj
 0001:0004d600       sf_debug_ss_reset_data_info 000000018004e600 f   sfc_debug:sfdb_symbol_scope.obj
 0001:0004d660       sf_debug_fill_data_info_by_symbol_scope_entry 000000018004e660 f   sfc_debug:sfdb_symbol_scope.obj
 0001:0004d720       sf_debug_fill_data_info_by_data_vector 000000018004e720 f   sfc_debug:sfdb_symbol_scope.obj
 0001:0004d970       sf_debug_ss_get_data_info  000000018004e970 f   sfc_debug:sfdb_symbol_scope.obj
 0001:0004dc60       sf_debug_select_mex_function 000000018004ec60 f   sfc_debug:sfdb_symbol_scope.obj
 0001:0004dc90       sf_debug_is_dyn_matrix_initialized 000000018004ec90 f   sfc_debug:sfdb_symbol_scope.obj
 0001:0004dcb0       sf_debug_ss_set_data_value_try 000000018004ecb0 f   sfc_debug:sfdb_symbol_scope.obj
 0001:0004de80       sf_debug_ss_get_data_value 000000018004ee80 f   sfc_debug:sfdb_symbol_scope.obj
 0001:0004e3d0       sf_debug_ss_data_bytes_string 000000018004f3d0 f   sfc_debug:sfdb_symbol_scope.obj
 0001:0004e480       sf_debug_ss_data_class_string 000000018004f480 f   sfc_debug:sfdb_symbol_scope.obj
 0001:0004e810       sf_debug_ss_data_size_string 000000018004f810 f   sfc_debug:sfdb_symbol_scope.obj
 0001:0004e8f0       sf_debug_ss_data_create_data_info_struct 000000018004f8f0 f   sfc_debug:sfdb_symbol_scope.obj
 0001:0004ebc0       sf_debug_ss_data_create_name_value_pair 000000018004fbc0 f   sfc_debug:sfdb_symbol_scope.obj
 0001:0004ec60       sf_debug_ss_data_get_whos_info 000000018004fc60 f   sfc_debug:sfdb_symbol_scope.obj
 0001:0004ec70       same_named_data_in_data_array 000000018004fc70 f   sfc_debug:sfdb_symbol_scope.obj
 0001:000504e0       sf_debug_cc_terminate_chart 00000001800514e0 f   sfc_debug:sfdb_coverage.obj
 0001:00050880       sf_debug_cc_terminate_instance 0000000180051880 f   sfc_debug:sfdb_coverage.obj
 0001:00051470       sf_debug_cc_mark_object_if_needed 0000000180052470 f   sfc_debug:sfdb_coverage.obj
 0001:00051830       sf_debug_cc_fill_transition_coverage_data 0000000180052830 f   sfc_debug:sfdb_coverage.obj
 0001:000519c0       sf_debug_cc_fill_transition_coverage_map 00000001800529c0 f   sfc_debug:sfdb_coverage.obj
 0001:00051c70       sf_debug_cc_fill_state_coverage_map 0000000180052c70 f   sfc_debug:sfdb_coverage.obj
 0001:00051ec0       sf_debug_cc_fill_state_coverage_data 0000000180052ec0 f   sfc_debug:sfdb_coverage.obj
 0001:00052b00       sf_debug_bm_initialize_eml 0000000180053b00 f   sfc_debug:sfdb_breakpoints.obj
 0001:00053c70       sf_debug_bm_map_debug_tag_to_breakpoint_tag 0000000180054c70 f   sfc_debug:sfdb_breakpoints.obj
 0001:00053d50       sf_debug_bm_is_a_eml_breakpoint_impl 0000000180054d50 f   sfc_debug:sfdb_breakpoints.obj
 0001:000557d0       sf_debug_sc_push_on_error_stack 00000001800567d0 f   sfc_debug:sfdb_state_consistency.obj
 0001:00055900       sf_debug_sc_reset_error_stack 0000000180056900 f   sfc_debug:sfdb_state_consistency.obj
 0001:00055a90       sf_debug_sc_is_state_inconsistent 0000000180056a90 f   sfc_debug:sfdb_state_consistency.obj
 0001:00055d90       sf_debug_sc_fill_consistency_info 0000000180056d90 f   sfc_debug:sfdb_state_consistency.obj
 0001:00056370       void_assertion_fcn         0000000180057370 f   sfc_debug:sfdb_call_stack.obj
 0001:000568f0       sf_debug_tm_fill_local_trace 00000001800578f0 f   sfc_debug:sfdb_call_stack.obj
 0001:00056ec0       sf_debug_cd_terminate_instance 0000000180057ec0 f   sfc_debug:sfdb_cycle_detection.obj
 0001:00056f20       sf_debug_cd_free_checksum_stack 0000000180057f20 f   sfc_debug:sfdb_cycle_detection.obj
 0001:00056f70       sf_debug_cd_reset_pack_strings 0000000180057f70 f   sfc_debug:sfdb_cycle_detection.obj
 0001:00057630       md5file_clear              0000000180058630 f   sfc_debug:ckmd5.obj
 0001:00057660       Encode                     0000000180058660 f   sfc_debug:ckmd5.obj
 0001:000576b0       Decode                     00000001800586b0 f   sfc_debug:ckmd5.obj
 0001:00057750       MD5Transform               0000000180058750 f   sfc_debug:ckmd5.obj
 0001:00057fa0       md5file_addn               0000000180058fa0 f   sfc_debug:ckmd5.obj
 0001:00058070       md5file_hash               0000000180059070 f   sfc_debug:ckmd5.obj
 0001:0005852c       pre_c_init                 000000018005952c f   MSVCRT:crtdll.obj
 0001:000587e8       __DllMainCRTStartup        00000001800597e8 f   MSVCRT:crtdll.obj
 0001:00058ef0       __DllMainCRTStartup$filt$0 0000000180059ef0 f   MSVCRT:crtdll.obj
 0001:00058f20       __DllMainCRTStartup$fin$1  0000000180059f20 f   MSVCRT:crtdll.obj
 0001:00058f3a       _onexit$fin$0              0000000180059f3a f   MSVCRT:atonexit.obj
 0001:00058f60       _IsNonwritableInCurrentImage$filt$0 0000000180059f60 f   MSVCRT:pesect.obj
