 hyd_hyb_2_opt_cont_2_sfun

 Timestamp is 4ff7d74d (Sat Jul 07 10:59:33 2012)

 Preferred load address is 0000000180000000

 Start         Length     Name                   Class
 0001:00000000 000581e4H .text                   CODE
 0001:000581f0 00000092H .text$x                 CODE
 0002:00000000 00000470H .idata$5                DATA
 0002:00000470 00000008H .CRT$XCA                DATA
 0002:00000478 00000008H .CRT$XCZ                DATA
 0002:00000480 00000008H .CRT$XIA                DATA
 0002:00000488 00000008H .CRT$XIAA               DATA
 0002:00000490 00000008H .CRT$XIZ                DATA
 0002:000004a0 00004cfcH .rdata                  DATA
 0002:000051a0 00000008H .rtc$IAA                DATA
 0002:000051a8 00000008H .rtc$IZZ                DATA
 0002:000051b0 00000008H .rtc$TAA                DATA
 0002:000051b8 00000008H .rtc$TZZ                DATA
 0002:000051c0 00004824H .xdata                  DATA
 0002:000099e4 000000a0H .idata$2                DATA
 0002:00009a84 00000014H .idata$3                DATA
 0002:00009a98 00000470H .idata$4                DATA
 0002:00009f08 00000a26H .idata$6                DATA
 0002:0000a930 0000005fH .edata                  DATA
 0003:00000000 00006ba8H .data                   DATA
 0003:00006bc0 00002698H .bss                    DATA
 0004:00000000 00003c6cH .pdata                  DATA

  Address         Publics by Value              Rva+Base               Lib:Object

 0000:00000000       ___safe_se_handler_table   0000000000000000     <absolute>
 0000:00000000       ___safe_se_handler_count   0000000000000000     <absolute>
 0000:00000000       __ImageBase                0000000180000000     <linker-defined>
 0001:00000000       sf_c1_hyd_hyb_2_opt_cont_2_get_eml_resolved_functions_info 0000000180001000 f   c1_hyd_hyb_2_opt_cont_2.obj
 0001:00000080       sf_c1_hyd_hyb_2_opt_cont_2_get_check_sum 0000000180001080 f   c1_hyd_hyb_2_opt_cont_2.obj
 0001:00000100       sf_c1_hyd_hyb_2_opt_cont_2_get_autoinheritance_info 0000000180001100 f   c1_hyd_hyb_2_opt_cont_2.obj
 0001:000006d0       sf_internal_get_sim_state_c1_hyd_hyb_2_opt_cont_2 00000001800016d0 f   c1_hyd_hyb_2_opt_cont_2.obj
 0001:00000be0       sf_internal_set_sim_state_c1_hyd_hyb_2_opt_cont_2 0000000180001be0 f   c1_hyd_hyb_2_opt_cont_2.obj
 0001:00001540       c1_hyd_hyb_2_opt_cont_2_method_dispatcher 0000000180002540 f   c1_hyd_hyb_2_opt_cont_2.obj
 0001:00003f10       sf_c2_hyd_hyb_2_opt_cont_2_get_eml_resolved_functions_info 0000000180004f10 f   c2_hyd_hyb_2_opt_cont_2.obj
 0001:00003f90       sf_c2_hyd_hyb_2_opt_cont_2_get_check_sum 0000000180004f90 f   c2_hyd_hyb_2_opt_cont_2.obj
 0001:00004010       sf_c2_hyd_hyb_2_opt_cont_2_get_autoinheritance_info 0000000180005010 f   c2_hyd_hyb_2_opt_cont_2.obj
 0001:000051e0       sf_internal_get_sim_state_c2_hyd_hyb_2_opt_cont_2 00000001800061e0 f   c2_hyd_hyb_2_opt_cont_2.obj
 0001:00005710       sf_internal_set_sim_state_c2_hyd_hyb_2_opt_cont_2 0000000180006710 f   c2_hyd_hyb_2_opt_cont_2.obj
 0001:00006390       c2_hyd_hyb_2_opt_cont_2_method_dispatcher 0000000180007390 f   c2_hyd_hyb_2_opt_cont_2.obj
 0001:0000d970       sf_c3_hyd_hyb_2_opt_cont_2_get_eml_resolved_functions_info 000000018000e970 f   c3_hyd_hyb_2_opt_cont_2.obj
 0001:0000d9f0       sf_c3_hyd_hyb_2_opt_cont_2_get_check_sum 000000018000e9f0 f   c3_hyd_hyb_2_opt_cont_2.obj
 0001:0000da70       sf_c3_hyd_hyb_2_opt_cont_2_get_autoinheritance_info 000000018000ea70 f   c3_hyd_hyb_2_opt_cont_2.obj
 0001:0000e040       sf_internal_get_sim_state_c3_hyd_hyb_2_opt_cont_2 000000018000f040 f   c3_hyd_hyb_2_opt_cont_2.obj
 0001:0000e380       sf_internal_set_sim_state_c3_hyd_hyb_2_opt_cont_2 000000018000f380 f   c3_hyd_hyb_2_opt_cont_2.obj
 0001:0000e770       c3_hyd_hyb_2_opt_cont_2_method_dispatcher 000000018000f770 f   c3_hyd_hyb_2_opt_cont_2.obj
 0001:000109c0       sf_c4_hyd_hyb_2_opt_cont_2_get_eml_resolved_functions_info 00000001800119c0 f   c4_hyd_hyb_2_opt_cont_2.obj
 0001:00010a40       sf_c4_hyd_hyb_2_opt_cont_2_get_check_sum 0000000180011a40 f   c4_hyd_hyb_2_opt_cont_2.obj
 0001:00010ac0       sf_c4_hyd_hyb_2_opt_cont_2_get_autoinheritance_info 0000000180011ac0 f   c4_hyd_hyb_2_opt_cont_2.obj
 0001:00011090       sf_internal_get_sim_state_c4_hyd_hyb_2_opt_cont_2 0000000180012090 f   c4_hyd_hyb_2_opt_cont_2.obj
 0001:00011460       sf_internal_set_sim_state_c4_hyd_hyb_2_opt_cont_2 0000000180012460 f   c4_hyd_hyb_2_opt_cont_2.obj
 0001:00011c70       c4_hyd_hyb_2_opt_cont_2_method_dispatcher 0000000180012c70 f   c4_hyd_hyb_2_opt_cont_2.obj
 0001:00014290       sf_c5_hyd_hyb_2_opt_cont_2_get_eml_resolved_functions_info 0000000180015290 f   c5_hyd_hyb_2_opt_cont_2.obj
 0001:00014310       sf_c5_hyd_hyb_2_opt_cont_2_get_check_sum 0000000180015310 f   c5_hyd_hyb_2_opt_cont_2.obj
 0001:00014390       sf_c5_hyd_hyb_2_opt_cont_2_get_autoinheritance_info 0000000180015390 f   c5_hyd_hyb_2_opt_cont_2.obj
 0001:00014960       sf_internal_get_sim_state_c5_hyd_hyb_2_opt_cont_2 0000000180015960 f   c5_hyd_hyb_2_opt_cont_2.obj
 0001:00014ca0       sf_internal_set_sim_state_c5_hyd_hyb_2_opt_cont_2 0000000180015ca0 f   c5_hyd_hyb_2_opt_cont_2.obj
 0001:00015090       c5_hyd_hyb_2_opt_cont_2_method_dispatcher 0000000180016090 f   c5_hyd_hyb_2_opt_cont_2.obj
 0001:00017310       sf_c6_hyd_hyb_2_opt_cont_2_get_eml_resolved_functions_info 0000000180018310 f   c6_hyd_hyb_2_opt_cont_2.obj
 0001:00017390       sf_c6_hyd_hyb_2_opt_cont_2_get_check_sum 0000000180018390 f   c6_hyd_hyb_2_opt_cont_2.obj
 0001:00017410       sf_c6_hyd_hyb_2_opt_cont_2_get_autoinheritance_info 0000000180018410 f   c6_hyd_hyb_2_opt_cont_2.obj
 0001:000179e0       sf_internal_get_sim_state_c6_hyd_hyb_2_opt_cont_2 00000001800189e0 f   c6_hyd_hyb_2_opt_cont_2.obj
 0001:00017d20       sf_internal_set_sim_state_c6_hyd_hyb_2_opt_cont_2 0000000180018d20 f   c6_hyd_hyb_2_opt_cont_2.obj
 0001:00018110       c6_hyd_hyb_2_opt_cont_2_method_dispatcher 0000000180019110 f   c6_hyd_hyb_2_opt_cont_2.obj
 0001:0001a370       sf_c7_hyd_hyb_2_opt_cont_2_get_eml_resolved_functions_info 000000018001b370 f   c7_hyd_hyb_2_opt_cont_2.obj
 0001:0001a3f0       sf_c7_hyd_hyb_2_opt_cont_2_get_check_sum 000000018001b3f0 f   c7_hyd_hyb_2_opt_cont_2.obj
 0001:0001a470       sf_c7_hyd_hyb_2_opt_cont_2_get_autoinheritance_info 000000018001b470 f   c7_hyd_hyb_2_opt_cont_2.obj
 0001:0001aa40       sf_internal_get_sim_state_c7_hyd_hyb_2_opt_cont_2 000000018001ba40 f   c7_hyd_hyb_2_opt_cont_2.obj
 0001:0001ad80       sf_internal_set_sim_state_c7_hyd_hyb_2_opt_cont_2 000000018001bd80 f   c7_hyd_hyb_2_opt_cont_2.obj
 0001:0001b170       c7_hyd_hyb_2_opt_cont_2_method_dispatcher 000000018001c170 f   c7_hyd_hyb_2_opt_cont_2.obj
 0001:0001d3f0       sf_c8_hyd_hyb_2_opt_cont_2_get_eml_resolved_functions_info 000000018001e3f0 f   c8_hyd_hyb_2_opt_cont_2.obj
 0001:0001dfd0       sf_c8_hyd_hyb_2_opt_cont_2_get_check_sum 000000018001efd0 f   c8_hyd_hyb_2_opt_cont_2.obj
 0001:0001e050       sf_c8_hyd_hyb_2_opt_cont_2_get_autoinheritance_info 000000018001f050 f   c8_hyd_hyb_2_opt_cont_2.obj
 0001:0001eb40       sf_internal_get_sim_state_c8_hyd_hyb_2_opt_cont_2 000000018001fb40 f   c8_hyd_hyb_2_opt_cont_2.obj
 0001:0001eff0       sf_internal_set_sim_state_c8_hyd_hyb_2_opt_cont_2 000000018001fff0 f   c8_hyd_hyb_2_opt_cont_2.obj
 0001:0001f480       c8_hyd_hyb_2_opt_cont_2_method_dispatcher 0000000180020480 f   c8_hyd_hyb_2_opt_cont_2.obj
 0001:00022080       sf_c9_hyd_hyb_2_opt_cont_2_get_eml_resolved_functions_info 0000000180023080 f   c9_hyd_hyb_2_opt_cont_2.obj
 0001:00022920       sf_c9_hyd_hyb_2_opt_cont_2_get_check_sum 0000000180023920 f   c9_hyd_hyb_2_opt_cont_2.obj
 0001:000229a0       sf_c9_hyd_hyb_2_opt_cont_2_get_autoinheritance_info 00000001800239a0 f   c9_hyd_hyb_2_opt_cont_2.obj
 0001:00023200       sf_internal_get_sim_state_c9_hyd_hyb_2_opt_cont_2 0000000180024200 f   c9_hyd_hyb_2_opt_cont_2.obj
 0001:00023600       sf_internal_set_sim_state_c9_hyd_hyb_2_opt_cont_2 0000000180024600 f   c9_hyd_hyb_2_opt_cont_2.obj
 0001:00023a40       c9_hyd_hyb_2_opt_cont_2_method_dispatcher 0000000180024a40 f   c9_hyd_hyb_2_opt_cont_2.obj
 0001:00025960       sf_process_check_sum_call  0000000180026960 f   hyd_hyb_2_opt_cont_2_sfun_registry.obj
 0001:000259b0       sf_process_autoinheritance_call 00000001800269b0 f   hyd_hyb_2_opt_cont_2_sfun_registry.obj
 0001:00025b30       sf_process_get_eml_resolved_functions_info_call 0000000180026b30 f   hyd_hyb_2_opt_cont_2_sfun_registry.obj
 0001:00025cb0       sf_mex_unlock_call         0000000180026cb0 f   hyd_hyb_2_opt_cont_2_sfun_registry.obj
 0001:00025d60       sf_machine_global_initializer_called 0000000180026d60 f   hyd_hyb_2_opt_cont_2_sfun_registry.obj
 0001:00025d90       sf_machine_global_method_dispatcher 0000000180026d90 f   hyd_hyb_2_opt_cont_2_sfun_registry.obj
 0001:00025df0       sf_machine_global_terminator 0000000180026df0 f   hyd_hyb_2_opt_cont_2_sfun_registry.obj
 0001:00025e30       sf_register_machine_exported_symbols 0000000180026e30 f   hyd_hyb_2_opt_cont_2_sfun_registry.obj
 0001:00025e50       callCustomFcn              0000000180026e50 f   hyd_hyb_2_opt_cont_2_sfun_registry.obj
 0001:00025e60       sf_machine_global_initializer 0000000180026e60 f   hyd_hyb_2_opt_cont_2_sfun_registry.obj
 0001:00025ed0       _ssSetStateAbsTol          0000000180026ed0 f   hyd_hyb_2_opt_cont_2_sfun_registry.obj
 0001:00025fb0       _ssGetAbsTol               0000000180026fb0 f   hyd_hyb_2_opt_cont_2_sfun_registry.obj
 0001:00026020       _ssSetInputPortMatrixDimensions 0000000180027020 f   hyd_hyb_2_opt_cont_2_sfun_registry.obj
 0001:00026130       _ssSetOutputPortMatrixDimensions 0000000180027130 f   hyd_hyb_2_opt_cont_2_sfun_registry.obj
 0001:00026240       _ssSetInputPortVectorDimension 0000000180027240 f   hyd_hyb_2_opt_cont_2_sfun_registry.obj
 0001:00026310       _ssSetOutputPortVectorDimension 0000000180027310 f   hyd_hyb_2_opt_cont_2_sfun_registry.obj
 0001:000263e0       ssIsRunTimeParamTunable    00000001800273e0 f   hyd_hyb_2_opt_cont_2_sfun_registry.obj
 0001:00026450       ssGetSFuncBlockHandle      0000000180027450 f   hyd_hyb_2_opt_cont_2_sfun_registry.obj
 0001:000264c0       _ssGetCurrentInputPortWidth 00000001800274c0 f   hyd_hyb_2_opt_cont_2_sfun_registry.obj
 0001:000265e0       _ssGetCurrentOutputPortWidth 00000001800275e0 f   hyd_hyb_2_opt_cont_2_sfun_registry.obj
 0001:00026700       _ssGetCallSystemNumFcnCallDestinations 0000000180027700 f   hyd_hyb_2_opt_cont_2_sfun_registry.obj
 0001:00026770       ssWarning                  0000000180027770 f   hyd_hyb_2_opt_cont_2_sfun_registry.obj
 0001:00026880       ssGetIsZeroCrossControlDisabled 0000000180027880 f   hyd_hyb_2_opt_cont_2_sfun_registry.obj
 0001:000268f0       ssSetIsInputPortUsedForContZcSignal 00000001800278f0 f   hyd_hyb_2_opt_cont_2_sfun_registry.obj
 0001:00026960       ssSetZcSignalIsZcElementDisc 0000000180027960 f   hyd_hyb_2_opt_cont_2_sfun_registry.obj
 0001:00026a10       ssSetZcSignalName          0000000180027a10 f   hyd_hyb_2_opt_cont_2_sfun_registry.obj
 0001:00026a80       ssSetZcSignalWidth         0000000180027a80 f   hyd_hyb_2_opt_cont_2_sfun_registry.obj
 0001:00026af0       ssSetZcSignalZcEventType   0000000180027af0 f   hyd_hyb_2_opt_cont_2_sfun_registry.obj
 0001:00026b60       ssSetZcSignalType          0000000180027b60 f   hyd_hyb_2_opt_cont_2_sfun_registry.obj
 0001:00026bd0       ssSetZcSignalZcTol         0000000180027bd0 f   hyd_hyb_2_opt_cont_2_sfun_registry.obj
 0001:00026c40       ssSetZcSignalNeedsEventNotification 0000000180027c40 f   hyd_hyb_2_opt_cont_2_sfun_registry.obj
 0001:00026cb0       ssCreateAndAddZcSignalInfo 0000000180027cb0 f   hyd_hyb_2_opt_cont_2_sfun_registry.obj
 0001:00026d20       ssCloneAndAddZcSignalInfo  0000000180027d20 f   hyd_hyb_2_opt_cont_2_sfun_registry.obj
 0001:00026d90       ssGetNumZcSignals          0000000180027d90 f   hyd_hyb_2_opt_cont_2_sfun_registry.obj
 0001:00026e00       ssGetZcSignalVector        0000000180027e00 f   hyd_hyb_2_opt_cont_2_sfun_registry.obj
 0001:00026e70       ssGetZcSignalZcEvents      0000000180027e70 f   hyd_hyb_2_opt_cont_2_sfun_registry.obj
 0001:00026ee0       ssGetZcSignalName          0000000180027ee0 f   hyd_hyb_2_opt_cont_2_sfun_registry.obj
 0001:00026f50       ssGetZcSignalWidth         0000000180027f50 f   hyd_hyb_2_opt_cont_2_sfun_registry.obj
 0001:00026fc0       ssGetZcSignalZcEventType   0000000180027fc0 f   hyd_hyb_2_opt_cont_2_sfun_registry.obj
 0001:00027030       ssGetZcSignalType          0000000180028030 f   hyd_hyb_2_opt_cont_2_sfun_registry.obj
 0001:000270a0       ssGetZcSignalZcTol         00000001800280a0 f   hyd_hyb_2_opt_cont_2_sfun_registry.obj
 0001:00027120       ssGetZcSignalNeedsEventNotification 0000000180028120 f   hyd_hyb_2_opt_cont_2_sfun_registry.obj
 0001:00027190       ssGetZcSignalIsZcElementDisc 0000000180028190 f   hyd_hyb_2_opt_cont_2_sfun_registry.obj
 0001:00027230       ssGetIsInputPortElementContinuous 0000000180028230 f   hyd_hyb_2_opt_cont_2_sfun_registry.obj
 0001:000272d0       _ssGetInputPortSignalPtrsFcn 00000001800282d0 f   hyd_hyb_2_opt_cont_2_sfun_registry.obj
 0001:00027590       _ssGetInputPortSignalFcn   0000000180028590 f   hyd_hyb_2_opt_cont_2_sfun_registry.obj
 0001:000277b0       _ssSetInputPortDirectFeedThroughFcn 00000001800287b0 f   hyd_hyb_2_opt_cont_2_sfun_registry.obj
 0001:00027910       _ssSetInputPortReusableFcn 0000000180028910 f   hyd_hyb_2_opt_cont_2_sfun_registry.obj
 0001:00027a00       _ssSetOutputPortReusableFcn 0000000180028a00 f   hyd_hyb_2_opt_cont_2_sfun_registry.obj
 0001:00027ae0       ssGetDTypeIdFromMxArray    0000000180028ae0 f   hyd_hyb_2_opt_cont_2_sfun_registry.obj
 0001:00027c00       ssWriteRTWStr              0000000180028c00 f   hyd_hyb_2_opt_cont_2_sfun_registry.obj
 0001:00027c60       ssWriteRTWMxVectParam      0000000180028c60 f   hyd_hyb_2_opt_cont_2_sfun_registry.obj
 0001:00027cc0       ssWriteRTWMx2dMatParam     0000000180028cc0 f   hyd_hyb_2_opt_cont_2_sfun_registry.obj
 0001:00027d40       ssWriteRTWNameValuePair    0000000180028d40 f   hyd_hyb_2_opt_cont_2_sfun_registry.obj
 0001:00028230       ssWriteRTWParameters       0000000180029230 f   hyd_hyb_2_opt_cont_2_sfun_registry.obj
 0001:00028830       ssWriteRTWParamSettings    0000000180029830 f   hyd_hyb_2_opt_cont_2_sfun_registry.obj
 0001:00028f00       ssWriteRTWWorkVect         0000000180029f00 f   hyd_hyb_2_opt_cont_2_sfun_registry.obj
 0001:00029400       mexFunction                000000018002a400 f   hyd_hyb_2_opt_cont_2_sfun_registry.obj
 0001:0002b040       ProcessMexSfunctionEveryCall 000000018002c040 f   hyd_hyb_2_opt_cont_2_sfun_registry.obj
 0001:0002b1b0       hyd_hyb_2_opt_cont_2_initializer 000000018002c1b0 f   hyd_hyb_2_opt_cont_2_sfun.obj
 0001:0002b1c0       hyd_hyb_2_opt_cont_2_terminator 000000018002c1c0 f   hyd_hyb_2_opt_cont_2_sfun.obj
 0001:0002b1d0       sf_hyd_hyb_2_opt_cont_2_method_dispatcher 000000018002c1d0 f   hyd_hyb_2_opt_cont_2_sfun.obj
 0001:0002b330       sf_hyd_hyb_2_opt_cont_2_process_check_sum_call 000000018002c330 f   hyd_hyb_2_opt_cont_2_sfun.obj
 0001:0002b800       sf_hyd_hyb_2_opt_cont_2_autoinheritance_info 000000018002c800 f   hyd_hyb_2_opt_cont_2_sfun.obj
 0001:0002b9c0       sf_hyd_hyb_2_opt_cont_2_get_eml_resolved_functions_info 000000018002c9c0 f   hyd_hyb_2_opt_cont_2_sfun.obj
 0001:0002bcf0       hyd_hyb_2_opt_cont_2_debug_initialize 000000018002ccf0 f   hyd_hyb_2_opt_cont_2_sfun.obj
 0001:0002bd60       hyd_hyb_2_opt_cont_2_register_exported_symbols 000000018002cd60 f   hyd_hyb_2_opt_cont_2_sfun.obj
 0001:0002be10       sf_mex_mx_is_numeric       000000018002ce10 f   sfc_mex:sfc_mex.obj
 0001:0002be50       strcmp_ignore_ws           000000018002ce50 f   sfc_mex:sfc_mex.obj
 0001:0002bf90       sf_mex_duplicatearraysafe  000000018002cf90 f   sfc_mex:sfc_mex.obj
 0001:0002c0f0       sf_set_error_debugger_context_message_fcn 000000018002d0f0 f   sfc_mex:sfc_mex.obj
 0001:0002c100       sf_set_debugger_matlab_error_fcn 000000018002d100 f   sfc_mex:sfc_mex.obj
 0001:0002c130       sf_set_error_prefix_string 000000018002d130 f   sfc_mex:sfc_mex.obj
 0001:0002c160       sf_get_error_prefix_string 000000018002d160 f   sfc_mex:sfc_mex.obj
 0001:0002c170       sf_get_current_jmp_buf_ptr 000000018002d170 f   sfc_mex:sfc_mex.obj
 0001:0002c180       sf_set_current_jmp_buf_ptr 000000018002d180 f   sfc_mex:sfc_mex.obj
 0001:0002c190       sf_mex_set_halt_simulation 000000018002d190 f   sfc_mex:sfc_mex.obj
 0001:0002c1a0       sf_mex_get_halt_simulation 000000018002d1a0 f   sfc_mex:sfc_mex.obj
 0001:0002c1b0       sf_mex_clear_error_message 000000018002d1b0 f   sfc_mex:sfc_mex.obj
 0001:0002c1d0       sf_mex_get_error_message_for_read 000000018002d1d0 f   sfc_mex:sfc_mex.obj
 0001:0002c1e0       sf_mex_get_error_message_buffer_length 000000018002d1e0 f   sfc_mex:sfc_mex.obj
 0001:0002c2c0       sf_mex_warning_message     000000018002d2c0 f   sfc_mex:sfc_mex.obj
 0001:0002c330       sf_mex_v_errbuf_createf    000000018002d330 f   sfc_mex:sfc_mex.obj
 0001:0002c340       sf_mex_errbuf_createf      000000018002d340 f   sfc_mex:sfc_mex.obj
 0001:0002c370       sf_mex_v_errbuf_catf       000000018002d370 f   sfc_mex:sfc_mex.obj
 0001:0002c3b0       sf_mex_errbuf_catf         000000018002d3b0 f   sfc_mex:sfc_mex.obj
 0001:0002c400       sf_mex_errbuf_copy         000000018002d400 f   sfc_mex:sfc_mex.obj
 0001:0002c410       sf_mex_errbuf_clear        000000018002d410 f   sfc_mex:sfc_mex.obj
 0001:0002c420       sf_mex_errbuf_isempty      000000018002d420 f   sfc_mex:sfc_mex.obj
 0001:0002c530       sf_mex_set_error_status    000000018002d530 f   sfc_mex:sfc_mex.obj
 0001:0002c580       sf_mex_error_direct_call   000000018002d580 f   sfc_mex:sfc_mex.obj
 0001:0002c5a0       sf_mex_error_message_no_long_jump 000000018002d5a0 f   sfc_mex:sfc_mex.obj
 0001:0002c5c0       sf_mex_long_jump_on_error  000000018002d5c0 f   sfc_mex:sfc_mex.obj
 0001:0002c5f0       sf_mex_call_matlab         000000018002d5f0 f   sfc_mex:sfc_mex.obj
 0001:0002c710       sf_mex_check_builtin       000000018002d710 f   sfc_mex:sfc_mex.obj
 0001:0002c750       sf_mex_check_builtin_vs    000000018002d750 f   sfc_mex:sfc_mex.obj
 0001:0002c7b0       sf_mex_check_enum          000000018002d7b0 f   sfc_mex:sfc_mex.obj
 0001:0002c7e0       sf_mex_create_enum         000000018002d7e0 f   sfc_mex:sfc_mex.obj
 0001:0002c800       sf_mex_get_enum_element    000000018002d800 f   sfc_mex:sfc_mex.obj
 0001:0002c810       sf_mex_createcellarray     000000018002d810 f   sfc_mex:sfc_mex.obj
 0001:0002c820       sf_mex_setcell             000000018002d820 f   sfc_mex:sfc_mex.obj
 0001:0002c830       sf_mex_getcell             000000018002d830 f   sfc_mex:sfc_mex.obj
 0001:0002c840       sf_mex_dup                 000000018002d840 f   sfc_mex:sfc_mex.obj
 0001:0002c860       sf_mex_assign              000000018002d860 f   sfc_mex:sfc_mex.obj
 0001:0002c8c0       sf_mex_destroy             000000018002d8c0 f   sfc_mex:sfc_mex.obj
 0001:0002c8f0       mx_array_has_fi_type       000000018002d8f0 f   sfc_mex:sfc_mex.obj
 0001:0002c920       sf_mex_convert_from_fi     000000018002d920 f   sfc_mex:sfc_mex.obj
 0001:0002c9d0       sf_mex_convert_to_double   000000018002d9d0 f   sfc_mex:sfc_mex.obj
 0001:0002caf0       sf_mex_import_fi_vs        000000018002daf0 f   sfc_mex:sfc_mex.obj
 0001:0002ccb0       sf_matrix_matrix_index_ok  000000018002dcb0 f   sfc_mex:sfc_mex.obj
 0001:0002cd40       sf_vector_vector_index_ok  000000018002dd40 f   sfc_mex:sfc_mex.obj
 0001:0002cd70       ssGetCurrentInputPortDimensions_wrapper 000000018002dd70 f   sfc_mex:sfc_mex.obj
 0001:0002cd90       ssGetCurrentOutputPortDimensions_wrapper 000000018002dd90 f   sfc_mex:sfc_mex.obj
 0001:0002cdb0       sf_mex_emlrt_context_is_debug_mode 000000018002ddb0 f   sfc_mex:sfc_mex.obj
 0001:0002cdc0       sf_mex_emlrt_context_set_debug_mode 000000018002ddc0 f   sfc_mex:sfc_mex.obj
 0001:0002ce30       sf_clear_error_manager_info 000000018002de30 f   sfc_mex:sfc_mex.obj
 0001:0002ce80       sf_mex_stop_simulation_abruptly_wo_error 000000018002de80 f   sfc_mex:sfc_mex.obj
 0001:0002cec0       sf_mex_error_message       000000018002dec0 f   sfc_mex:sfc_mex.obj
 0001:0002cf20       sf_react_to_error_in_matlab_call 000000018002df20 f   sfc_mex:sfc_mex.obj
 0001:0002cf50       sf_mex_addfield            000000018002df50 f   sfc_mex:sfc_mex.obj
 0001:0002cff0       sf_mex_getfield            000000018002dff0 f   sfc_mex:sfc_mex.obj
 0001:0002d2f0       sf_mex_check_class         000000018002e2f0 f   sfc_mex:sfc_mex.obj
 0001:0002d3e0       sf_mex_is_real             000000018002e3e0 f   sfc_mex:sfc_mex.obj
 0001:0002d850       sf_mex_decode_encoded_mx_struct_array 000000018002e850 f   sfc_mex:sfc_mex.obj
 0001:0002db30       sf_mex_lw_bounds_check     000000018002eb30 f   sfc_mex:sfc_mex.obj
 0001:0002db60       sf_mex_lw_size_eq_check_1d 000000018002eb60 f   sfc_mex:sfc_mex.obj
 0001:0002db80       sf_mex_lw_size_eq_check_nd 000000018002eb80 f   sfc_mex:sfc_mex.obj
 0001:0002dd60       sf_mex_lw_dim_size_eq_check 000000018002ed60 f   sfc_mex:sfc_mex.obj
 0001:0002dd90       sf_mex_lw_dim_size_geq_check 000000018002ed90 f   sfc_mex:sfc_mex.obj
 0001:0002ddc0       sf_mex_lw_sub_assign_size_check_nd 000000018002edc0 f   sfc_mex:sfc_mex.obj
 0001:0002dff0       sf_mex_lw_runtime_error_msgid 000000018002eff0 f   sfc_mex:sfc_mex.obj
 0001:0002e0e0       sf_mex_lw_matrix_matrix_index_check 000000018002f0e0 f   sfc_mex:sfc_mex.obj
 0001:0002e100       sf_mex_lw_vector_vector_index_check 000000018002f100 f   sfc_mex:sfc_mex.obj
 0001:0002e140       sf_mex_lw_non_negative_check 000000018002f140 f   sfc_mex:sfc_mex.obj
 0001:0002e180       sf_mex_overflow_error      000000018002f180 f   sfc_mex:sfc_mex.obj
 0001:0002e190       sf_mex_dividebyzero_error  000000018002f190 f   sfc_mex:sfc_mex.obj
 0001:0002e1a0       sf_mex_unsafe_enum_error   000000018002f1a0 f   sfc_mex:sfc_mex.obj
 0001:0002e1b0       sf_emlrtErrHandler         000000018002f1b0 f   sfc_mex:sfc_mex.obj
 0001:0002e270       sf_mex_printf              000000018002f270 f   sfc_mex:sfc_mex.obj
 0001:0002e400       sf_mex_check_size          000000018002f400 f   sfc_mex:sfc_mex.obj
 0001:0002e6d0       sf_mex_check_struct        000000018002f6d0 f   sfc_mex:sfc_mex.obj
 0001:0002e930       sf_mex_check_struct_vs     000000018002f930 f   sfc_mex:sfc_mex.obj
 0001:0002e9c0       sf_mex_check_fi            000000018002f9c0 f   sfc_mex:sfc_mex.obj
 0001:0002eac0       sf_mex_check_fi_vs         000000018002fac0 f   sfc_mex:sfc_mex.obj
 0001:0002eb60       sf_echo_expression         000000018002fb60 f   sfc_mex:sfc_mex.obj
 0001:0002ebc0       sf_assertion_failed        000000018002fbc0 f   sfc_mex:sfc_mex.obj
 0001:0002eea0       sf_mex_evalin              000000018002fea0 f   sfc_mex:sfc_mex.obj
 0001:0002f110       sf_mex_export              0000000180030110 f   sfc_mex:sfc_mex.obj
 0001:0002f1d0       sf_mex_get_ml_var_no_error 00000001800301d0 f   sfc_mex:sfc_mex.obj
 0001:0002f370       sf_mex_get_ml_var          0000000180030370 f   sfc_mex:sfc_mex.obj
 0001:0002f810       ml_set_element_value_in_array 0000000180030810 f   sfc_mex:sfc_mex.obj
 0001:00030ee0       sf_mex_call_impl           0000000180031ee0 f   sfc_mex:sfc_mex.obj
 0001:00031410       sf_mex_call_debug          0000000180032410 f   sfc_mex:sfc_mex.obj
 0001:00031440       sf_mex_call                0000000180032440 f   sfc_mex:sfc_mex.obj
 0001:00031a90       sf_mex_createstruct        0000000180032a90 f   sfc_mex:sfc_mex.obj
 0001:00031b80       sf_mex_createstructarray   0000000180032b80 f   sfc_mex:sfc_mex.obj
 0001:00031c00       sf_mex_get_mx_datatype_from_sf_datatype 0000000180032c00 f   sfc_mex:sfc_mex.obj
 0001:00031f10       sf_mex_ml_var_sub          0000000180032f10 f   sfc_mex:sfc_mex.obj
 0001:000320e0       sf_mex_ml_var_subsasgn     00000001800330e0 f   sfc_mex:sfc_mex.obj
 0001:000324d0       sf_mex_sub                 00000001800334d0 f   sfc_mex:sfc_mex.obj
 0001:000326d0       sf_mex_subsasgn            00000001800336d0 f   sfc_mex:sfc_mex.obj
 0001:00032bb0       sf_mex_create              0000000180033bb0 f   sfc_mex:sfc_mex.obj
 0001:00033600       sf_mex_import_named        0000000180034600 f   sfc_mex:sfc_mex.obj
 0001:00033660       sf_mex_import              0000000180034660 f   sfc_mex:sfc_mex.obj
 0001:000336b0       sf_mex_import_vs           00000001800346b0 f   sfc_mex:sfc_mex.obj
 0001:000337c0       sf_mex_lower_fixpt_mx_array 00000001800347c0 f   sfc_mex:sfc_mex.obj
 0001:00033db0       sim_mode_is_rtw_gen        0000000180034db0 f   sfc_mex:sfc_sf.obj
 0001:00033de0       sim_mode_is_external       0000000180034de0 f   sfc_mex:sfc_sf.obj
 0001:00033df0       sim_mode_is_modelref_sim   0000000180034df0 f   sfc_mex:sfc_sf.obj
 0001:00033e10       mdlInitializeSizes         0000000180034e10 f   sfc_mex:sfc_sf.obj
 0001:00033e30       mdlInitializeSampleTimes   0000000180034e30 f   sfc_mex:sfc_sf.obj
 0001:00033e70       mdlZeroCrossings           0000000180034e70 f   sfc_mex:sfc_sf.obj
 0001:00033f50       mdlDerivatives             0000000180034f50 f   sfc_mex:sfc_sf.obj
 0001:00034000       mdl_initialize_conditions_processing 0000000180035000 f   sfc_mex:sfc_sf.obj
 0001:00034030       mdlInitializeConditions    0000000180035030 f   sfc_mex:sfc_sf.obj
 0001:000340f0       mdlGetSimState             00000001800350f0 f   sfc_mex:sfc_sf.obj
 0001:00034100       mdlSetSimState             0000000180035100 f   sfc_mex:sfc_sf.obj
 0001:00034110       mdl_ext_mode_exec_processing 0000000180035110 f   sfc_mex:sfc_sf.obj
 0001:00034130       mdlExtModeExec             0000000180035130 f   sfc_mex:sfc_sf.obj
 0001:000342c0       mdlTerminate               00000001800352c0 f   sfc_mex:sfc_sf.obj
 0001:00034330       mdlRTW                     0000000180035330 f   sfc_mex:sfc_sf.obj
 0001:00034360       mdlSetWorkWidths           0000000180035360 f   sfc_mex:sfc_sf.obj
 0001:00034370       mdlProcessParameters       0000000180035370 f   sfc_mex:sfc_sf.obj
 0001:00034380       mdl_start_processing       0000000180035380 f   sfc_mex:sfc_sf.obj
 0001:000343c0       mdlStart                   00000001800353c0 f   sfc_mex:sfc_sf.obj
 0001:000344b0       mdlEnable                  00000001800354b0 f   sfc_mex:sfc_sf.obj
 0001:00034580       mdlDisable                 0000000180035580 f   sfc_mex:sfc_sf.obj
 0001:00034630       sf_get_chart_instance_ptr  0000000180035630 f   sfc_mex:sfc_sf.obj
 0001:00034650       sf_rtw_info_uint_prop      0000000180035650 f   sfc_mex:sfc_sf.obj
 0001:000347c0       sf_is_chart_inlinable      00000001800357c0 f   sfc_mex:sfc_sf.obj
 0001:000347e0       sf_mark_output_events_with_multiple_callers 00000001800357e0 f   sfc_mex:sfc_sf.obj
 0001:000349a0       sf_mark_chart_reusable_outputs 00000001800359a0 f   sfc_mex:sfc_sf.obj
 0001:00034c20       sf_mark_chart_expressionable_inputs 0000000180035c20 f   sfc_mex:sfc_sf.obj
 0001:00034f80       sf_get_subchart_simstruct  0000000180035f80 f   sfc_mex:sfc_sf.obj
 0001:00034fd0       sf_write_symbol_mapping    0000000180035fd0 f   sfc_mex:sfc_sf.obj
 0001:00035220       sf_get_fixpt_data_type_id  0000000180036220 f   sfc_mex:sfc_sf.obj
 0001:00035260       sf_get_enum_data_type_id   0000000180036260 f   sfc_mex:sfc_sf.obj
 0001:000352a0       sf_get_param_data_type_id  00000001800362a0 f   sfc_mex:sfc_sf.obj
 0001:000352d0       sf_mex_listen_for_ctrl_c_force 00000001800362d0 f   sfc_mex:sfc_sf.obj
 0001:000353e0       sf_mex_draw_now            00000001800363e0 f   sfc_mex:sfc_sf.obj
 0001:00035420       sf_mex_set_debugger_sim_status_listener_fcn 0000000180036420 f   sfc_mex:sfc_sf.obj
 0001:00035430       sf_mex_listen_for_ctrl_c   0000000180036430 f   sfc_mex:sfc_sf.obj
 0001:000354c0       sf_mex_get_sfun_param      00000001800364c0 f   sfc_mex:sfc_sf.obj
 0001:00035510       sf_get_runtime_param_data  0000000180036510 f   sfc_mex:sfc_sf.obj
 0001:00035550       sf_call_output_fcn_call    0000000180036550 f   sfc_mex:sfc_sf.obj
 0001:00035690       sf_call_output_fcn_enable  0000000180036690 f   sfc_mex:sfc_sf.obj
 0001:00035720       sf_call_output_fcn_disable 0000000180036720 f   sfc_mex:sfc_sf.obj
 0001:000357b0       sf_clear_rtw_identifier    00000001800367b0 f   sfc_mex:sfc_sf.obj
 0001:00035fa0       sf_set_encoded_dwork_info  0000000180036fa0 f   sfc_mex:sfc_sf.obj
 0001:00035ff0       sf_get_dwork_info_from_mat_file 0000000180036ff0 f   sfc_mex:sfc_sf.obj
 0001:000361e0       sf_set_rtw_dwork_info      00000001800371e0 f   sfc_mex:sfc_sf.obj
 0001:00036350       mdlOutputs                 0000000180037350 f   sfc_mex:sfc_sf.obj
 0001:000364f0       sf_debug_disp              00000001800374f0 f   sfc_debug:sfcdebug.obj
 0001:00036750       sf_debug_data_runtime_size_mismatch_error_check 0000000180037750 f   sfc_debug:sfcdebug.obj
 0001:000367f0       sf_debug_try_loading_machine 00000001800377f0 f   sfc_debug:sfcdebug.obj
 0001:000368f0       sf_debug_reset_current_state_configuration 00000001800378f0 f   sfc_debug:sfcdebug.obj
 0001:00036980       sf_debug_store_current_state_configuration 0000000180037980 f   sfc_debug:sfcdebug.obj
 0001:00036a10       sf_debug_restore_previous_state_configuration 0000000180037a10 f   sfc_debug:sfcdebug.obj
 0001:00036aa0       sf_debug_restore_previous_state_configuration2 0000000180037aa0 f   sfc_debug:sfcdebug.obj
 0001:00036b30       sf_debug_get_event_scope   0000000180037b30 f   sfc_debug:sfcdebug.obj
 0001:00036ca0       use_debugger_step_animation 0000000180037ca0 f   sfc_debug:sfcdebug.obj
 0001:00036cc0       sf_debug_get_script_id     0000000180037cc0 f   sfc_debug:sfcdebug.obj
 0001:00036d50       sf_debug_set_script_translation 0000000180037d50 f   sfc_debug:sfcdebug.obj
 0001:00036e10       sf_debug_get_current_machine_id 0000000180037e10 f   sfc_debug:sfcdebug.obj
 0001:00036e30       sf_debug_get_current_optional_integer 0000000180037e30 f   sfc_debug:sfcdebug.obj
 0001:00036e40       sf_debug_get_current_machine_number 0000000180037e40 f   sfc_debug:sfcdebug.obj
 0001:00036e60       sf_debug_get_current_machine_name 0000000180037e60 f   sfc_debug:sfcdebug.obj
 0001:00036e80       sf_debug_get_current_chart_id 0000000180037e80 f   sfc_debug:sfcdebug.obj
 0001:00036ed0       sf_debug_get_current_chart_number 0000000180037ed0 f   sfc_debug:sfcdebug.obj
 0001:00036ee0       sf_debug_get_current_instance_number 0000000180037ee0 f   sfc_debug:sfcdebug.obj
 0001:00036ef0       sf_debug_get_current_is_minor_time_step 0000000180037ef0 f   sfc_debug:sfcdebug.obj
 0001:00036f70       sf_debug_get_current_object_type 0000000180037f70 f   sfc_debug:sfcdebug.obj
 0001:00036f80       sf_debug_get_current_instance_handle 0000000180037f80 f   sfc_debug:sfcdebug.obj
 0001:00036fe0       sf_debug_get_current_event_type 0000000180037fe0 f   sfc_debug:sfcdebug.obj
 0001:00036ff0       sf_debug_get_current_object_id 0000000180037ff0 f   sfc_debug:sfcdebug.obj
 0001:00037030       sf_debug_get_current_active_event_type 0000000180038030 f   sfc_debug:sfcdebug.obj
 0001:00037040       sf_debug_get_current_active_event_id 0000000180038040 f   sfc_debug:sfcdebug.obj
 0001:00037080       sf_debug_get_current_tag_type 0000000180038080 f   sfc_debug:sfcdebug.obj
 0001:00037090       sf_debug_get_current_simulation_time 0000000180038090 f   sfc_debug:sfcdebug.obj
 0001:000370a0       sf_debug_get_current_coverage_percentage 00000001800380a0 f   sfc_debug:sfcdebug.obj
 0001:000370b0       sf_debug_current_statement_context 00000001800380b0 f   sfc_debug:sfcdebug.obj
 0001:00037140       sf_debug_get_current_statement_info 0000000180038140 f   sfc_debug:sfcdebug.obj
 0001:000372c0       sf_debug_terminate_instance 00000001800382c0 f   sfc_debug:sfcdebug.obj
 0001:000375d0       sf_debug_assertion_failed  00000001800385d0 f   sfc_debug:sfcdebug.obj
 0001:00037780       sf_debug_set_number_of_data_with_change_event_for_machine 0000000180038780 f   sfc_debug:sfcdebug.obj
 0001:000377c0       sf_debug_set_machine_event_thresholds 00000001800387c0 f   sfc_debug:sfcdebug.obj
 0001:000377e0       sf_debug_set_machine_event_scope 00000001800387e0 f   sfc_debug:sfcdebug.obj
 0001:00037820       sf_debug_set_machine_data_thresholds 0000000180038820 f   sfc_debug:sfcdebug.obj
 0001:00037860       sf_debug_set_machine_data_scope 0000000180038860 f   sfc_debug:sfcdebug.obj
 0001:000378f0       sf_debug_set_machine_data_name 00000001800388f0 f   sfc_debug:sfcdebug.obj
 0001:00037990       sf_debug_set_machine_data_size 0000000180038990 f   sfc_debug:sfcdebug.obj
 0001:00037ad0       sf_debug_set_machine_data_type 0000000180038ad0 f   sfc_debug:sfcdebug.obj
 0001:00037c40       sf_debug_get_chart_data_number 0000000180038c40 f   sfc_debug:sfcdebug.obj
 0001:00037c60       sf_debug_get_chart_event_number 0000000180038c60 f   sfc_debug:sfcdebug.obj
 0001:00037c80       sf_debug_set_chart_state_info 0000000180038c80 f   sfc_debug:sfcdebug.obj
 0001:00037d00       sf_debug_set_chart_decomposition 0000000180038d00 f   sfc_debug:sfcdebug.obj
 0001:00037d70       sf_debug_set_chart_substate_count 0000000180038d70 f   sfc_debug:sfcdebug.obj
 0001:00037e50       sf_debug_set_chart_substate_index 0000000180038e50 f   sfc_debug:sfcdebug.obj
 0001:00037ec0       sf_debug_set_chart_state_substate_count 0000000180038ec0 f   sfc_debug:sfcdebug.obj
 0001:00037fd0       sf_debug_set_chart_state_substate_index 0000000180038fd0 f   sfc_debug:sfcdebug.obj
 0001:00038050       sf_debug_set_number_of_data_with_change_event_for_chart 0000000180039050 f   sfc_debug:sfcdebug.obj
 0001:000380d0       sf_debug_set_number_of_states_with_entry_event_for_chart 00000001800390d0 f   sfc_debug:sfcdebug.obj
 0001:00038140       sf_debug_set_number_of_states_with_exit_event_for_chart 0000000180039140 f   sfc_debug:sfcdebug.obj
 0001:000381b0       sf_debug_set_chart_disable_implicit_casting 00000001800391b0 f   sfc_debug:sfcdebug.obj
 0001:00038220       sf_debug_set_chart_event_thresholds 0000000180039220 f   sfc_debug:sfcdebug.obj
 0001:00038290       sf_debug_set_chart_data_compiled_props 0000000180039290 f   sfc_debug:sfcdebug.obj
 0001:000385e0       sf_debug_set_chart_data_props 00000001800395e0 f   sfc_debug:sfcdebug.obj
 0001:00038900       sf_debug_check_fi_license  0000000180039900 f   sfc_debug:sfcdebug.obj
 0001:00038af0       sf_debug_symbol_scope_push 0000000180039af0 f   sfc_debug:sfcdebug.obj
 0001:00038b30       sf_debug_symbol_scope_push_eml 0000000180039b30 f   sfc_debug:sfcdebug.obj
 0001:00038b80       sf_debug_symbol_scope_pop  0000000180039b80 f   sfc_debug:sfcdebug.obj
 0001:00038bc0       sf_debug_symbol_scope_add_importable 0000000180039bc0 f   sfc_debug:sfcdebug.obj
 0001:00038c40       sf_debug_symbol_scope_add  0000000180039c40 f   sfc_debug:sfcdebug.obj
 0001:00038cc0       sf_debug_symbol_scope_add_dyn_importable 0000000180039cc0 f   sfc_debug:sfcdebug.obj
 0001:00038d80       sf_debug_symbol_scope_add_dyn 0000000180039d80 f   sfc_debug:sfcdebug.obj
 0001:00038db0       sf_debug_symbol_scope_add_eml_importable 0000000180039db0 f   sfc_debug:sfcdebug.obj
 0001:00038df0       sf_debug_symbol_scope_add_eml 0000000180039df0 f   sfc_debug:sfcdebug.obj
 0001:00038e30       sf_debug_symbol_scope_add_eml_dyn_importable 0000000180039e30 f   sfc_debug:sfcdebug.obj
 0001:00038ea0       sf_debug_symbol_scope_add_eml_dyn 0000000180039ea0 f   sfc_debug:sfcdebug.obj
 0001:00038f00       sf_debug_symbol_switch     0000000180039f00 f   sfc_debug:sfcdebug.obj
 0001:00038f20       sf_debug_symbol_scope_add_verbose 0000000180039f20 f   sfc_debug:sfcdebug.obj
 0001:00038ff0       sf_debug_set_machine_data_value_ptr 0000000180039ff0 f   sfc_debug:sfcdebug.obj
 0001:00039030       sf_debug_set_instance_data_value_ptr 000000018003a030 f   sfc_debug:sfcdebug.obj
 0001:000390f0       sf_debug_unset_instance_data_value_ptr 000000018003a0f0 f   sfc_debug:sfcdebug.obj
 0001:000391a0       sf_debug_set_chart_event_scope 000000018003a1a0 f   sfc_debug:sfcdebug.obj
 0001:00039220       sf_debug_set_chart_transition_coverage_maps 000000018003a220 f   sfc_debug:sfcdebug.obj
 0001:00039330       sf_debug_set_chart_state_coverage_maps 000000018003a330 f   sfc_debug:sfcdebug.obj
 0001:00039410       sf_debug_set_instance_transition_coverage_weights 000000018003a410 f   sfc_debug:sfcdebug.obj
 0001:000394b0       sf_debug_set_instance_state_coverage_weights 000000018003a4b0 f   sfc_debug:sfcdebug.obj
 0001:00039700       sf_debug_unload_machine    000000018003a700 f   sfc_debug:sfcdebug.obj
 0001:00039750       sf_debug_load_machine      000000018003a750 f   sfc_debug:sfcdebug.obj
 0001:00039850       sf_debug_set_active_instance_in_data_dictionary 000000018003a850 f   sfc_debug:sfcdebug.obj
 0001:00039a30       sf_debug_set_active_instance 000000018003aa30 f   sfc_debug:sfcdebug.obj
 0001:00039b70       sf_debug_chart_visiblity_change 000000018003ab70 f   sfc_debug:sfcdebug.obj
 0001:00039c50       sf_debug_select_chart      000000018003ac50 f   sfc_debug:sfcdebug.obj
 0001:00039d20       sf_debug_set_instance_cv_ids 000000018003ad20 f   sfc_debug:sfcdebug.obj
 0001:0003a030       sf_debug_select_charts     000000018003b030 f   sfc_debug:sfcdebug.obj
 0001:0003a170       sf_debug_initialized       000000018003b170 f   sfc_debug:sfcdebug.obj
 0001:0003a180       sf_debug_is_uninterruptible 000000018003b180 f   sfc_debug:sfcdebug.obj
 0001:0003a1b0       sf_debug_initialize_debugger_gui 000000018003b1b0 f   sfc_debug:sfcdebug.obj
 0001:0003a5a0       sf_debug_resume            000000018003b5a0 f   sfc_debug:sfcdebug.obj
 0001:0003a5c0       sf_debug_go                000000018003b5c0 f   sfc_debug:sfcdebug.obj
 0001:0003a5d0       sf_debug_break             000000018003b5d0 f   sfc_debug:sfcdebug.obj
 0001:0003a5e0       sf_debug_step_over         000000018003b5e0 f   sfc_debug:sfcdebug.obj
 0001:0003a5f0       sf_debug_step_out          000000018003b5f0 f   sfc_debug:sfcdebug.obj
 0001:0003a600       sf_debug_set_disable_all_breakpoints 000000018003b600 f   sfc_debug:sfcdebug.obj
 0001:0003a610       sf_debug_disable_all_breakpoints_and_go 000000018003b610 f   sfc_debug:sfcdebug.obj
 0001:0003a620       sf_debug_break_on_chart_entry 000000018003b620 f   sfc_debug:sfcdebug.obj
 0001:0003a630       sf_debug_break_on_event_broadcast 000000018003b630 f   sfc_debug:sfcdebug.obj
 0001:0003a640       sf_debug_break_on_state_entry 000000018003b640 f   sfc_debug:sfcdebug.obj
 0001:0003a650       sf_debug_break_between_times 000000018003b650 f   sfc_debug:sfcdebug.obj
 0001:0003a670       sf_debug_browse_data       000000018003b670 f   sfc_debug:sfcdebug.obj
 0001:0003a690       sf_debug_watch_data        000000018003b690 f   sfc_debug:sfcdebug.obj
 0001:0003a6b0       sf_debug_assign_data       000000018003b6b0 f   sfc_debug:sfcdebug.obj
 0001:0003a6d0       sf_debug_whos              000000018003b6d0 f   sfc_debug:sfcdebug.obj
 0001:0003a6f0       sf_debug_get_consistency_info 000000018003b6f0 f   sfc_debug:sfcdebug.obj
 0001:0003a700       sf_debug_browse_trace      000000018003b700 f   sfc_debug:sfcdebug.obj
 0001:0003a710       sf_debug_set_breakpoints   000000018003b710 f   sfc_debug:sfcdebug.obj
 0001:0003a870       sf_debug_set_eml_breakpoints 000000018003b870 f   sfc_debug:sfcdebug.obj
 0001:0003a9d0       sf_debug_set_script_breakpoints 000000018003b9d0 f   sfc_debug:sfcdebug.obj
 0001:0003aa50       sf_debug_add_script_breakpoints 000000018003ba50 f   sfc_debug:sfcdebug.obj
 0001:0003aac0       sf_debug_clear_script_breakpoints 000000018003bac0 f   sfc_debug:sfcdebug.obj
 0001:0003ab30       sf_debug_query_script_breakpoints 000000018003bb30 f   sfc_debug:sfcdebug.obj
 0001:0003abf0       sf_debug_get_eml_script_id 000000018003bbf0 f   sfc_debug:sfcdebug.obj
 0001:0003ac40       sf_debug_set_watch         000000018003bc40 f   sfc_debug:sfcdebug.obj
 0001:0003ae70       sf_debug_get_coverage      000000018003be70 f   sfc_debug:sfcdebug.obj
 0001:0003ae80       sf_debug_get_instance_handle 000000018003be80 f   sfc_debug:sfcdebug.obj
 0001:0003af10       sf_debug_get_active_states 000000018003bf10 f   sfc_debug:sfcdebug.obj
 0001:0003af20       sf_debug_get_animation     000000018003bf20 f   sfc_debug:sfcdebug.obj
 0001:0003af30       sf_debug_set_animation     000000018003bf30 f   sfc_debug:sfcdebug.obj
 0001:0003af40       sf_debug_animate           000000018003bf40 f   sfc_debug:sfcdebug.obj
 0001:0003af70       sf_debug_cycle_detection_check 000000018003bf70 f   sfc_debug:sfcdebug.obj
 0001:0003af80       sf_debug_data_range_check  000000018003bf80 f   sfc_debug:sfcdebug.obj
 0001:0003af90       sf_debug_transition_conflict_check 000000018003bf90 f   sfc_debug:sfcdebug.obj
 0001:0003afa0       sf_debug_state_consistency_check 000000018003bfa0 f   sfc_debug:sfcdebug.obj
 0001:0003afb0       sf_debug_data_range_check_enabled 000000018003bfb0 f   sfc_debug:sfcdebug.obj
 0001:0003afd0       sf_debug_transition_conflict_check_enabled 000000018003bfd0 f   sfc_debug:sfcdebug.obj
 0001:0003aff0       sf_debug_transition_conflict_check_begin 000000018003bff0 f   sfc_debug:sfcdebug.obj
 0001:0003b010       sf_debug_transition_conflict_check_end 000000018003c010 f   sfc_debug:sfcdebug.obj
 0001:0003b030       sf_debug_stop_debugging    000000018003c030 f   sfc_debug:sfcdebug.obj
 0001:0003b060       sf_debug_is_cycle_detected 000000018003c060 f   sfc_debug:sfcdebug.obj
 0001:0003b070       sf_debug_is_array_bounds_detected 000000018003c070 f   sfc_debug:sfcdebug.obj
 0001:0003b080       sf_debug_get_state_vectors_data_size 000000018003c080 f   sfc_debug:sfcdebug.obj
 0001:0003b0c0       sf_debug_get_state_vectors_data 000000018003c0c0 f   sfc_debug:sfcdebug.obj
 0001:0003b1c0       sf_debug_set_state_vectors_data 000000018003c1c0 f   sfc_debug:sfcdebug.obj
 0001:0003b480       sf_debug_get_script_index  000000018003c480 f   sfc_debug:sfcdebug.obj
 0001:0003b610       sf_debug_add_script        000000018003c610 f   sfc_debug:sfcdebug.obj
 0001:0003b7a0       cv_eval_point              000000018003c7a0 f   sfc_debug:sfcdebug.obj
 0001:0003b910       sf_debug_cv_init_state     000000018003c910 f   sfc_debug:sfcdebug.obj
 0001:0003ba30       sf_debug_cv_init_chart     000000018003ca30 f   sfc_debug:sfcdebug.obj
 0001:0003bb10       sf_debug_cv_init_trans     000000018003cb10 f   sfc_debug:sfcdebug.obj
 0001:0003bc80       cv_eml_init_script         000000018003cc80 f   sfc_debug:sfcdebug.obj
 0001:0003bd60       cv_eml_init_fcn            000000018003cd60 f   sfc_debug:sfcdebug.obj
 0001:0003be10       cv_eml_init_testobjective  000000018003ce10 f   sfc_debug:sfcdebug.obj
 0001:0003bec0       cv_eml_init_if             000000018003cec0 f   sfc_debug:sfcdebug.obj
 0001:0003bf70       cv_eml_init_for            000000018003cf70 f   sfc_debug:sfcdebug.obj
 0001:0003c020       cv_eml_init_while          000000018003d020 f   sfc_debug:sfcdebug.obj
 0001:0003c0d0       cv_eml_init_mcdc           000000018003d0d0 f   sfc_debug:sfcdebug.obj
 0001:0003c1d0       cv_eml_init_switch         000000018003d1d0 f   sfc_debug:sfcdebug.obj
 0001:0003c2b0       cv_eml_eval                000000018003d2b0 f   sfc_debug:sfcdebug.obj
 0001:0003c390       sf_debug_bm_is_a_eml_breakpoint 000000018003d390 f   sfc_debug:sfcdebug.obj
 0001:0003c4e0       sf_debug_temporal_threshold 000000018003d4e0 f   sfc_debug:sfcdebug.obj
 0001:0003c840       sf_debug_transition_conflict_error 000000018003d840 f   sfc_debug:sfcdebug.obj
 0001:0003cbc0       sf_debug_state_inconsistency_error 000000018003dbc0 f   sfc_debug:sfcdebug.obj
 0001:0003cce0       sf_debug_check_for_state_inconsistency 000000018003dce0 f   sfc_debug:sfcdebug.obj
 0001:0003cd10       sf_debug_cycle_detecton_error 000000018003dd10 f   sfc_debug:sfcdebug.obj
 0001:0003d500       sf_debug_size_eq_check_1d  000000018003e500 f   sfc_debug:sfcdebug.obj
 0001:0003d520       sf_debug_size_eq_check_nd  000000018003e520 f   sfc_debug:sfcdebug.obj
 0001:0003d700       sf_debug_dim_size_eq_check 000000018003e700 f   sfc_debug:sfcdebug.obj
 0001:0003d730       sf_debug_dim_size_geq_check 000000018003e730 f   sfc_debug:sfcdebug.obj
 0001:0003d760       sf_debug_sub_assign_size_check_nd 000000018003e760 f   sfc_debug:sfcdebug.obj
 0001:0003d9a0       sf_debug_matrix_matrix_index_check 000000018003e9a0 f   sfc_debug:sfcdebug.obj
 0001:0003d9d0       sf_debug_vector_vector_index_check 000000018003e9d0 f   sfc_debug:sfcdebug.obj
 0001:0003da00       sf_debug_runtime_error_msgid 000000018003ea00 f   sfc_debug:sfcdebug.obj
 0001:0003da90       sf_debug_data_array_bounds_error_check 000000018003ea90 f   sfc_debug:sfcdebug.obj
 0001:0003dba0       sf_debug_eml_data_array_bounds_error_check 000000018003eba0 f   sfc_debug:sfcdebug.obj
 0001:0003e080       sf_debug_integer_check     000000018003f080 f   sfc_debug:sfcdebug.obj
 0001:0003e160       sf_debug_not_nan_check     000000018003f160 f   sfc_debug:sfcdebug.obj
 0001:0003e220       sf_debug_non_negative_check 000000018003f220 f   sfc_debug:sfcdebug.obj
 0001:0003e2e0       sf_debug_overflow_detection 000000018003f2e0 f   sfc_debug:sfcdebug.obj
 0001:0003e9d0       sf_debug_cast_to_real32_T  000000018003f9d0 f   sfc_debug:sfcdebug.obj
 0001:0003ea90       sf_debug_cast_to_int8_T    000000018003fa90 f   sfc_debug:sfcdebug.obj
 0001:0003eb50       sf_debug_cast_to_uint8_T   000000018003fb50 f   sfc_debug:sfcdebug.obj
 0001:0003ec10       sf_debug_cast_to_int16_T   000000018003fc10 f   sfc_debug:sfcdebug.obj
 0001:0003ecd0       sf_debug_cast_to_uint16_T  000000018003fcd0 f   sfc_debug:sfcdebug.obj
 0001:0003ed90       sf_debug_cast_to_int32_T   000000018003fd90 f   sfc_debug:sfcdebug.obj
 0001:0003ee50       sf_debug_cast_to_uint32_T  000000018003fe50 f   sfc_debug:sfcdebug.obj
 0001:0003ef10       sf_debug_data_range_error  000000018003ff10 f   sfc_debug:sfcdebug.obj
 0001:0003f390       sf_debug_data_range_error_wrapper_min_max 0000000180040390 f   sfc_debug:sfcdebug.obj
 0001:0003f480       sf_debug_data_range_error_wrapper_min 0000000180040480 f   sfc_debug:sfcdebug.obj
 0001:0003f560       sf_debug_data_range_error_wrapper_max 0000000180040560 f   sfc_debug:sfcdebug.obj
 0001:0003f640       sf_debug_data_range_wrapper 0000000180040640 f   sfc_debug:sfcdebug.obj
 0001:0003f6f0       sf_debug_set_current_status_info 00000001800406f0 f   sfc_debug:sfcdebug.obj
 0001:0003faa0       sf_debug_call              0000000180040aa0 f   sfc_debug:sfcdebug.obj
 0001:00040960       sf_debug_initialize_machine 0000000180041960 f   sfc_debug:sfcdebug.obj
 0001:00040c70       sf_debug_initialize_chart  0000000180041c70 f   sfc_debug:sfcdebug.obj
 0001:00041150       sf_debug_ensure_script     0000000180042150 f   sfc_debug:sfcdebug.obj
 0001:00041210       cv_script_init_script      0000000180042210 f   sfc_debug:sfcdebug.obj
 0001:000412f0       cv_script_init_fcn         00000001800422f0 f   sfc_debug:sfcdebug.obj
 0001:000413a0       cv_script_init_testobjective 00000001800423a0 f   sfc_debug:sfcdebug.obj
 0001:00041450       cv_script_init_if          0000000180042450 f   sfc_debug:sfcdebug.obj
 0001:00041500       cv_script_init_for         0000000180042500 f   sfc_debug:sfcdebug.obj
 0001:000415b0       cv_script_init_while       00000001800425b0 f   sfc_debug:sfcdebug.obj
 0001:00041660       cv_script_init_mcdc        0000000180042660 f   sfc_debug:sfcdebug.obj
 0001:00041760       cv_script_init_switch      0000000180042760 f   sfc_debug:sfcdebug.obj
 0001:00041840       cv_script_eval             0000000180042840 f   sfc_debug:sfcdebug.obj
 0001:00041920       eml_debug_line_call        0000000180042920 f   sfc_debug:sfcdebug.obj
 0001:00041ad0       sf_debug_terminate         0000000180042ad0 f   sfc_debug:sfcdebug.obj
 0001:00041c40       sf_debug_set_script_cv_ids 0000000180042c40 f   sfc_debug:sfcdebug.obj
 0001:00041e10       sf_debug_api               0000000180042e10 f   sfc_debug:sfc_api.obj
 0001:00043640       sf_debug_sm_terminate      0000000180044640 f   sfc_debug:sfdb_animation.obj
 0001:00043800       sf_debug_reset_path_objects 0000000180044800 f   sfc_debug:sfdb_animation.obj
 0001:00043880       sf_debug_sm_reset_object_selection_status 0000000180044880 f   sfc_debug:sfdb_animation.obj
 0001:00043920       sf_debug_sm_reset_state_buffer 0000000180044920 f   sfc_debug:sfdb_animation.obj
 0001:000439f0       sf_debug_sm_store_state_buffer 00000001800449f0 f   sfc_debug:sfdb_animation.obj
 0001:00043a70       sf_debug_sm_restore_state_buffer1 0000000180044a70 f   sfc_debug:sfdb_animation.obj
 0001:00043ae0       sf_debug_sm_restore_state_buffer2 0000000180044ae0 f   sfc_debug:sfdb_animation.obj
 0001:00043b50       sf_debug_sm_chart_active   0000000180044b50 f   sfc_debug:sfdb_animation.obj
 0001:00043ba0       sf_debug_sm_select_active_objects 0000000180044ba0 f   sfc_debug:sfdb_animation.obj
 0001:00044050       sf_debug_sm_is_chart_active 0000000180045050 f   sfc_debug:sfdb_animation.obj
 0001:00044090       sf_debug_sm_is_state_active 0000000180045090 f   sfc_debug:sfdb_animation.obj
 0001:000442d0       sf_debug_sm_get_active_states 00000001800452d0 f   sfc_debug:sfdb_animation.obj
 0001:00044890       sf_debug_sm_initialize_instance 0000000180045890 f   sfc_debug:sfdb_animation.obj
 0001:00044ae0       sf_debug_sm_change_object_selection_status 0000000180045ae0 f   sfc_debug:sfdb_animation.obj
 0001:00044dd0       cv_create_interface        0000000180045dd0 f   sfc_debug:cv_sfinterface.obj
 0001:00045130       cv_init_trans              0000000180046130 f   sfc_debug:cv_sfinterface.obj
 0001:00045180       cv_init_state              0000000180046180 f   sfc_debug:cv_sfinterface.obj
 0001:000451f0       cv_init_chart              00000001800461f0 f   sfc_debug:cv_sfinterface.obj
 0001:00045240       cv_dec_update_call         0000000180046240 f   sfc_debug:cv_sfinterface.obj
 0001:00045280       cv_cond_update_call        0000000180046280 f   sfc_debug:cv_sfinterface.obj
 0001:000452c0       cv_sigrange_update         00000001800462c0 f   sfc_debug:cv_sfinterface.obj
 0001:00045300       cvsf_eml_eval              0000000180046300 f   sfc_debug:cv_sfinterface.obj
 0001:000453e0       cvsf_eml_init_script       00000001800463e0 f   sfc_debug:cv_sfinterface.obj
 0001:00045460       cvsf_eml_init_fcn          0000000180046460 f   sfc_debug:cv_sfinterface.obj
 0001:000454c0       cvsf_eml_init_testobjective 00000001800464c0 f   sfc_debug:cv_sfinterface.obj
 0001:00045520       cvsf_eml_init_if           0000000180046520 f   sfc_debug:cv_sfinterface.obj
 0001:00045580       cvsf_eml_init_for          0000000180046580 f   sfc_debug:cv_sfinterface.obj
 0001:000455d0       cvsf_eml_init_while        00000001800465d0 f   sfc_debug:cv_sfinterface.obj
 0001:00045620       cvsf_eml_init_mcdc         0000000180046620 f   sfc_debug:cv_sfinterface.obj
 0001:000456b0       cvsf_eml_init_switch       00000001800466b0 f   sfc_debug:cv_sfinterface.obj
 0001:00045720       cvsf_script_eval           0000000180046720 f   sfc_debug:cv_sfinterface.obj
 0001:00045800       cvsf_script_init_script    0000000180046800 f   sfc_debug:cv_sfinterface.obj
 0001:00045880       cvsf_script_init_fcn       0000000180046880 f   sfc_debug:cv_sfinterface.obj
 0001:000458e0       cvsf_script_init_testobjective 00000001800468e0 f   sfc_debug:cv_sfinterface.obj
 0001:00045940       cvsf_script_init_if        0000000180046940 f   sfc_debug:cv_sfinterface.obj
 0001:000459a0       cvsf_script_init_for       00000001800469a0 f   sfc_debug:cv_sfinterface.obj
 0001:000459f0       cvsf_script_init_while     00000001800469f0 f   sfc_debug:cv_sfinterface.obj
 0001:00045a40       cvsf_script_init_mcdc      0000000180046a40 f   sfc_debug:cv_sfinterface.obj
 0001:00045ad0       cvsf_script_init_switch    0000000180046ad0 f   sfc_debug:cv_sfinterface.obj
 0001:00045b40       cv_destroy_interface       0000000180046b40 f   sfc_debug:cv_sfinterface.obj
 0001:00045b60       cv_create_instance_objects 0000000180046b60 f   sfc_debug:cv_sfinterface.obj
 0001:00046010       cv_is_enabled              0000000180047010 f   sfc_debug:cv_sfinterface.obj
 0001:00046020       sf_debug_cv_initialize_script 0000000180047020 f   sfc_debug:cv_sfinterface.obj
 0001:000461d0       sf_debug_cv_initialize_instance 00000001800471d0 f   sfc_debug:cv_sfinterface.obj
 0001:00046570       sf_debug_cv_terminate_chart 0000000180047570 f   sfc_debug:cv_sfinterface.obj
 0001:000466b0       cv_call_trans_test         00000001800476b0 f   sfc_debug:cv_sfinterface.obj
 0001:000466c0       cv_call_sub_cond_test      00000001800476c0 f   sfc_debug:cv_sfinterface.obj
 0001:000467f0       sf_debug_hm_initialize_instance 00000001800477f0 f   sfc_debug:sfdb_handle_management.obj
 0001:00046d70       sf_debug_hm_get_object_id  0000000180047d70 f   sfc_debug:sfdb_handle_management.obj
 0001:00048ce0       sf_debug_object_is_eml_function 0000000180049ce0 f   sfc_debug:sfdb_handle_management.obj
 0001:00048d50       sf_debug_hm_initialize_ids_in_machine 0000000180049d50 f   sfc_debug:sfdb_handle_management.obj
 0001:00048ec0       sf_debug_hm_initialize_ids_in_chart 0000000180049ec0 f   sfc_debug:sfdb_handle_management.obj
 0001:00049000       sf_debug_hm_initialize_chart 000000018004a000 f   sfc_debug:sfdb_handle_management.obj
 0001:000497b0       sf_debug_hm_terminate      000000018004a7b0 f   sfc_debug:sfdb_handle_management.obj
 0001:00049810       sf_debug_hm_initialize_machine 000000018004a810 f   sfc_debug:sfdb_handle_management.obj
 0001:00049fc0       sf_debug_st_initialize_machine 000000018004afc0 f   sfc_debug:sfdb_data_browse.obj
 0001:0004a080       sf_debug_st_initialize_instance 000000018004b080 f   sfc_debug:sfdb_data_browse.obj
 0001:0004a2b0       sf_debug_st_terminate      000000018004b2b0 f   sfc_debug:sfdb_data_browse.obj
 0001:0004a650       sf_debug_st_set_data_value_ptr_in_machine 000000018004b650 f   sfc_debug:sfdb_data_browse.obj
 0001:0004a6e0       sf_debug_st_set_data_value_ptr_in_instance 000000018004b6e0 f   sfc_debug:sfdb_data_browse.obj
 0001:0004a7c0       sf_debug_st_unset_data_value_ptr_in_machine 000000018004b7c0 f   sfc_debug:sfdb_data_browse.obj
 0001:0004a830       sf_debug_st_unset_data_value_ptr_in_instance 000000018004b830 f   sfc_debug:sfdb_data_browse.obj
 0001:0004ab40       sf_debug_mx_value          000000018004bb40 f   sfc_debug:sfdb_data_browse.obj
 0001:0004aba0       sf_debug_mx_packed_vector  000000018004bba0 f   sfc_debug:sfdb_data_browse.obj
 0001:0004ac80       sf_debug_mx_uint_vector    000000018004bc80 f   sfc_debug:sfdb_data_browse.obj
 0001:0004ad40       sf_debug_st_get_double_value_from_void_ptr_vector 000000018004bd40 f   sfc_debug:sfdb_data_browse.obj
 0001:0004b830       sf_debug_st_browse_data    000000018004c830 f   sfc_debug:sfdb_data_browse.obj
 0001:0004bfd0       sf_debug_ss_initialize     000000018004cfd0 f   sfc_debug:sfdb_symbol_scope.obj
 0001:0004bff0       sf_debug_ss_terminate      000000018004cff0 f   sfc_debug:sfdb_symbol_scope.obj
 0001:0004c080       sf_debug_ss_push_symbol_scope 000000018004d080 f   sfc_debug:sfdb_symbol_scope.obj
 0001:0004c180       sf_debug_ss_push_symbol_scope_eml 000000018004d180 f   sfc_debug:sfdb_symbol_scope.obj
 0001:0004c1e0       sf_debug_ss_pop_symbol_scope 000000018004d1e0 f   sfc_debug:sfdb_symbol_scope.obj
 0001:0004c290       sf_debug_ss_add_symbol     000000018004d290 f   sfc_debug:sfdb_symbol_scope.obj
 0001:0004c3f0       sf_debug_ss_add_symbol_eml 000000018004d3f0 f   sfc_debug:sfdb_symbol_scope.obj
 0001:0004d0d0       sf_debug_ss_set_data_value 000000018004e0d0 f   sfc_debug:sfdb_symbol_scope.obj
 0001:0004d570       sf_debug_ss_watch_data     000000018004e570 f   sfc_debug:sfdb_symbol_scope.obj
 0001:0004d610       sf_debug_ss_assign_data    000000018004e610 f   sfc_debug:sfdb_symbol_scope.obj
 0001:0004e010       get_data_entry_name        000000018004f010 f   sfc_debug:sfdb_symbol_scope.obj
 0001:0004e060       sf_debug_ss_whos           000000018004f060 f   sfc_debug:sfdb_symbol_scope.obj
 0001:0004e770       sf_debug_cc_initialize_chart 000000018004f770 f   sfc_debug:sfdb_coverage.obj
 0001:0004f160       sf_debug_cc_initialize_instance 0000000180050160 f   sfc_debug:sfdb_coverage.obj
 0001:0004ff60       sf_debug_cc_terminate      0000000180050f60 f   sfc_debug:sfdb_coverage.obj
 0001:00050050       sf_debug_cc_set_transition_maps 0000000180051050 f   sfc_debug:sfdb_coverage.obj
 0001:00050180       sf_debug_cc_set_state_maps 0000000180051180 f   sfc_debug:sfdb_coverage.obj
 0001:00050260       sf_debug_cc_set_transition_weights 0000000180051260 f   sfc_debug:sfdb_coverage.obj
 0001:00050530       sf_debug_cc_set_state_weights 0000000180051530 f   sfc_debug:sfdb_coverage.obj
 0001:00050800       sf_debug_cc_mark_transition_guard 0000000180051800 f   sfc_debug:sfdb_coverage.obj
 0001:00050890       sf_debug_cc_mark_transition_trigger 0000000180051890 f   sfc_debug:sfdb_coverage.obj
 0001:00050920       sf_debug_cc_mark_transition_decision 0000000180051920 f   sfc_debug:sfdb_coverage.obj
 0001:00050990       sf_debug_cc_mark_transition_condition_action 0000000180051990 f   sfc_debug:sfdb_coverage.obj
 0001:000509e0       sf_debug_cc_mark_transition_transition_action 00000001800519e0 f   sfc_debug:sfdb_coverage.obj
 0001:00050a30       sf_debug_cc_mark_state_entry 0000000180051a30 f   sfc_debug:sfdb_coverage.obj
 0001:00050a80       sf_debug_cc_mark_state_during 0000000180051a80 f   sfc_debug:sfdb_coverage.obj
 0001:00050ad0       sf_debug_cc_mark_state_exit 0000000180051ad0 f   sfc_debug:sfdb_coverage.obj
 0001:00051310       sf_debug_cc_get_coverage   0000000180052310 f   sfc_debug:sfdb_coverage.obj
 0001:000518b0       sf_debug_bm_clear_script_breakpoints 00000001800528b0 f   sfc_debug:sfdb_breakpoints.obj
 0001:000518e0       sf_debug_bm_set_script_breakpoint 00000001800528e0 f   sfc_debug:sfdb_breakpoints.obj
 0001:00051960       sf_debug_bm_clear_single_script_breakpoint 0000000180052960 f   sfc_debug:sfdb_breakpoints.obj
 0001:000519e0       sf_debug_bm_query_script_breakpoint 00000001800529e0 f   sfc_debug:sfdb_breakpoints.obj
 0001:00051a30       sf_debug_bm_initialize_scripts 0000000180052a30 f   sfc_debug:sfdb_breakpoints.obj
 0001:00052150       sf_debug_bm_terminate      0000000180053150 f   sfc_debug:sfdb_breakpoints.obj
 0001:00052440       sf_debug_bm_remove_all_breakpoints_in_machine 0000000180053440 f   sfc_debug:sfdb_breakpoints.obj
 0001:000524b0       sf_debug_bm_remove_all_breakpoints_in_chart 00000001800534b0 f   sfc_debug:sfdb_breakpoints.obj
 0001:00052600       sf_debug_bm_initialize_global_breakpoints 0000000180053600 f   sfc_debug:sfdb_breakpoints.obj
 0001:00052780       sf_debug_bm_set_breakpoint 0000000180053780 f   sfc_debug:sfdb_breakpoints.obj
 0001:00052db0       sf_debug_bm_set_eml_breakpoint 0000000180053db0 f   sfc_debug:sfdb_breakpoints.obj
 0001:00052e50       sf_debug_bm_initialize_machine_breakpoint_map 0000000180053e50 f   sfc_debug:sfdb_breakpoints.obj
 0001:00053270       sf_debug_bm_is_a_breakpoint 0000000180054270 f   sfc_debug:sfdb_breakpoints.obj
 0001:00053790       sf_debug_bm_get_all_breakpoints_in_machine 0000000180054790 f   sfc_debug:sfdb_breakpoints.obj
 0001:00053a90       sf_debug_bm_get_all_breakpoints_in_chart 0000000180054a90 f   sfc_debug:sfdb_breakpoints.obj
 0001:00054750       sf_debug_bm_initialize_machine 0000000180055750 f   sfc_debug:sfdb_breakpoints.obj
 0001:00054820       sf_debug_bm_initialize_chart 0000000180055820 f   sfc_debug:sfdb_breakpoints.obj
 0001:00054c40       sf_debug_sc_terminate      0000000180055c40 f   sfc_debug:sfdb_state_consistency.obj
 0001:00054f70       sf_debug_sc_is_chart_consistent 0000000180055f70 f   sfc_debug:sfdb_state_consistency.obj
 0001:00055220       sf_debug_sc_get_consistency_error_info 0000000180056220 f   sfc_debug:sfdb_state_consistency.obj
 0001:00055670       sf_debug_tm_terminate      0000000180056670 f   sfc_debug:sfdb_call_stack.obj
 0001:00055730       sf_debug_tm_push_chart_instance 0000000180056730 f   sfc_debug:sfdb_call_stack.obj
 0001:00055880       sf_debug_tm_pop_chart_instance 0000000180056880 f   sfc_debug:sfdb_call_stack.obj
 0001:000558e0       sf_debug_tm_push_trace_node 00000001800568e0 f   sfc_debug:sfdb_call_stack.obj
 0001:00055a70       sf_debug_tm_pop_trace_node 0000000180056a70 f   sfc_debug:sfdb_call_stack.obj
 0001:00055af0       sf_debug_tm_get_current_global_trace_index 0000000180056af0 f   sfc_debug:sfdb_call_stack.obj
 0001:00055b00       sf_debug_tm_get_current_local_trace_index 0000000180056b00 f   sfc_debug:sfdb_call_stack.obj
 0001:00055b30       sf_debug_tm_set_cycle_detected_flag 0000000180056b30 f   sfc_debug:sfdb_call_stack.obj
 0001:00055b70       sf_debug_tm_set_cycle_started_flag 0000000180056b70 f   sfc_debug:sfdb_call_stack.obj
 0001:00055bb0       sf_debug_tm_get_chart_number_from_stack 0000000180056bb0 f   sfc_debug:sfdb_call_stack.obj
 0001:00055db0       sf_debug_tm_browse_trace   0000000180056db0 f   sfc_debug:sfdb_call_stack.obj
 0001:000560f0       sf_debug_cd_initialize_instance 00000001800570f0 f   sfc_debug:sfdb_cycle_detection.obj
 0001:000563a0       sf_debug_cd_mark_processed_transition_in_instance 00000001800573a0 f   sfc_debug:sfdb_cycle_detection.obj
 0001:00056440       sf_debug_cd_checksum_push  0000000180057440 f   sfc_debug:sfdb_cycle_detection.obj
 0001:00056700       sf_debug_cd_checksum_pop   0000000180057700 f   sfc_debug:sfdb_cycle_detection.obj
 0001:00056770       sf_debug_cd_turn_off_cycle_detection 0000000180057770 f   sfc_debug:sfdb_cycle_detection.obj
 0001:000567c0       sf_debug_cd_terminate      00000001800577c0 f   sfc_debug:sfdb_cycle_detection.obj
 0001:00056a00       md5_initialize_state       0000000180057a00 f   sfc_debug:ckmd5.obj
 0001:00057470       md5_update_state           0000000180058470 f   sfc_debug:ckmd5.obj
 0001:00057490       md5_get_hash               0000000180058490 f   sfc_debug:ckmd5.obj
 0001:000574c0       md5_get_hash_for_a_single_string 00000001800584c0 f   sfc_debug:ckmd5.obj
 0001:00057524       mxGetPr                    0000000180058524 f   libmx:libmx.dll
 0001:0005752a       mxCreateDoubleScalar       000000018005852a f   libmx:libmx.dll
 0001:00057530       mxSetField_730             0000000180058530 f   libmx:libmx.dll
 0001:00057536       mxCreateDoubleMatrix_730   0000000180058536 f   libmx:libmx.dll
 0001:0005753c       mxCreateStructMatrix_730   000000018005853c f   libmx:libmx.dll
 0001:00057542       mxDestroyArray             0000000180058542 f   libmx:libmx.dll
 0001:00057548       mxCreateString             0000000180058548 f   libmx:libmx.dll
 0001:0005754e       mxDuplicateArray           000000018005854e f   libmx:libmx.dll
 0001:00057554       mxGetString_730            0000000180058554 f   libmx:libmx.dll
 0001:0005755a       mxIsChar                   000000018005855a f   libmx:libmx.dll
 0001:00057560       mxGetClassID               0000000180058560 f   libmx:libmx.dll
 0001:00057566       mxIsNumeric                0000000180058566 f   libmx:libmx.dll
 0001:0005756c       mxIsComplex                000000018005856c f   libmx:libmx.dll
 0001:00057572       mxGetN                     0000000180058572 f   libmx:libmx.dll
 0001:00057578       mxGetM                     0000000180058578 f   libmx:libmx.dll
 0001:0005757e       mxCalloc                   000000018005857e f   libmx:libmx.dll
 0001:00057584       mxGetScalar                0000000180058584 f   libmx:libmx.dll
 0001:0005758a       mxIsLogical                000000018005858a f   libmx:libmx.dll
 0001:00057590       mxCreateDoubleMatrix_700   0000000180058590 f   libmx:libmx.dll
 0001:00057596       mxFree                     0000000180058596 f   libmx:libmx.dll
 0001:0005759c       mxArrayToString            000000018005859c f   libmx:libmx.dll
 0001:000575a2       mxCreateCellMatrix_700     00000001800585a2 f   libmx:libmx.dll
 0001:000575a8       mxSetCell_700              00000001800585a8 f   libmx:libmx.dll
 0001:000575ae       mxGetCell_700              00000001800585ae f   libmx:libmx.dll
 0001:000575b4       mxGetClassName             00000001800585b4 f   libmx:libmx.dll
 0001:000575ba       mxSetField_700             00000001800585ba f   libmx:libmx.dll
 0001:000575c0       mxAddField                 00000001800585c0 f   libmx:libmx.dll
 0001:000575c6       mxGetField_700             00000001800585c6 f   libmx:libmx.dll
 0001:000575cc       mxGetNumberOfElements      00000001800585cc f   libmx:libmx.dll
 0001:000575d2       mxIsStruct                 00000001800585d2 f   libmx:libmx.dll
 0001:000575d8       mxIsClass                  00000001800585d8 f   libmx:libmx.dll
 0001:000575de       mxGetLogicals              00000001800585de f   libmx:libmx.dll
 0001:000575e4       mxIsSparse                 00000001800585e4 f   libmx:libmx.dll
 0001:000575ea       mxSetFieldByNumber_700     00000001800585ea f   libmx:libmx.dll
 0001:000575f0       mxGetFieldByNumber_700     00000001800585f0 f   libmx:libmx.dll
 0001:000575f6       mxGetFieldNameByNumber     00000001800585f6 f   libmx:libmx.dll
 0001:000575fc       mxGetNumberOfFields        00000001800585fc f   libmx:libmx.dll
 0001:00057602       mxCreateStructMatrix_700   0000000180058602 f   libmx:libmx.dll
 0001:00057608       mxGetFieldNumber           0000000180058608 f   libmx:libmx.dll
 0001:0005760e       mxIsNaN                    000000018005860e f   libmx:libmx.dll
 0001:00057614       mxIsEmpty                  0000000180058614 f   libmx:libmx.dll
 0001:0005761a       mxGetData                  000000018005861a f   libmx:libmx.dll
 0001:00057620       mxGetImagData              0000000180058620 f   libmx:libmx.dll
 0001:00057626       mxArrayClassIDName         0000000180058626 f   libmx:libmx.dll
 0001:0005762c       mxCreateNumericMatrix_700  000000018005862c f   libmx:libmx.dll
 0001:00057632       mxCreateStructArray_700    0000000180058632 f   libmx:libmx.dll
 0001:00057638       mxCalcSingleSubscript_700  0000000180058638 f   libmx:libmx.dll
 0001:0005763e       mxGetDimensions_700        000000018005863e f   libmx:libmx.dll
 0001:00057644       mxGetNumberOfDimensions_700 0000000180058644 f   libmx:libmx.dll
 0001:0005764a       mxCreateNumericArray_700   000000018005864a f   libmx:libmx.dll
 0001:00057650       mxGetElementSize           0000000180058650 f   libmx:libmx.dll
 0001:00057656       mxCreateStringFromNChars_700 0000000180058656 f   libmx:libmx.dll
 0001:0005765c       mxGetString_700            000000018005865c f   libmx:libmx.dll
 0001:00057662       mxIsLogicalScalarTrue      0000000180058662 f   libmx:libmx.dll
 0001:00057668       mxCreateLogicalScalar      0000000180058668 f   libmx:libmx.dll
 0001:0005766e       mexUnlock                  000000018005866e f   libmex:libmex.dll
 0001:00057674       mexIsLocked                0000000180058674 f   libmex:libmex.dll
 0001:0005767a       mexWarnMsgTxt              000000018005867a f   libmex:libmex.dll
 0001:00057680       mexCallMATLAB              0000000180058680 f   libmex:libmex.dll
 0001:00057686       mexErrMsgTxt               0000000180058686 f   libmex:libmex.dll
 0001:0005768c       mexSetTrapFlag             000000018005868c f   libmex:libmex.dll
 0001:00057692       mexMakeArrayPersistent     0000000180058692 f   libmex:libmex.dll
 0001:00057698       mexPutVariable             0000000180058698 f   libmex:libmex.dll
 0001:0005769e       mexGetVariable             000000018005869e f   libmex:libmex.dll
 0001:000576a4       mexLock                    00000001800586a4 f   libmex:libmex.dll
 0001:000576aa       mexMakeMemoryPersistent    00000001800586aa f   libmex:libmex.dll
 0001:000576b0       mexFunctionName            00000001800586b0 f   libmex:libmex.dll
 0001:000576b6       ssRegisterDataTypeFxpFSlopeFixExpBias 00000001800586b6 f   libfixedpoint:libfixedpoint.dll
 0001:000576bc       utVSNprintf                00000001800586bc f   libut:libut.dll
 0001:000576c2       utCPUtime                  00000001800586c2 f   libut:libut.dll
 0001:000576c8       utFree                     00000001800586c8 f   libut:libut.dll
 0001:000576ce       utMalloc                   00000001800586ce f   libut:libut.dll
 0001:000576d4       muDoubleScalarFloor        00000001800586d4 f   libmwmathutil:libmwmathutil.dll
 0001:000576da       muDoubleScalarMax          00000001800586da f   libmwmathutil:libmwmathutil.dll
 0001:000576e0       muDoubleScalarAbs          00000001800586e0 f   libmwmathutil:libmwmathutil.dll
 0001:000576e6       muDoubleScalarMin          00000001800586e6 f   libmwmathutil:libmwmathutil.dll
 0001:000576ec       emlrtCheckBuiltInCtxR2011a 00000001800586ec f   libemlrt:libemlrt.dll
 0001:000576f2       emlrtCheckVsBuiltInCtxR2011a 00000001800586f2 f   libemlrt:libemlrt.dll
 0001:000576f8       emlrtCheckEnumR2009a       00000001800586f8 f   libemlrt:libemlrt.dll
 0001:000576fe       emlrtCreateEnumR2010a      00000001800586fe f   libemlrt:libemlrt.dll
 0001:00057704       emlrtGetEnumElementR2009a  0000000180058704 f   libemlrt:libemlrt.dll
 0001:0005770a       emlrtCreateReference       000000018005870a f   libemlrt:libemlrt.dll
 0001:00057710       emlrtImportVsFiArrayR2009b 0000000180058710 f   libemlrt:libemlrt.dll
 0001:00057716       emlrtExtractMessageId      0000000180058716 f   libemlrt:libemlrt.dll
 0001:0005771c       emlrtTranslateMessageIDtoLCPstring 000000018005871c f   libemlrt:libemlrt.dll
 0001:00057722       emlrtGetEnumUnderlyingArrayR2009a 0000000180058722 f   libemlrt:libemlrt.dll
 0001:00057728       emlrtIsEnumR2009a          0000000180058728 f   libemlrt:libemlrt.dll
 0001:0005772e       memset                     000000018005872e f   MSVCRT:MSVCR100.dll
 0001:00057734       malloc                     0000000180058734 f   MSVCRT:MSVCR100.dll
 0001:0005773a       free                       000000018005873a f   MSVCRT:MSVCR100.dll
 0001:00057740       __GSHandlerCheckCommon     0000000180058740 f   MSVCRT:gshandler.obj
 0001:000577a4       __GSHandlerCheck           00000001800587a4 f   MSVCRT:gshandler.obj
 0001:000577e0       __security_check_cookie    00000001800587e0 f   MSVCRT:amdsecgs.obj
 0001:00057800       strlen                     0000000180058800 f   MSVCRT:MSVCR100.dll
 0001:00057806       strcmp                     0000000180058806 f   MSVCRT:MSVCR100.dll
 0001:0005780c       sprintf                    000000018005880c f   MSVCRT:MSVCR100.dll
 0001:00057812       strcat                     0000000180058812 f   MSVCRT:MSVCR100.dll
 0001:00057818       memcpy                     0000000180058818 f   MSVCRT:MSVCR100.dll
 0001:00057820       NtCurrentTeb               0000000180058820 f i MSVCRT:crtdll.obj
 0001:0005788c       _CRT_INIT                  000000018005888c f   MSVCRT:crtdll.obj
 0001:00057c24       _DllMainCRTStartup         0000000180058c24 f   MSVCRT:crtdll.obj
 0001:00057c62       strncpy                    0000000180058c62 f   MSVCRT:MSVCR100.dll
 0001:00057c80       __chkstk                   0000000180058c80 f   MSVCRT:chkstk.obj
 0001:00057c80       _alloca_probe              0000000180058c80     MSVCRT:chkstk.obj
 0001:00057cce       longjmp                    0000000180058cce f   MSVCRT:MSVCR100.dll
 0001:00057cd4       strncmp                    0000000180058cd4 f   MSVCRT:MSVCR100.dll
 0001:00057cda       ceil                       0000000180058cda f   MSVCRT:MSVCR100.dll
 0001:00057ce0       strrchr                    0000000180058ce0 f   MSVCRT:MSVCR100.dll
 0001:00057ce6       _setjmp                    0000000180058ce6 f   MSVCRT:MSVCR100.dll
 0001:00057cec       calloc                     0000000180058cec f   MSVCRT:MSVCR100.dll
 0001:00057cf2       realloc                    0000000180058cf2 f   MSVCRT:MSVCR100.dll
 0001:00057cf8       ldexp                      0000000180058cf8 f   MSVCRT:MSVCR100.dll
 0001:00057d00       __report_gsfailure         0000000180058d00 f   MSVCRT:gs_report.obj
 0001:00057e4c       __clean_type_info_names    0000000180058e4c f   MSVCRT:tncleanup.obj
 0001:00057e58       _onexit                    0000000180058e58 f   MSVCRT:atonexit.obj
 0001:00057f08       atexit                     0000000180058f08 f   MSVCRT:atonexit.obj
 0001:00057f20       _RTC_Initialize            0000000180058f20 f   MSVCRT:_initsect_.obj
 0001:00057f58       _RTC_Terminate             0000000180058f58 f   MSVCRT:_initsect_.obj
 0001:00057f90       _malloc_crt                0000000180058f90 f   MSVCRT:MSVCR100.dll
 0001:00057fa0       _ValidateImageBase         0000000180058fa0 f   MSVCRT:pesect.obj
 0001:00057fd0       _FindPESection             0000000180058fd0 f   MSVCRT:pesect.obj
 0001:00058020       _IsNonwritableInCurrentImage 0000000180059020 f   MSVCRT:pesect.obj
 0001:00058062       _initterm                  0000000180059062 f   MSVCRT:MSVCR100.dll
 0001:00058068       _initterm_e                0000000180059068 f   MSVCRT:MSVCR100.dll
 0001:0005806e       _encoded_null              000000018005906e f   MSVCRT:MSVCR100.dll
 0001:00058074       _amsg_exit                 0000000180059074 f   MSVCRT:MSVCR100.dll
 0001:0005807a       __C_specific_handler       000000018005907a f   MSVCRT:MSVCR100.dll
 0001:00058080       __CppXcptFilter            0000000180059080 f   MSVCRT:MSVCR100.dll
 0001:00058088       DllMain                    0000000180059088 f   MSVCRT:dllmain.obj
 0001:000580ac       __security_init_cookie     00000001800590ac f   MSVCRT:gs_support.obj
 0001:00058160       __crt_debugger_hook        0000000180059160 f   MSVCRT:MSVCR100.dll
 0001:00058166       __clean_type_info_names_internal 0000000180059166 f   MSVCRT:MSVCR100.dll
 0001:0005816c       _unlock                    000000018005916c f   MSVCRT:MSVCR100.dll
 0001:00058172       __dllonexit                0000000180059172 f   MSVCRT:MSVCR100.dll
 0001:00058178       _lock                      0000000180059178 f   MSVCRT:MSVCR100.dll
 0001:0005817e       EncodePointer              000000018005917e f   kernel32:KERNEL32.dll
 0001:00058184       DecodePointer              0000000180059184 f   kernel32:KERNEL32.dll
 0001:0005818a       Sleep                      000000018005918a f   kernel32:KERNEL32.dll
 0001:00058190       TerminateProcess           0000000180059190 f   kernel32:KERNEL32.dll
 0001:00058196       GetCurrentProcess          0000000180059196 f   kernel32:KERNEL32.dll
 0001:0005819c       UnhandledExceptionFilter   000000018005919c f   kernel32:KERNEL32.dll
 0001:000581a2       SetUnhandledExceptionFilter 00000001800591a2 f   kernel32:KERNEL32.dll
 0001:000581a8       IsDebuggerPresent          00000001800591a8 f   kernel32:KERNEL32.dll
 0001:000581ae       RtlVirtualUnwind           00000001800591ae f   kernel32:KERNEL32.dll
 0001:000581b4       RtlLookupFunctionEntry     00000001800591b4 f   kernel32:KERNEL32.dll
 0001:000581ba       RtlCaptureContext          00000001800591ba f   kernel32:KERNEL32.dll
 0001:000581c0       DisableThreadLibraryCalls  00000001800591c0 f   kernel32:KERNEL32.dll
 0001:000581c6       QueryPerformanceCounter    00000001800591c6 f   kernel32:KERNEL32.dll
 0001:000581cc       GetTickCount               00000001800591cc f   kernel32:KERNEL32.dll
 0001:000581d2       GetCurrentThreadId         00000001800591d2 f   kernel32:KERNEL32.dll
 0001:000581d8       GetCurrentProcessId        00000001800591d8 f   kernel32:KERNEL32.dll
 0001:000581de       GetSystemTimeAsFileTime    00000001800591de f   kernel32:KERNEL32.dll
 0002:00000000       __imp_DisableThreadLibraryCalls 000000018005a000     kernel32:KERNEL32.dll
 0002:00000008       __imp_RtlCaptureContext    000000018005a008     kernel32:KERNEL32.dll
 0002:00000010       __imp_RtlLookupFunctionEntry 000000018005a010     kernel32:KERNEL32.dll
 0002:00000018       __imp_RtlVirtualUnwind     000000018005a018     kernel32:KERNEL32.dll
 0002:00000020       __imp_IsDebuggerPresent    000000018005a020     kernel32:KERNEL32.dll
 0002:00000028       __imp_SetUnhandledExceptionFilter 000000018005a028     kernel32:KERNEL32.dll
 0002:00000030       __imp_UnhandledExceptionFilter 000000018005a030     kernel32:KERNEL32.dll
 0002:00000038       __imp_GetCurrentProcess    000000018005a038     kernel32:KERNEL32.dll
 0002:00000040       __imp_TerminateProcess     000000018005a040     kernel32:KERNEL32.dll
 0002:00000048       __imp_Sleep                000000018005a048     kernel32:KERNEL32.dll
 0002:00000050       __imp_DecodePointer        000000018005a050     kernel32:KERNEL32.dll
 0002:00000058       __imp_EncodePointer        000000018005a058     kernel32:KERNEL32.dll
 0002:00000060       __imp_GetTickCount         000000018005a060     kernel32:KERNEL32.dll
 0002:00000068       __imp_GetCurrentThreadId   000000018005a068     kernel32:KERNEL32.dll
 0002:00000070       __imp_GetCurrentProcessId  000000018005a070     kernel32:KERNEL32.dll
 0002:00000078       __imp_GetSystemTimeAsFileTime 000000018005a078     kernel32:KERNEL32.dll
 0002:00000080       __imp_QueryPerformanceCounter 000000018005a080     kernel32:KERNEL32.dll
 0002:00000088       \177KERNEL32_NULL_THUNK_DATA 000000018005a088     kernel32:KERNEL32.dll
 0002:00000090       __imp_free                 000000018005a090     MSVCRT:MSVCR100.dll
 0002:00000098       __imp__onexit              000000018005a098     MSVCRT:MSVCR100.dll
 0002:000000a0       __imp__lock                000000018005a0a0     MSVCRT:MSVCR100.dll
 0002:000000a8       __imp___dllonexit          000000018005a0a8     MSVCRT:MSVCR100.dll
 0002:000000b0       __imp__unlock              000000018005a0b0     MSVCRT:MSVCR100.dll
 0002:000000b8       __imp___clean_type_info_names_internal 000000018005a0b8     MSVCRT:MSVCR100.dll
 0002:000000c0       __imp___crt_debugger_hook  000000018005a0c0     MSVCRT:MSVCR100.dll
 0002:000000c8       __imp___CppXcptFilter      000000018005a0c8     MSVCRT:MSVCR100.dll
 0002:000000d0       __imp___C_specific_handler 000000018005a0d0     MSVCRT:MSVCR100.dll
 0002:000000d8       __imp__amsg_exit           000000018005a0d8     MSVCRT:MSVCR100.dll
 0002:000000e0       __imp__encoded_null        000000018005a0e0     MSVCRT:MSVCR100.dll
 0002:000000e8       __imp__initterm_e          000000018005a0e8     MSVCRT:MSVCR100.dll
 0002:000000f0       __imp__initterm            000000018005a0f0     MSVCRT:MSVCR100.dll
 0002:000000f8       __imp__malloc_crt          000000018005a0f8     MSVCRT:MSVCR100.dll
 0002:00000100       __imp_ldexp                000000018005a100     MSVCRT:MSVCR100.dll
 0002:00000108       __imp_realloc              000000018005a108     MSVCRT:MSVCR100.dll
 0002:00000110       __imp_calloc               000000018005a110     MSVCRT:MSVCR100.dll
 0002:00000118       __imp__setjmp              000000018005a118     MSVCRT:MSVCR100.dll
 0002:00000120       __imp_strrchr              000000018005a120     MSVCRT:MSVCR100.dll
 0002:00000128       __imp_ceil                 000000018005a128     MSVCRT:MSVCR100.dll
 0002:00000130       __imp_strncmp              000000018005a130     MSVCRT:MSVCR100.dll
 0002:00000138       __imp_longjmp              000000018005a138     MSVCRT:MSVCR100.dll
[...]
 0001:00030770       ml_check_mx_array_for_single_castability 0000000180031770 f   sfc_mex:sfc_mex.obj
 0001:00030810       ml_check_mx_array_for_logical_castability 0000000180031810 f   sfc_mex:sfc_mex.obj
 0001:000308b0       ml_check_mx_array_for_int8_castability 00000001800318b0 f   sfc_mex:sfc_mex.obj
 0001:00030960       ml_check_mx_array_for_uint8_castability 0000000180031960 f   sfc_mex:sfc_mex.obj
 0001:000309c0       ml_check_mx_array_for_int16_castability 00000001800319c0 f   sfc_mex:sfc_mex.obj
 0001:00030a20       ml_check_mx_array_for_uint16_castability 0000000180031a20 f   sfc_mex:sfc_mex.obj
 0001:00030a80       ml_check_mx_array_for_int32_castability 0000000180031a80 f   sfc_mex:sfc_mex.obj
 0001:00030ae0       ml_check_mx_array_for_uint32_castability 0000000180031ae0 f   sfc_mex:sfc_mex.obj
 0001:00030b40       ml_check_mx_array_for_castability 0000000180031b40 f   sfc_mex:sfc_mex.obj
 0001:00031470       set_data_value             0000000180032470 f   sfc_mex:sfc_mex.obj
 0001:000317e0       get_data_value             00000001800327e0 f   sfc_mex:sfc_mex.obj
 0001:000318f0       get_next_element_address   00000001800328f0 f   sfc_mex:sfc_mex.obj
 0001:000319c0       sf_normalize_index         00000001800329c0 f   sfc_mex:sfc_mex.obj
 0001:00031d50       ml_array_index_bound_check 0000000180032d50 f   sfc_mex:sfc_mex.obj
 0001:00032870       mx_value                   0000000180033870 f   sfc_mex:sfc_mex.obj
 0001:000328c0       sf_create_numeric_array    00000001800338c0 f   sfc_mex:sfc_mex.obj
 0001:00032960       sf_mex_assign_to_mx_array  0000000180033960 f   sfc_mex:sfc_mex.obj
 0001:00032cb0       assign_from_mx_array       0000000180033cb0 f   sfc_mex:sfc_mex.obj
 0001:000334e0       sf_mex_import_v            00000001800344e0 f   sfc_mex:sfc_mex.obj
 0001:00033ab0       get_machine_and_chart_file_number 0000000180034ab0 f   sfc_mex:sfc_sf.obj
 0001:00033ba0       get_sfun_block_specialization 0000000180034ba0 f   sfc_mex:sfc_sf.obj
 0001:00033c20       call_sf_machine_global_method_dispatcher 0000000180034c20 f   sfc_mex:sfc_sf.obj
 0001:00033e50       mdl_zeroCrossings_processing 0000000180034e50 f   sfc_mex:sfc_sf.obj
 0001:00033f20       mdl_derivatives_processing 0000000180034f20 f   sfc_mex:sfc_sf.obj
 0001:000341e0       mdl_outputs_continuous_legacy 00000001800351e0 f   sfc_mex:sfc_sf.obj
 0001:00034260       mdl_outputs_processing     0000000180035260 f   sfc_mex:sfc_sf.obj
 0001:00034490       mdl_enable_processing      0000000180035490 f   sfc_mex:sfc_sf.obj
 0001:00034560       mdl_disable_processing     0000000180035560 f   sfc_mex:sfc_sf.obj
 0001:00034eb0       write_symbol_mapping       0000000180035eb0 f   sfc_mex:sfc_sf.obj
 0001:000355d0       sf_call_output_fcn_enable_disable 00000001800365d0 f   sfc_mex:sfc_sf.obj
 0001:00035850       set_dwork_information_from_mx_array 0000000180036850 f   sfc_mex:sfc_sf.obj
 0001:00036140       ptr2mxStruct               0000000180037140 f   sfc_mex:sfc_sf.obj
 0001:00036450       SNPRINTF_WRAPPER           0000000180037450 f   sfc_debug:sfcdebug.obj
 0001:00036470       sf_debug_chart_instance_initialized_quick 0000000180037470 f   sfc_debug:sfcdebug.obj
 0001:00036480       sf_debug_chart_instance_initialized 0000000180037480 f   sfc_debug:sfcdebug.obj
 0001:00036620       sfrtAddSize                0000000180037620 f   sfc_debug:sfcdebug.obj
 0001:000366e0       sfrtGenSizeString          00000001800376e0 f   sfc_debug:sfcdebug.obj
 0001:00036df0       sf_debug_sim_status_listener 0000000180037df0 f   sfc_debug:sfcdebug.obj
 0001:00037360       sf_debug_form_mask_bits    0000000180038360 f   sfc_debug:sfcdebug.obj
 0001:000373a0       sf_debug_form_sf_data_type_offsets 00000001800383a0 f   sfc_debug:sfcdebug.obj
 0001:00037460       sf_debug_free_all          0000000180038460 f   sfc_debug:sfcdebug.obj
 0001:000375e0       sf_debug_append_debugger_context 00000001800385e0 f   sfc_debug:sfcdebug.obj
 0001:000378a0       local_strdup               00000001800388a0 f   sfc_debug:sfcdebug.obj
 0001:00038780       sf_debug_em_terminate      0000000180039780 f   sfc_debug:sfcdebug.obj
 0001:000387c0       sf_debug_push_eml_function 00000001800397c0 f   sfc_debug:sfcdebug.obj
 0001:00038860       sf_debug_pop_eml_function  0000000180039860 f   sfc_debug:sfcdebug.obj
 0001:00039560       sf_debug_get_machine_number_from_id_or_name 000000018003a560 f   sfc_debug:sfcdebug.obj
 0001:000396b0       sf_debug_get_chart_number_from_id 000000018003a6b0 f   sfc_debug:sfcdebug.obj
 0001:0003a320       sf_debug_transfer_control_to_debugger_GUI 000000018003b320 f   sfc_debug:sfcdebug.obj
 0001:0003b2c0       sf_debug_scripts_rehash    000000018003c2c0 f   sfc_debug:sfcdebug.obj
 0001:0003b500       sf_debug_get_script_line_count 000000018003c500 f   sfc_debug:sfcdebug.obj
 0001:0003bc10       cv_eml_state_cvId          000000018003cc10 f   sfc_debug:sfcdebug.obj
 0001:0003ce30       sf_debug_data_array_bounds_error 000000018003de30 f   sfc_debug:sfcdebug.obj
 0001:0003d260       eml_debug_runtime_error_doclink 000000018003e260 f   sfc_debug:sfcdebug.obj
 0001:0003d3e0       sf_debug_runtime_error     000000018003e3e0 f   sfc_debug:sfcdebug.obj
 0001:0003d450       sf_debug_matlab_error      000000018003e450 f   sfc_debug:sfcdebug.obj
 0001:0003dd00       sf_debug_data_value_error  000000018003ed00 f   sfc_debug:sfcdebug.obj
 0001:0003e600       sf_debug_data_loss_error   000000018003f600 f   sfc_debug:sfcdebug.obj
 0001:0003f260       call_cv_range_check        0000000180040260 f   sfc_debug:sfcdebug.obj
 0001:0003fa30       sf_debug_invoke_cycle_detection_code 0000000180040a30 f   sfc_debug:sfcdebug.obj
 0001:000408a0       sf_reset_debug_info_struct 00000001800418a0 f   sfc_debug:sfcdebug.obj
 0001:00041190       cv_script_cvId             0000000180042190 f   sfc_debug:sfcdebug.obj
 0001:00041f80       sfc_api_chart_visible      0000000180042f80 f   sfc_debug:sfc_api.obj
 0001:00042000       sfc_api_active_instance    0000000180043000 f   sfc_debug:sfc_api.obj
 0001:00042080       sfc_api_machine_load       0000000180043080 f   sfc_debug:sfc_api.obj
 0001:00042150       sfc_api_debugger_alive     0000000180043150 f   sfc_debug:sfc_api.obj
 0001:00042160       sfc_api_go                 0000000180043160 f   sfc_debug:sfc_api.obj
 0001:00042170       sfc_api_step_over          0000000180043170 f   sfc_debug:sfc_api.obj
 0001:00042180       sfc_api_step_out           0000000180043180 f   sfc_debug:sfc_api.obj
 0001:00042190       sfc_api_resume             0000000180043190 f   sfc_debug:sfc_api.obj
 0001:000421a0       sfc_api_break              00000001800431a0 f   sfc_debug:sfc_api.obj
 0001:000421b0       sfc_api_stop_debugging     00000001800431b0 f   sfc_debug:sfc_api.obj
 0001:00042200       sfc_api_is_cycle_detected  0000000180043200 f   sfc_debug:sfc_api.obj
 0001:00042250       sfc_api_is_array_bounds_detected 0000000180043250 f   sfc_debug:sfc_api.obj
 0001:000422a0       sfc_api_set_disable_all_breakpoints 00000001800432a0 f   sfc_debug:sfc_api.obj
 0001:00042310       sfc_api_disable_all_breakpoints_and_go 0000000180043310 f   sfc_debug:sfc_api.obj
 0001:00042320       sfc_api_close              0000000180043320 f   sfc_debug:sfc_api.obj
 0001:00042330       sfc_api_browse_data        0000000180043330 f   sfc_debug:sfc_api.obj
 0001:000423a0       sfc_api_watch_data         00000001800433a0 f   sfc_debug:sfc_api.obj
 0001:00042440       sfc_api_assign_data        0000000180043440 f   sfc_debug:sfc_api.obj
 0001:000424e0       sfc_api_whos               00000001800434e0 f   sfc_debug:sfc_api.obj
 0001:00042570       sfc_api_get_consistency_info 0000000180043570 f   sfc_debug:sfc_api.obj
 0001:00042580       sfc_api_browse_trace       0000000180043580 f   sfc_debug:sfc_api.obj
 0001:00042590       sfc_api_break_on_chart_entry 0000000180043590 f   sfc_debug:sfc_api.obj
 0001:000425b0       sfc_api_break_on_event_broadcast 00000001800435b0 f   sfc_debug:sfc_api.obj
 0001:000425d0       sfc_api_break_on_state_entry 00000001800435d0 f   sfc_debug:sfc_api.obj
 0001:000425f0       sfc_api_set_watch          00000001800435f0 f   sfc_debug:sfc_api.obj
 0001:00042690       sfc_api_set_breakpoints    0000000180043690 f   sfc_debug:sfc_api.obj
 0001:00042730       sfc_api_set_eml_breakpoints 0000000180043730 f   sfc_debug:sfc_api.obj
 0001:000427b0       sfc_api_set_script_breakpoints 00000001800437b0 f   sfc_debug:sfc_api.obj
 0001:00042800       sfc_api_add_script_breakpoints 0000000180043800 f   sfc_debug:sfc_api.obj
 0001:00042850       sfc_api_clear_script_breakpoints 0000000180043850 f   sfc_debug:sfc_api.obj
 0001:000428a0       sfc_api_query_script_breakpoints 00000001800438a0 f   sfc_debug:sfc_api.obj
 0001:00042900       sfc_api_get_script_id      0000000180043900 f   sfc_debug:sfc_api.obj
 0001:000429c0       sfc_api_get_active_states  00000001800439c0 f   sfc_debug:sfc_api.obj
 0001:00042a40       sfc_api_break_between_times 0000000180043a40 f   sfc_debug:sfc_api.obj
 0001:00042aa0       sfc_api_get_instance_handle 0000000180043aa0 f   sfc_debug:sfc_api.obj
 0001:00042b50       sfc_api_get_coverage       0000000180043b50 f   sfc_debug:sfc_api.obj
 0001:00042bd0       sfc_api_set_animation      0000000180043bd0 f   sfc_debug:sfc_api.obj
 0001:00042c20       sfc_api_select_chart       0000000180043c20 f   sfc_debug:sfc_api.obj
 0001:00042c80       sfc_api_select_charts      0000000180043c80 f   sfc_debug:sfc_api.obj
 0001:00042cb0       sfc_api_cycle_detection_check 0000000180043cb0 f   sfc_debug:sfc_api.obj
 0001:00042d00       sfc_api_data_range_check   0000000180043d00 f   sfc_debug:sfc_api.obj
 0001:00042d50       sfc_api_transition_conflict_check 0000000180043d50 f   sfc_debug:sfc_api.obj
 0001:00042da0       sfc_api_state_consistency_check 0000000180043da0 f   sfc_debug:sfc_api.obj
 0001:00042df0       sfc_api_set_instance_cv_ids 0000000180043df0 f   sfc_debug:sfc_api.obj
 0001:00042f00       sfc_api_set_script_cv_ids  0000000180043f00 f   sfc_debug:sfc_api.obj
 0001:00042fa0       sfc_api_get_current_machine_id 0000000180043fa0 f   sfc_debug:sfc_api.obj
 0001:00042fd0       sfc_api_get_current_machine_number 0000000180043fd0 f   sfc_debug:sfc_api.obj
 0001:00043000       sfc_api_get_current_chart_number 0000000180044000 f   sfc_debug:sfc_api.obj
 0001:00043030       sfc_api_get_current_instance_number 0000000180044030 f   sfc_debug:sfc_api.obj
 0001:00043060       sfc_api_get_current_instance_handle 0000000180044060 f   sfc_debug:sfc_api.obj
 0001:00043080       sfc_api_get_current_is_minor_time_step 0000000180044080 f   sfc_debug:sfc_api.obj
 0001:000430b0       sfc_api_get_current_machine_name 00000001800440b0 f   sfc_debug:sfc_api.obj
 0001:000430d0       sfc_api_get_current_chart_id 00000001800440d0 f   sfc_debug:sfc_api.obj
 0001:00043100       sfc_api_get_current_object_type 0000000180044100 f   sfc_debug:sfc_api.obj
 0001:00043130       sfc_api_get_current_event_type 0000000180044130 f   sfc_debug:sfc_api.obj
 0001:00043160       sfc_api_get_current_object_id 0000000180044160 f   sfc_debug:sfc_api.obj
 0001:00043190       sfc_get_current_active_event_type 0000000180044190 f   sfc_debug:sfc_api.obj
 0001:000431c0       sfc_api_get_current_active_event_id 00000001800441c0 f   sfc_debug:sfc_api.obj
 0001:000431f0       sfc_api_get_current_simulation_time 00000001800441f0 f   sfc_debug:sfc_api.obj
 0001:00043210       sfc_get_current_tag_type   0000000180044210 f   sfc_debug:sfc_api.obj
 0001:00043240       sfc_get_current_coverage_percentage 0000000180044240 f   sfc_debug:sfc_api.obj
 0001:00043260       sfc_get_current_statement_context 0000000180044260 f   sfc_debug:sfc_api.obj
 0001:00043280       sfc_get_current_optional_integer 0000000180044280 f   sfc_debug:sfc_api.obj
 0001:000432b0       sfc_get_current_statement_info 00000001800442b0 f   sfc_debug:sfc_api.obj
 0001:00043350       sfc_api_get                0000000180044350 f   sfc_debug:sfc_api.obj
 0001:000434b0       sf_debug_sm_is_using_unified_editors 00000001800444b0 f   sfc_debug:sfdb_animation.obj
 0001:00043550       sf_debug_sm_is_chart_visible_in_unified_editors 0000000180044550 f   sfc_debug:sfdb_animation.obj
 0001:00043610       sf_debug_sm_check_if_chart_is_visible 0000000180044610 f   sfc_debug:sfdb_animation.obj
 0001:00044110       sf_debug_sm_fill_state_activity_data 0000000180045110 f   sfc_debug:sfdb_animation.obj
 0001:00046700       sf_debug_hm_get_simulink_handle 0000000180047700 f   sfc_debug:sfdb_handle_management.obj
 0001:00047250       sf_debug_hm_initialize_globals 0000000180048250 f   sfc_debug:sfdb_handle_management.obj
 0001:00047350       sf_debug_hm_get_machine_debug_flag 0000000180048350 f   sfc_debug:sfdb_handle_management.obj
 0001:000474c0       sf_debug_hm_get_machine_id 00000001800484c0 f   sfc_debug:sfdb_handle_management.obj
 0001:000475e0       sf_debug_hm_get_chart_id   00000001800485e0 f   sfc_debug:sfdb_handle_management.obj
 0001:00047780       sf_debug_hm_register_executing_SFunction 0000000180048780 f   sfc_debug:sfdb_handle_management.obj
 0001:00047920       sf_debug_hm_get_chart_active_instance 0000000180048920 f   sfc_debug:sfdb_handle_management.obj
 0001:00047a90       sf_debug_hm_get_chart_visibility 0000000180048a90 f   sfc_debug:sfdb_handle_management.obj
 0001:00047be0       sf_debug_hm_form_object_boolean_properties 0000000180048be0 f   sfc_debug:sfdb_handle_management.obj
 0001:00047eb0       sf_debug_hm_form_object_properties 0000000180048eb0 f   sfc_debug:sfdb_handle_management.obj
 0001:000480f0       sf_debug_hm_terminate_charts 00000001800490f0 f   sfc_debug:sfdb_handle_management.obj
 0001:00048860       sf_debug_hm_terminate_machines 0000000180049860 f   sfc_debug:sfdb_handle_management.obj
 0001:0004a180       void_ptr_stack_vector_free_total 000000018004b180 f   sfc_debug:sfdb_data_browse.obj
 0001:0004a210       sf_debug_st_terminate_machine 000000018004b210 f   sfc_debug:sfdb_data_browse.obj
 0001:0004a250       sf_debug_st_terminate_instance 000000018004b250 f   sfc_debug:sfdb_data_browse.obj
 0001:0004a600       push_on_to_void_ptr_stack  000000018004b600 f   sfc_debug:sfdb_data_browse.obj
 0001:0004a790       pop_from_void_ptr_stack    000000018004b790 f   sfc_debug:sfdb_data_browse.obj
 0001:0004a8c0       sf_debug_st_get_data_value 000000018004b8c0 f   sfc_debug:sfdb_data_browse.obj
 0001:0004ae50       mx_value                   000000018004be50 f   sfc_debug:sfdb_data_browse.obj
 0001:0004ae90       sf_debug_st_fill_data_struct 000000018004be90 f   sfc_debug:sfdb_data_browse.obj
 0001:0004b1d0       data_type_format_strings   000000018004c1d0 f   sfc_debug:sfdb_data_browse.obj
 0001:0004b280       sf_debug_st_fill_data      000000018004c280 f   sfc_debug:sfdb_data_browse.obj
 0001:0004c4c0       sf_debug_ss_copy_dimension 000000018004d4c0 f   sfc_debug:sfdb_symbol_scope.obj
 0001:0004c580       sf_debug_ss_get_number_elements 000000018004d580 f   sfc_debug:sfdb_symbol_scope.obj
 0001:0004c5a0       sf_debug_ss_fill_data_struct 000000018004d5a0 f   sfc_debug:sfdb_symbol_scope.obj
 0001:0004c8f0       sf_debug_ss_reset_data_info 000000018004d8f0 f   sfc_debug:sfdb_symbol_scope.obj
 0001:0004c950       sf_debug_fill_data_info_by_symbol_scope_entry 000000018004d950 f   sfc_debug:sfdb_symbol_scope.obj
 0001:0004ca10       sf_debug_fill_data_info_by_data_vector 000000018004da10 f   sfc_debug:sfdb_symbol_scope.obj
 0001:0004cc60       sf_debug_ss_get_data_info  000000018004dc60 f   sfc_debug:sfdb_symbol_scope.obj
 0001:0004cf50       sf_debug_select_mex_function 000000018004df50 f   sfc_debug:sfdb_symbol_scope.obj
 0001:0004cf80       sf_debug_is_dyn_matrix_initialized 000000018004df80 f   sfc_debug:sfdb_symbol_scope.obj
 0001:0004cfa0       sf_debug_ss_set_data_value_try 000000018004dfa0 f   sfc_debug:sfdb_symbol_scope.obj
 0001:0004d170       sf_debug_ss_get_data_value 000000018004e170 f   sfc_debug:sfdb_symbol_scope.obj
 0001:0004d6c0       sf_debug_ss_data_bytes_string 000000018004e6c0 f   sfc_debug:sfdb_symbol_scope.obj
 0001:0004d770       sf_debug_ss_data_class_string 000000018004e770 f   sfc_debug:sfdb_symbol_scope.obj
 0001:0004db00       sf_debug_ss_data_size_string 000000018004eb00 f   sfc_debug:sfdb_symbol_scope.obj
 0001:0004dbe0       sf_debug_ss_data_create_data_info_struct 000000018004ebe0 f   sfc_debug:sfdb_symbol_scope.obj
 0001:0004deb0       sf_debug_ss_data_create_name_value_pair 000000018004eeb0 f   sfc_debug:sfdb_symbol_scope.obj
 0001:0004df50       sf_debug_ss_data_get_whos_info 000000018004ef50 f   sfc_debug:sfdb_symbol_scope.obj
 0001:0004df60       same_named_data_in_data_array 000000018004ef60 f   sfc_debug:sfdb_symbol_scope.obj
 0001:0004f7d0       sf_debug_cc_terminate_chart 00000001800507d0 f   sfc_debug:sfdb_coverage.obj
 0001:0004fb70       sf_debug_cc_terminate_instance 0000000180050b70 f   sfc_debug:sfdb_coverage.obj
 0001:00050760       sf_debug_cc_mark_object_if_needed 0000000180051760 f   sfc_debug:sfdb_coverage.obj
 0001:00050b20       sf_debug_cc_fill_transition_coverage_data 0000000180051b20 f   sfc_debug:sfdb_coverage.obj
 0001:00050cb0       sf_debug_cc_fill_transition_coverage_map 0000000180051cb0 f   sfc_debug:sfdb_coverage.obj
 0001:00050f60       sf_debug_cc_fill_state_coverage_map 0000000180051f60 f   sfc_debug:sfdb_coverage.obj
 0001:000511b0       sf_debug_cc_fill_state_coverage_data 00000001800521b0 f   sfc_debug:sfdb_coverage.obj
 0001:00051df0       sf_debug_bm_initialize_eml 0000000180052df0 f   sfc_debug:sfdb_breakpoints.obj
 0001:00052f60       sf_debug_bm_map_debug_tag_to_breakpoint_tag 0000000180053f60 f   sfc_debug:sfdb_breakpoints.obj
 0001:00053040       sf_debug_bm_is_a_eml_breakpoint_impl 0000000180054040 f   sfc_debug:sfdb_breakpoints.obj
 0001:00054ac0       sf_debug_sc_push_on_error_stack 0000000180055ac0 f   sfc_debug:sfdb_state_consistency.obj
 0001:00054bf0       sf_debug_sc_reset_error_stack 0000000180055bf0 f   sfc_debug:sfdb_state_consistency.obj
 0001:00054d80       sf_debug_sc_is_state_inconsistent 0000000180055d80 f   sfc_debug:sfdb_state_consistency.obj
 0001:00055080       sf_debug_sc_fill_consistency_info 0000000180056080 f   sfc_debug:sfdb_state_consistency.obj
 0001:00055660       void_assertion_fcn         0000000180056660 f   sfc_debug:sfdb_call_stack.obj
 0001:00055be0       sf_debug_tm_fill_local_trace 0000000180056be0 f   sfc_debug:sfdb_call_stack.obj
 0001:000561b0       sf_debug_cd_terminate_instance 00000001800571b0 f   sfc_debug:sfdb_cycle_detection.obj
 0001:00056210       sf_debug_cd_free_checksum_stack 0000000180057210 f   sfc_debug:sfdb_cycle_detection.obj
 0001:00056260       sf_debug_cd_reset_pack_strings 0000000180057260 f   sfc_debug:sfdb_cycle_detection.obj
 0001:00056920       md5file_clear              0000000180057920 f   sfc_debug:ckmd5.obj
 0001:00056950       Encode                     0000000180057950 f   sfc_debug:ckmd5.obj
 0001:000569a0       Decode                     00000001800579a0 f   sfc_debug:ckmd5.obj
 0001:00056a40       MD5Transform               0000000180057a40 f   sfc_debug:ckmd5.obj
 0001:00057290       md5file_addn               0000000180058290 f   sfc_debug:ckmd5.obj
 0001:00057360       md5file_hash               0000000180058360 f   sfc_debug:ckmd5.obj
 0001:0005782c       pre_c_init                 000000018005882c f   MSVCRT:crtdll.obj
 0001:00057ae8       __DllMainCRTStartup        0000000180058ae8 f   MSVCRT:crtdll.obj
 0001:000581f0       __DllMainCRTStartup$filt$0 00000001800591f0 f   MSVCRT:crtdll.obj
 0001:00058220       __DllMainCRTStartup$fin$1  0000000180059220 f   MSVCRT:crtdll.obj
 0001:0005823a       _onexit$fin$0              000000018005923a f   MSVCRT:atonexit.obj
 0001:00058260       _IsNonwritableInCurrentImage$filt$0 0000000180059260 f   MSVCRT:pesect.obj
